17:47:07 Pipeline v12 — Bug-Fixed Single Run
  C:\Users\Administrator\Documents\GitHub\Genotox_model\genotox_pipeline_v3\runs\20260504_174707_v12
17:47:07 STEP 1: Load + Clean
17:47:07   [ames] n=14771 pos=0.2843
17:47:07   [invitro] n=1656 pos=0.1051
17:47:07   [invivo] n=2199 pos=0.0350
17:47:07   [invitro_sampling] n=348 pos=0.5000
17:47:07   [invivo_sampling] n=231 pos=0.3333
17:47:10   ⚠ Domain predictor acc: 0.7611
17:47:16   [ames] 14771 → 13560 (conflicts=169)
17:47:17   [invitro] 1656 → 1619 (conflicts=3)
17:47:17   [invivo] 2199 → 2153 (conflicts=2)
17:47:18   [invitro_sampling] 348 → 345 (conflicts=0)
17:47:18   [invivo_sampling] 231 → 231 (conflicts=0)
17:47:18 STEP 2: Preprocessing Flags
17:47:19     Classified 2000/13560 compounds...
17:47:21     Classified 4000/13560 compounds...
17:47:22     Classified 6000/13560 compounds...
17:47:24     Classified 8000/13560 compounds...
17:47:25     Classified 10000/13560 compounds...
17:47:27     Classified 12000/13560 compounds...
17:47:31     Classified 2000/2153 compounds...
17:47:31 STEP 3: Fixed Split
17:47:37   [ames] train=10848 test=2712 pos_diff=0.0136
17:47:38   [invitro] train=1295 test=324 pos_diff=0.0246
17:47:39   [invivo] train=1722 test=431 pos_diff=0.0087
17:47:39   [invitro_sampling] train=276 test=69 pos_diff=0.1304
17:47:39   [invivo_sampling] train=184 test=47 pos_diff=0.0979
17:47:39 STEP 4: Scenario Selection (Train CV)
17:47:51   [ames] FG features: 618 columns (smi_col=_analysis_smiles)
17:47:55   [ames] Physchem features: 13 columns
17:48:03   [ames/raw_all] CV_MCC=0.6410±0.0512
17:48:14   [ames] FG features: 618 columns (smi_col=_analysis_smiles)
17:48:18   [ames] Physchem features: 13 columns
17:48:26   [ames/no_metal] CV_MCC=0.6288±0.0616
17:48:26   salt_stripped: 6062/13560 SMILES changed
17:48:38   [ames] FG features: 618 columns (smi_col=_analysis_smiles)
17:48:41   [ames] Physchem features: 13 columns
17:48:50   [ames/salt_stripped] CV_MCC=0.6410±0.0526
17:48:50   [ames] ★ Best: raw_all (CV=0.6410)
17:48:51   [invitro] FG features: 618 columns (smi_col=_analysis_smiles)
17:48:52   [invitro] Physchem features: 13 columns
17:48:56   [invitro/raw_all] CV_MCC=0.1667±0.1034
17:48:57   [invitro] FG features: 618 columns (smi_col=_analysis_smiles)
17:48:58   [invitro] Physchem features: 13 columns
17:49:02   [invitro/no_metal] CV_MCC=0.2032±0.1252
17:49:02   salt_stripped: 1317/1619 SMILES changed
17:49:03   [invitro] FG features: 618 columns (smi_col=_analysis_smiles)
17:49:03   [invitro] Physchem features: 13 columns
17:49:08   [invitro/salt_stripped] CV_MCC=0.0913±0.0894
17:49:08   [invitro] ★ Best: no_metal (CV=0.2032)
17:49:09   [invivo] FG features: 618 columns (smi_col=_analysis_smiles)
17:49:10   [invivo] Physchem features: 13 columns
17:49:15   [invivo/raw_all] CV_MCC=0.0794±0.1164
17:49:16   [invivo] FG features: 618 columns (smi_col=_analysis_smiles)
17:49:16   [invivo] Physchem features: 13 columns
17:49:21   [invivo/no_metal] CV_MCC=0.0921±0.1570
17:49:21   salt_stripped: 1785/2153 SMILES changed
17:49:23   [invivo] FG features: 618 columns (smi_col=_analysis_smiles)
17:49:23   [invivo] Physchem features: 13 columns
17:49:28   [invivo/salt_stripped] CV_MCC=0.0884±0.1147
17:49:28   [invivo] ★ Best: no_metal (CV=0.0921)
17:49:28   [invitro_sampling] FG features: 618 columns (smi_col=_analysis_smiles)
17:49:29   [invitro_sampling] Physchem features: 13 columns
17:49:31   [invitro_sampling/raw_all] CV_MCC=0.2991±0.1333
17:49:31   [invitro_sampling] FG features: 618 columns (smi_col=_analysis_smiles)
17:49:31   [invitro_sampling] Physchem features: 13 columns
17:49:33   [invitro_sampling/no_metal] CV_MCC=0.4223±0.1155
17:49:33   salt_stripped: 309/345 SMILES changed
17:49:34   [invitro_sampling] FG features: 618 columns (smi_col=_analysis_smiles)
17:49:34   [invitro_sampling] Physchem features: 13 columns
17:49:36   [invitro_sampling/salt_stripped] CV_MCC=0.2351±0.1524
17:49:36   [invitro_sampling] ★ Best: no_metal (CV=0.4223)
17:49:36   [invivo_sampling] FG features: 618 columns (smi_col=_analysis_smiles)
17:49:36   [invivo_sampling] Physchem features: 13 columns
17:49:38   [invivo_sampling/raw_all] CV_MCC=0.4017±0.1884
17:49:38   [invivo_sampling] FG features: 618 columns (smi_col=_analysis_smiles)
17:49:38   [invivo_sampling] Physchem features: 13 columns
17:49:40   [invivo_sampling/no_metal] CV_MCC=0.2577±0.1887
17:49:40   salt_stripped: 208/231 SMILES changed
17:49:40   [invivo_sampling] FG features: 618 columns (smi_col=_analysis_smiles)
17:49:40   [invivo_sampling] Physchem features: 13 columns
17:49:42   [invivo_sampling/salt_stripped] CV_MCC=0.3232±0.1811
17:49:42   [invivo_sampling] ★ Best: raw_all (CV=0.4017)
17:49:42 STEP 5: Locked Test (all combos)
17:49:42   [ames] Pre-computing features...
17:49:59   [ames] FG features: 618 columns (smi_col=_analysis_smiles)
17:50:04   [ames] Physchem features: 13 columns
