18:21:46 Pipeline v11 — Clean Single Run
  C:\Users\Administrator\Documents\GitHub\Genotox_model\genotox_pipeline_v2\runs\20260325_182146_v11
18:21:46 STEP 1: Load + Clean
18:21:46   Looking for: C:\Users\Administrator\Documents\GitHub\Genotox_model\genotox_pipeline_v2\data\ames.csv
18:21:46   [ames] n=14771 pos=0.2843
18:21:46   Looking for: C:\Users\Administrator\Documents\GitHub\Genotox_model\genotox_pipeline_v2\data\invitro.csv
18:21:46   [invitro] n=1656 pos=0.1051
18:21:46   Looking for: C:\Users\Administrator\Documents\GitHub\Genotox_model\genotox_pipeline_v2\data\invivo.csv
18:21:46   [invivo] n=2199 pos=0.0350
18:21:46   Looking for: C:\Users\Administrator\Documents\GitHub\Genotox_model\genotox_pipeline_v2\data\invitro_sampling.csv
18:21:46   [invitro_sampling] n=348 pos=0.5000
18:21:46   Looking for: C:\Users\Administrator\Documents\GitHub\Genotox_model\genotox_pipeline_v2\data\invivo_sampling.csv
18:21:46   [invivo_sampling] n=231 pos=0.3333
18:21:49   ⚠ Domain predictor acc: 0.7611
18:21:56   [ames] 14771 → 13560 (conflicts=169)
18:21:57   [invitro] 1656 → 1619 (conflicts=3)
18:21:58   [invivo] 2199 → 2153 (conflicts=2)
18:21:58   [invitro_sampling] 348 → 345 (conflicts=0)
18:21:58   [invivo_sampling] 231 → 231 (conflicts=0)
18:21:58 STEP 2: Preprocessing Flags
18:22:00     Classified 2000/13560 compounds...
18:22:02     Classified 4000/13560 compounds...
18:22:04     Classified 6000/13560 compounds...
18:22:06     Classified 8000/13560 compounds...
18:22:07     Classified 10000/13560 compounds...
18:22:09     Classified 12000/13560 compounds...
18:22:14     Classified 2000/2153 compounds...
18:22:14 STEP 3: Fixed Split
18:22:22   [ames] train=10848 test=2712 pos_diff=0.0136
18:22:22   [invitro] train=1295 test=324 pos_diff=0.0246
18:22:23   [invivo] train=1722 test=431 pos_diff=0.0087
18:22:23   [invitro_sampling] train=276 test=69 pos_diff=0.1304
18:22:24   [invivo_sampling] train=184 test=47 pos_diff=0.0979
18:22:24 STEP 4: Scenario Selection (Train CV)
18:22:37   [ames] FG features: 618 columns
18:22:41   [ames] Physchem features: 13 columns
18:22:45   [ames/raw_all] CV_MCC=0.6387±0.0476 unique_folds=5
18:22:57   [ames] FG features: 618 columns
18:23:01   [ames] Physchem features: 13 columns
18:23:05   [ames/no_metal] CV_MCC=0.6204±0.0630 unique_folds=5
18:23:19   [ames] FG features: 618 columns
18:23:23   [ames] Physchem features: 13 columns
18:23:27   [ames/salt_stripped] CV_MCC=0.6357±0.0535 unique_folds=5
18:23:27   [ames] ★ Best: raw_all (CV=0.6387)
18:23:28   [invitro] FG features: 618 columns
18:23:29   [invitro] Physchem features: 13 columns
18:23:31   [invitro/raw_all] CV_MCC=0.1389±0.0992 unique_folds=5
18:23:32   [invitro] FG features: 618 columns
18:23:33   [invitro] Physchem features: 13 columns
18:23:35   [invitro/no_metal] CV_MCC=0.2058±0.1270 unique_folds=5
18:23:36   [invitro] FG features: 618 columns
18:23:37   [invitro] Physchem features: 13 columns
18:23:39   [invitro/salt_stripped] CV_MCC=0.1157±0.0828 unique_folds=5
18:23:39   [invitro] ★ Best: no_metal (CV=0.2058)
18:23:41   [invivo] FG features: 618 columns
18:23:42   [invivo] Physchem features: 13 columns
18:23:44   [invivo/raw_all] CV_MCC=0.0677±0.1013 unique_folds=5
18:23:46   [invivo] FG features: 618 columns
18:23:46   [invivo] Physchem features: 13 columns
18:23:48   [invivo/no_metal] CV_MCC=0.0588±0.1214 unique_folds=5
18:23:50   [invivo] FG features: 618 columns
18:23:51   [invivo] Physchem features: 13 columns
18:23:53   [invivo/salt_stripped] CV_MCC=0.0763±0.1130 unique_folds=5
18:23:53   [invivo] ★ Best: salt_stripped (CV=0.0763)
18:23:54   [invitro_sampling] FG features: 618 columns
18:23:54   [invitro_sampling] Physchem features: 13 columns
18:23:55   [invitro_sampling/raw_all] CV_MCC=0.3020±0.1330 unique_folds=5
18:23:56   [invitro_sampling] FG features: 618 columns
18:23:56   [invitro_sampling] Physchem features: 13 columns
18:23:57   [invitro_sampling/no_metal] CV_MCC=0.4203±0.1203 unique_folds=5
18:23:57   [invitro_sampling] FG features: 618 columns
18:23:58   [invitro_sampling] Physchem features: 13 columns
18:23:59   [invitro_sampling/salt_stripped] CV_MCC=0.1578±0.1754 unique_folds=5
18:23:59   [invitro_sampling] ★ Best: no_metal (CV=0.4203)
18:23:59   [invivo_sampling] FG features: 618 columns
18:24:00   [invivo_sampling] Physchem features: 13 columns
18:24:01   [invivo_sampling/raw_all] CV_MCC=0.4019±0.1729 unique_folds=5
18:24:01   [invivo_sampling] FG features: 618 columns
18:24:01   [invivo_sampling] Physchem features: 13 columns
18:24:02   [invivo_sampling/no_metal] CV_MCC=0.2594±0.1921 unique_folds=5
18:24:02   [invivo_sampling] FG features: 618 columns
18:24:02   [invivo_sampling] Physchem features: 13 columns
18:24:04   [invivo_sampling/salt_stripped] CV_MCC=0.3191±0.2064 unique_folds=5
18:24:04   [invivo_sampling] ★ Best: raw_all (CV=0.4019)
18:24:04 STEP 5: Locked Test (72 tabular + 3 GNN per ep)
18:24:04   [ames] Pre-computing features...
18:24:21   [ames] FG features: 618 columns
18:24:27   [ames] Physchem features: 13 columns
18:24:31   [ames] Fingerprint: 256 bits
18:24:31     fp256: 394 features (compact=138 + fp=256)
18:24:34   [ames] Fingerprint: 512 bits
18:24:34     fp512: 650 features (compact=138 + fp=512)
18:24:37   [ames] Fingerprint: 1024 bits
18:24:37     fp1024: 1162 features (compact=138 + fp=1024)
18:24:40   [ames] Fingerprint: 2048 bits
18:24:40     fp2048: 2186 features (compact=138 + fp=2048)
18:25:00   ames_raw_all_compact_xgb: MCC=0.4700 [0.4330,0.5023] t=0.48 AD=0.35 HP=0.5046 ★
18:25:13   ames_raw_all_compact_lgbm: MCC=0.4794 [0.4400,0.5107] t=0.56 AD=0.35 HP=0.4809
18:25:20   ames_raw_all_compact_rf: MCC=0.4921 [0.4510,0.5270] t=0.58 AD=0.35 HP=0.5287
18:27:32   ames_raw_all_compact_svm: MCC=0.4707 [0.4270,0.5093] t=0.36 AD=0.35 HP=0.4619
18:27:56   ames_raw_all_compact_logistic: MCC=0.4297 [0.3943,0.4612] t=0.64 AD=0.35 HP=0.4277
18:27:56     ⚠ WARNING: test-CV gap=0.209 — possible split luck or CV instability
18:28:11   ames_raw_all_compact_ann: MCC=0.4890 [0.4481,0.5282] t=0.34 AD=0.35 HP=0.4878
18:28:22   ames_raw_all_broad_fp512_xgb: MCC=0.5481 [0.5090,0.5846] t=0.46 AD=0.35 HP=0.5904
18:28:38   ames_raw_all_broad_fp512_lgbm: MCC=0.5654 [0.5278,0.6009] t=0.46 AD=0.35 HP=0.5577
18:28:54   ames_raw_all_broad_fp512_rf: MCC=0.5177 [0.4773,0.5530] t=0.52 AD=0.35 HP=0.5659
18:50:22   ames_raw_all_broad_fp512_svm: MCC=0.5327 [0.4950,0.5719] t=0.26 AD=0.35 HP=0.5349
18:53:13   ames_raw_all_broad_fp512_logistic: MCC=0.4869 [0.4498,0.5215] t=0.62 AD=0.35 HP=0.4803
18:53:37   ames_raw_all_broad_fp512_ann: MCC=0.5205 [0.4803,0.5540] t=0.36 AD=0.35 HP=0.5178
18:53:54   ames_raw_all_broad_fp1024_xgb: MCC=0.5539 [0.5153,0.5853] t=0.52 AD=0.35 HP=0.5699
18:54:13   ames_raw_all_broad_fp1024_lgbm: MCC=0.5451 [0.5028,0.5798] t=0.52 AD=0.35 HP=0.563
18:54:50   ames_raw_all_broad_fp1024_rf: MCC=0.5100 [0.4715,0.5467] t=0.5 AD=0.35 HP=0.5663
19:36:08   ames_raw_all_broad_fp1024_svm: MCC=0.4761 [0.4377,0.5142] t=0.24 AD=0.35 HP=0.477
19:41:50   ames_raw_all_broad_fp1024_logistic: MCC=0.4712 [0.4380,0.5125] t=0.68 AD=0.35 HP=0.502
19:44:26   ames_raw_all_broad_fp1024_ann: MCC=0.4966 [0.4540,0.5313] t=0.44 AD=0.35 HP=0.5462
19:44:54   ames_raw_all_broad_fp2048_xgb: MCC=0.5407 [0.4988,0.5771] t=0.58 AD=0.35 HP=0.5567
19:45:16   ames_raw_all_broad_fp2048_lgbm: MCC=0.5373 [0.4921,0.5719] t=0.58 AD=0.35 HP=0.5468
19:46:54   ames_raw_all_broad_fp2048_rf: MCC=0.4994 [0.4615,0.5338] t=0.5 AD=0.35 HP=0.5568
21:13:13   ames_raw_all_broad_fp2048_svm: MCC=0.4311 [0.3945,0.4679] t=0.22 AD=0.35 HP=0.4317
21:13:13     ⚠ WARNING: test-CV gap=0.208 — possible split luck or CV instability
21:26:01   ames_raw_all_broad_fp2048_logistic: MCC=0.4209 [0.3790,0.4553] t=0.88 AD=0.35 HP=0.5175
21:26:01     ⚠ WARNING: test-CV gap=0.218 — possible split luck or CV instability
21:32:10   ames_raw_all_broad_fp2048_ann: MCC=0.5385 [0.5036,0.5759] t=0.38 AD=0.35 HP=0.5151
02:04:26     GNN HP tuning failed: Object of type int32 is not JSON serializable
02:04:26   ames_raw_all_graph_gnn: MCC=0.3267 [0.2837,0.3623] AD=0.35 HP=None
02:04:26     ⚠ WARNING: test-CV gap=0.312 — possible split luck or CV instability
02:04:46   ames_no_metal_compact_xgb: MCC=0.4098 [0.3786,0.4422] t=0.52 AD=0.35 HP=0.4456
02:04:46     ⚠ WARNING: test-CV gap=0.211 — possible split luck or CV instability
02:04:58   ames_no_metal_compact_lgbm: MCC=0.4006 [0.3690,0.4370] t=0.56 AD=0.35 HP=0.4188
02:04:58     ⚠ WARNING: test-CV gap=0.220 — possible split luck or CV instability
02:05:05   ames_no_metal_compact_rf: MCC=0.4594 [0.4226,0.4976] t=0.52 AD=0.35 HP=0.5134
02:06:45   ames_no_metal_compact_svm: MCC=0.4334 [0.3969,0.4692] t=0.38 AD=0.35 HP=0.4343
02:07:40   ames_no_metal_compact_logistic: MCC=0.3960 [0.3615,0.4261] t=0.44 AD=0.35 HP=0.4
02:07:40     ⚠ WARNING: test-CV gap=0.224 — possible split luck or CV instability
02:07:53   ames_no_metal_compact_ann: MCC=0.4389 [0.3978,0.4759] t=0.4 AD=0.35 HP=0.404
02:08:03   ames_no_metal_broad_fp512_xgb: MCC=0.5121 [0.4763,0.5448] t=0.52 AD=0.35 HP=0.5552
02:08:18   ames_no_metal_broad_fp512_lgbm: MCC=0.5300 [0.5003,0.5605] t=0.4 AD=0.35 HP=0.5053
02:08:33   ames_no_metal_broad_fp512_rf: MCC=0.5010 [0.4634,0.5351] t=0.5 AD=0.35 HP=0.5443
02:26:25   ames_no_metal_broad_fp512_svm: MCC=0.5372 [0.5048,0.5722] t=0.24 AD=0.35 HP=0.539
02:28:47   ames_no_metal_broad_fp512_logistic: MCC=0.4672 [0.4348,0.4994] t=0.6 AD=0.35 HP=0.4833
02:29:16   ames_no_metal_broad_fp512_ann: MCC=0.5074 [0.4708,0.5452] t=0.32 AD=0.35 HP=0.4959
02:29:32   ames_no_metal_broad_fp1024_xgb: MCC=0.5359 [0.5030,0.5737] t=0.46 AD=0.35 HP=0.5582
02:29:49   ames_no_metal_broad_fp1024_lgbm: MCC=0.5119 [0.4769,0.5545] t=0.48 AD=0.35 HP=0.5237
02:30:18   ames_no_metal_broad_fp1024_rf: MCC=0.4884 [0.4545,0.5246] t=0.48 AD=0.35 HP=0.5395
03:02:53   ames_no_metal_broad_fp1024_svm: MCC=0.4747 [0.4409,0.5100] t=0.24 AD=0.35 HP=0.4756
03:08:03   ames_no_metal_broad_fp1024_logistic: MCC=0.4483 [0.4072,0.4867] t=0.6 AD=0.35 HP=0.4936
03:10:15   ames_no_metal_broad_fp1024_ann: MCC=0.4690 [0.4356,0.5058] t=0.22 AD=0.35 HP=0.4695
03:10:41   ames_no_metal_broad_fp2048_xgb: MCC=0.5206 [0.4888,0.5562] t=0.44 AD=0.35 HP=0.53
03:11:01   ames_no_metal_broad_fp2048_lgbm: MCC=0.5196 [0.4855,0.5541] t=0.44 AD=0.35 HP=0.502
03:12:20   ames_no_metal_broad_fp2048_rf: MCC=0.4891 [0.4544,0.5238] t=0.52 AD=0.35 HP=0.537
04:18:29   ames_no_metal_broad_fp2048_svm: MCC=0.4345 [0.4020,0.4720] t=0.26 AD=0.35 HP=0.4354
04:30:12   ames_no_metal_broad_fp2048_logistic: MCC=0.4087 [0.3675,0.4419] t=0.62 AD=0.35 HP=0.5094
04:30:12     ⚠ WARNING: test-CV gap=0.212 — possible split luck or CV instability
04:36:04   ames_no_metal_broad_fp2048_ann: MCC=0.4828 [0.4428,0.5180] t=0.3 AD=0.35 HP=0.4749
08:53:19     GNN HP tuning failed: Object of type int32 is not JSON serializable
08:53:19   ames_no_metal_graph_gnn: MCC=0.3374 [0.2975,0.3721] AD=0.35 HP=None
08:53:19     ⚠ WARNING: test-CV gap=0.283 — possible split luck or CV instability
08:53:48   ames_salt_stripped_compact_xgb: MCC=0.4700 [0.4330,0.5023] t=0.48 AD=0.35 HP=0.5046
08:54:00   ames_salt_stripped_compact_lgbm: MCC=0.4794 [0.4400,0.5107] t=0.56 AD=0.35 HP=0.4809
08:54:08   ames_salt_stripped_compact_rf: MCC=0.4921 [0.4510,0.5270] t=0.58 AD=0.35 HP=0.5287
08:56:38   ames_salt_stripped_compact_svm: MCC=0.4707 [0.4270,0.5093] t=0.36 AD=0.35 HP=0.4619
08:57:02   ames_salt_stripped_compact_logistic: MCC=0.4297 [0.3943,0.4612] t=0.64 AD=0.35 HP=0.4277
08:57:02     ⚠ WARNING: test-CV gap=0.206 — possible split luck or CV instability
08:57:16   ames_salt_stripped_compact_ann: MCC=0.4890 [0.4481,0.5282] t=0.34 AD=0.35 HP=0.4878
08:57:26   ames_salt_stripped_broad_fp512_xgb: MCC=0.5481 [0.5090,0.5846] t=0.46 AD=0.35 HP=0.5904
08:57:43   ames_salt_stripped_broad_fp512_lgbm: MCC=0.5654 [0.5278,0.6009] t=0.46 AD=0.35 HP=0.5577
08:58:00   ames_salt_stripped_broad_fp512_rf: MCC=0.5177 [0.4773,0.5530] t=0.52 AD=0.35 HP=0.5659
09:20:29   ames_salt_stripped_broad_fp512_svm: MCC=0.5327 [0.4950,0.5719] t=0.26 AD=0.35 HP=0.5349
09:23:18   ames_salt_stripped_broad_fp512_logistic: MCC=0.4869 [0.4498,0.5215] t=0.62 AD=0.35 HP=0.4803
09:23:43   ames_salt_stripped_broad_fp512_ann: MCC=0.5205 [0.4803,0.5540] t=0.36 AD=0.35 HP=0.5178
09:24:01   ames_salt_stripped_broad_fp1024_xgb: MCC=0.5539 [0.5153,0.5853] t=0.52 AD=0.35 HP=0.5699
09:24:20   ames_salt_stripped_broad_fp1024_lgbm: MCC=0.5451 [0.5028,0.5798] t=0.52 AD=0.35 HP=0.563
09:24:59   ames_salt_stripped_broad_fp1024_rf: MCC=0.5100 [0.4715,0.5467] t=0.5 AD=0.35 HP=0.5663
10:05:47   ames_salt_stripped_broad_fp1024_svm: MCC=0.4761 [0.4377,0.5142] t=0.24 AD=0.35 HP=0.477
10:11:08   ames_salt_stripped_broad_fp1024_logistic: MCC=0.4712 [0.4380,0.5125] t=0.68 AD=0.35 HP=0.502
10:13:47   ames_salt_stripped_broad_fp1024_ann: MCC=0.4966 [0.4540,0.5313] t=0.44 AD=0.35 HP=0.5462
10:14:15   ames_salt_stripped_broad_fp2048_xgb: MCC=0.5407 [0.4988,0.5771] t=0.58 AD=0.35 HP=0.5567
10:14:37   ames_salt_stripped_broad_fp2048_lgbm: MCC=0.5373 [0.4921,0.5719] t=0.58 AD=0.35 HP=0.5468
10:16:20   ames_salt_stripped_broad_fp2048_rf: MCC=0.4994 [0.4615,0.5338] t=0.5 AD=0.35 HP=0.5568
11:44:06   ames_salt_stripped_broad_fp2048_svm: MCC=0.4311 [0.3945,0.4679] t=0.22 AD=0.35 HP=0.4317
11:44:06     ⚠ WARNING: test-CV gap=0.205 — possible split luck or CV instability
11:56:42   ames_salt_stripped_broad_fp2048_logistic: MCC=0.4209 [0.3790,0.4553] t=0.88 AD=0.35 HP=0.5175
11:56:42     ⚠ WARNING: test-CV gap=0.215 — possible split luck or CV instability
12:02:53   ames_salt_stripped_broad_fp2048_ann: MCC=0.5385 [0.5036,0.5759] t=0.38 AD=0.35 HP=0.5151
16:41:30     GNN HP tuning failed: Object of type int32 is not JSON serializable
16:41:30   ames_salt_stripped_graph_gnn: MCC=0.3267 [0.2837,0.3623] AD=0.35 HP=None
16:41:30     ⚠ WARNING: test-CV gap=0.309 — possible split luck or CV instability
16:41:30   [invitro] Pre-computing features...
16:41:32   [invitro] FG features: 618 columns
16:41:33   [invitro] Physchem features: 13 columns
16:41:33   [invitro] Fingerprint: 256 bits
16:41:33     fp256: 394 features (compact=138 + fp=256)
16:41:33   [invitro] Fingerprint: 512 bits
16:41:33     fp512: 650 features (compact=138 + fp=512)
16:41:34   [invitro] Fingerprint: 1024 bits
16:41:34     fp1024: 1162 features (compact=138 + fp=1024)
16:41:34   [invitro] Fingerprint: 2048 bits
16:41:34     fp2048: 2186 features (compact=138 + fp=2048)
16:41:48   invitro_raw_all_compact_xgb: MCC=0.1180 [-0.0159,0.2665] t=0.22 AD=0.32 HP=0.2145
16:41:55   invitro_raw_all_compact_lgbm: MCC=0.1302 [-0.0204,0.2712] t=0.4 AD=0.32 HP=0.1451
16:41:58   invitro_raw_all_compact_rf: MCC=-0.0100 [-0.0792,0.0838] t=0.26 AD=0.32 HP=0.0617
16:42:01   invitro_raw_all_compact_svm: MCC=0.0000 [0.0000,0.0000] t=0.14 AD=0.32 HP=0.0
16:42:06   invitro_raw_all_compact_logistic: MCC=0.1261 [0.0211,0.2215] t=0.62 AD=0.32 HP=0.1585
16:42:07   invitro_raw_all_compact_ann: MCC=0.0000 [0.0000,0.0000] t=0.14 AD=0.32 HP=0.043
16:42:10   invitro_raw_all_broad_fp512_xgb: MCC=0.1111 [-0.0041,0.2375] t=0.3 AD=0.32 HP=0.1212
16:42:17   invitro_raw_all_broad_fp512_lgbm: MCC=0.1765 [0.0216,0.3252] t=0.18 AD=0.32 HP=0.1859
16:42:20   invitro_raw_all_broad_fp512_rf: MCC=-0.0430 [-0.0964,0.0535] t=0.38 AD=0.32 HP=0.0007
16:42:27   invitro_raw_all_broad_fp512_svm: MCC=0.0000 [0.0000,0.0000] t=0.14 AD=0.32 HP=0.0
16:43:03   invitro_raw_all_broad_fp512_logistic: MCC=0.0690 [-0.0458,0.1787] t=0.72 AD=0.32 HP=0.0575
16:43:06   invitro_raw_all_broad_fp512_ann: MCC=0.0000 [0.0000,0.0000] t=0.24 AD=0.32 HP=-0.0185
16:43:10   invitro_raw_all_broad_fp1024_xgb: MCC=0.0793 [-0.0288,0.2022] t=0.46 AD=0.32 HP=0.1846
16:43:16   invitro_raw_all_broad_fp1024_lgbm: MCC=0.3038 [0.1209,0.4520] t=0.54 AD=0.32 HP=0.1083
16:43:20   invitro_raw_all_broad_fp1024_rf: MCC=0.1418 [0.0016,0.2766] t=0.36 AD=0.32 HP=0.0507
16:43:37   invitro_raw_all_broad_fp1024_svm: MCC=0.0000 [0.0000,0.0000] t=0.3 AD=0.32 HP=0.0
16:44:25   invitro_raw_all_broad_fp1024_logistic: MCC=0.0438 [-0.0658,0.1672] t=0.54 AD=0.32 HP=0.0491
16:44:36   invitro_raw_all_broad_fp1024_ann: MCC=0.0149 [-0.0631,0.1474] t=0.14 AD=0.32 HP=-0.0607
16:44:42   invitro_raw_all_broad_fp2048_xgb: MCC=0.1146 [-0.0022,0.2695] t=0.36 AD=0.32 HP=0.151
16:44:49   invitro_raw_all_broad_fp2048_lgbm: MCC=0.1688 [0.0110,0.3237] t=0.28 AD=0.32 HP=0.0693
16:44:54   invitro_raw_all_broad_fp2048_rf: MCC=0.0781 [-0.0539,0.2058] t=0.4 AD=0.32 HP=0.0877
16:45:47   invitro_raw_all_broad_fp2048_svm: MCC=0.0000 [0.0000,0.0000] t=0.12 AD=0.32 HP=0.0
16:47:16   invitro_raw_all_broad_fp2048_logistic: MCC=0.0370 [-0.0635,0.1535] t=0.16 AD=0.32 HP=0.0023
16:47:47   invitro_raw_all_broad_fp2048_ann: MCC=-0.0045 [-0.0679,0.1129] t=0.3 AD=0.32 HP=0.1217
17:17:51     GNN HP tuning failed: Object of type int32 is not JSON serializable
17:17:51   invitro_raw_all_graph_gnn: MCC=0.0000 [0.0000,0.0000] AD=0.32 HP=None
17:18:05   invitro_no_metal_compact_xgb: MCC=0.1082 [-0.0248,0.2694] t=0.84 AD=0.30 HP=0.2363 ★
17:18:11   invitro_no_metal_compact_lgbm: MCC=0.0722 [-0.0518,0.2278] t=0.58 AD=0.30 HP=0.2362
17:18:14   invitro_no_metal_compact_rf: MCC=-0.0076 [-0.0805,0.1281] t=0.18 AD=0.30 HP=0.1038
17:18:14     ⚠ WARNING: test-CV gap=0.213 — possible split luck or CV instability
17:18:16   invitro_no_metal_compact_svm: MCC=0.0000 [0.0000,0.0000] t=0.1 AD=0.30 HP=0.0
17:18:16     ⚠ WARNING: test-CV gap=0.206 — possible split luck or CV instability
17:18:20   invitro_no_metal_compact_logistic: MCC=0.2144 [0.1154,0.3300] t=0.5 AD=0.30 HP=0.1721
17:18:22   invitro_no_metal_compact_ann: MCC=0.0000 [0.0000,0.0000] t=0.4 AD=0.30 HP=0.2229
17:18:22     ⚠ WARNING: test-CV gap=0.206 — possible split luck or CV instability
17:18:24   invitro_no_metal_broad_fp512_xgb: MCC=0.1593 [0.0186,0.3169] t=0.5 AD=0.30 HP=0.1747
17:18:30   invitro_no_metal_broad_fp512_lgbm: MCC=0.2543 [0.0582,0.4160] t=0.58 AD=0.30 HP=0.1348
17:18:34   invitro_no_metal_broad_fp512_rf: MCC=-0.0242 [-0.0902,0.0982] t=0.24 AD=0.30 HP=0.0953
17:18:34     ⚠ WARNING: test-CV gap=0.230 — possible split luck or CV instability
17:18:41   invitro_no_metal_broad_fp512_svm: MCC=0.0000 [0.0000,0.0000] t=0.12 AD=0.30 HP=0.0
17:18:41     ⚠ WARNING: test-CV gap=0.206 — possible split luck or CV instability
17:19:07   invitro_no_metal_broad_fp512_logistic: MCC=0.0964 [-0.0303,0.2317] t=0.2 AD=0.30 HP=0.0762
17:19:10   invitro_no_metal_broad_fp512_ann: MCC=0.1212 [-0.0418,0.3268] t=0.18 AD=0.30 HP=0.106
17:19:14   invitro_no_metal_broad_fp1024_xgb: MCC=0.1206 [-0.0288,0.2716] t=0.12 AD=0.30 HP=0.2144
17:19:19   invitro_no_metal_broad_fp1024_lgbm: MCC=0.3436 [0.1956,0.4951] t=0.32 AD=0.30 HP=0.1868
17:19:23   invitro_no_metal_broad_fp1024_rf: MCC=0.0076 [-0.0963,0.1183] t=0.46 AD=0.30 HP=0.1543
17:19:32   invitro_no_metal_broad_fp1024_svm: MCC=0.0000 [0.0000,0.0000] t=0.1 AD=0.30 HP=0.0
17:19:32     ⚠ WARNING: test-CV gap=0.206 — possible split luck or CV instability
17:20:16   invitro_no_metal_broad_fp1024_logistic: MCC=0.1542 [0.0046,0.2706] t=0.1 AD=0.30 HP=0.0329
17:20:26   invitro_no_metal_broad_fp1024_ann: MCC=0.0397 [-0.0577,0.2048] t=0.2 AD=0.30 HP=0.118
17:20:31   invitro_no_metal_broad_fp2048_xgb: MCC=0.1507 [0.0144,0.2999] t=0.5 AD=0.30 HP=0.1561
17:20:37   invitro_no_metal_broad_fp2048_lgbm: MCC=0.2947 [0.1048,0.4653] t=0.26 AD=0.30 HP=0.1593
17:20:41   invitro_no_metal_broad_fp2048_rf: MCC=-0.0212 [-0.1099,0.1010] t=0.32 AD=0.30 HP=0.0953
17:20:41     ⚠ WARNING: test-CV gap=0.227 — possible split luck or CV instability
17:21:13   invitro_no_metal_broad_fp2048_svm: MCC=0.0000 [0.0000,0.0000] t=0.16 AD=0.30 HP=0.0
17:21:13     ⚠ WARNING: test-CV gap=0.206 — possible split luck or CV instability
17:22:26   invitro_no_metal_broad_fp2048_logistic: MCC=-0.0404 [-0.1467,0.0925] t=0.68 AD=0.30 HP=0.0193
17:22:26     ⚠ WARNING: test-CV gap=0.246 — possible split luck or CV instability
17:22:50   invitro_no_metal_broad_fp2048_ann: MCC=-0.0193 [-0.0841,0.1031] t=0.18 AD=0.30 HP=0.0127
17:22:50     ⚠ WARNING: test-CV gap=0.225 — possible split luck or CV instability
17:44:37     GNN HP tuning failed: Object of type int32 is not JSON serializable
17:44:37   invitro_no_metal_graph_gnn: MCC=0.0000 [0.0000,0.0000] AD=0.30 HP=None
17:44:37     ⚠ WARNING: test-CV gap=0.206 — possible split luck or CV instability
17:44:51   invitro_salt_stripped_compact_xgb: MCC=0.1180 [-0.0159,0.2665] t=0.22 AD=0.32 HP=0.2145
17:44:57   invitro_salt_stripped_compact_lgbm: MCC=0.1302 [-0.0204,0.2712] t=0.4 AD=0.32 HP=0.1451
17:45:01   invitro_salt_stripped_compact_rf: MCC=-0.0100 [-0.0792,0.0838] t=0.26 AD=0.32 HP=0.0617
17:45:03   invitro_salt_stripped_compact_svm: MCC=0.0000 [0.0000,0.0000] t=0.14 AD=0.32 HP=0.0
17:45:09   invitro_salt_stripped_compact_logistic: MCC=0.1261 [0.0211,0.2215] t=0.62 AD=0.32 HP=0.1585
17:45:10   invitro_salt_stripped_compact_ann: MCC=0.0000 [0.0000,0.0000] t=0.14 AD=0.32 HP=0.043
17:45:13   invitro_salt_stripped_broad_fp512_xgb: MCC=0.1111 [-0.0041,0.2375] t=0.3 AD=0.32 HP=0.1212
17:45:19   invitro_salt_stripped_broad_fp512_lgbm: MCC=0.1765 [0.0216,0.3252] t=0.18 AD=0.32 HP=0.1859
17:45:23   invitro_salt_stripped_broad_fp512_rf: MCC=-0.0430 [-0.0964,0.0535] t=0.38 AD=0.32 HP=0.0007
17:45:33   invitro_salt_stripped_broad_fp512_svm: MCC=0.0000 [0.0000,0.0000] t=0.14 AD=0.32 HP=0.0
17:46:08   invitro_salt_stripped_broad_fp512_logistic: MCC=0.0690 [-0.0458,0.1787] t=0.72 AD=0.32 HP=0.0575
17:46:12   invitro_salt_stripped_broad_fp512_ann: MCC=0.0000 [0.0000,0.0000] t=0.24 AD=0.32 HP=-0.0185
17:46:15   invitro_salt_stripped_broad_fp1024_xgb: MCC=0.0793 [-0.0288,0.2022] t=0.46 AD=0.32 HP=0.1846
17:46:22   invitro_salt_stripped_broad_fp1024_lgbm: MCC=0.3038 [0.1209,0.4520] t=0.54 AD=0.32 HP=0.1083
17:46:26   invitro_salt_stripped_broad_fp1024_rf: MCC=0.1418 [0.0016,0.2766] t=0.36 AD=0.32 HP=0.0507
17:46:48   invitro_salt_stripped_broad_fp1024_svm: MCC=0.0000 [0.0000,0.0000] t=0.3 AD=0.32 HP=0.0
17:47:34   invitro_salt_stripped_broad_fp1024_logistic: MCC=0.0438 [-0.0658,0.1672] t=0.54 AD=0.32 HP=0.0491
17:47:46   invitro_salt_stripped_broad_fp1024_ann: MCC=0.0149 [-0.0631,0.1474] t=0.14 AD=0.32 HP=-0.0607
17:47:51   invitro_salt_stripped_broad_fp2048_xgb: MCC=0.1146 [-0.0022,0.2695] t=0.36 AD=0.32 HP=0.151
17:47:58   invitro_salt_stripped_broad_fp2048_lgbm: MCC=0.1688 [0.0110,0.3237] t=0.28 AD=0.32 HP=0.0693
17:48:03   invitro_salt_stripped_broad_fp2048_rf: MCC=0.0781 [-0.0539,0.2058] t=0.4 AD=0.32 HP=0.0877
17:48:55   invitro_salt_stripped_broad_fp2048_svm: MCC=0.0000 [0.0000,0.0000] t=0.12 AD=0.32 HP=0.0
17:50:31   invitro_salt_stripped_broad_fp2048_logistic: MCC=0.0370 [-0.0635,0.1535] t=0.16 AD=0.32 HP=0.0023
17:51:01   invitro_salt_stripped_broad_fp2048_ann: MCC=-0.0045 [-0.0679,0.1129] t=0.3 AD=0.32 HP=0.1217
18:20:54     GNN HP tuning failed: Object of type int32 is not JSON serializable
18:20:54   invitro_salt_stripped_graph_gnn: MCC=0.0000 [0.0000,0.0000] AD=0.32 HP=None
18:20:54   [invivo] Pre-computing features...
18:20:57   [invivo] FG features: 618 columns
18:20:58   [invivo] Physchem features: 13 columns
18:20:58   [invivo] Fingerprint: 256 bits
18:20:58     fp256: 394 features (compact=138 + fp=256)
18:20:59   [invivo] Fingerprint: 512 bits
18:20:59     fp512: 650 features (compact=138 + fp=512)
18:20:59   [invivo] Fingerprint: 1024 bits
18:20:59     fp1024: 1162 features (compact=138 + fp=1024)
18:21:00   [invivo] Fingerprint: 2048 bits
18:21:00     fp2048: 2186 features (compact=138 + fp=2048)
18:21:20   invivo_raw_all_compact_xgb: MCC=0.0755 [-0.0297,0.2796] t=0.88 AD=0.41 HP=0.1218
18:21:20     ⚠ CAUTION: only ~12 positives in test set — interpret as exploratory
18:21:26   invivo_raw_all_compact_lgbm: MCC=-0.0193 [-0.0286,-0.0103] t=0.74 AD=0.41 HP=-0.0201
18:21:26     ⚠ CAUTION: only ~12 positives in test set — interpret as exploratory
18:21:31   invivo_raw_all_compact_rf: MCC=0.0000 [0.0000,0.0000] t=0.58 AD=0.41 HP=0.0
18:21:31     ⚠ CAUTION: only ~12 positives in test set — interpret as exploratory
18:21:33   invivo_raw_all_compact_svm: MCC=0.0000 [0.0000,0.0000] t=0.1 AD=0.41 HP=0.0
18:21:33     ⚠ CAUTION: only ~12 positives in test set — interpret as exploratory
18:21:43   invivo_raw_all_compact_logistic: MCC=0.1868 [0.0787,0.2949] t=0.7 AD=0.41 HP=0.1942
18:21:43     ⚠ CAUTION: only ~12 positives in test set — interpret as exploratory
18:21:45   invivo_raw_all_compact_ann: MCC=0.0000 [0.0000,0.0000] t=0.4 AD=0.41 HP=-0.0082
18:21:45     ⚠ CAUTION: only ~12 positives in test set — interpret as exploratory
18:21:48   invivo_raw_all_broad_fp512_xgb: MCC=0.1041 [-0.0220,0.3341] t=0.56 AD=0.41 HP=0.196
18:21:48     ⚠ CAUTION: only ~12 positives in test set — interpret as exploratory
18:21:55   invivo_raw_all_broad_fp512_lgbm: MCC=0.1212 [-0.0191,0.4035] t=0.84 AD=0.41 HP=0.196
18:21:55     ⚠ CAUTION: only ~12 positives in test set — interpret as exploratory
18:21:59   invivo_raw_all_broad_fp512_rf: MCC=0.0000 [0.0000,0.0000] t=0.1 AD=0.41 HP=0.196
18:21:59     ⚠ CAUTION: only ~12 positives in test set — interpret as exploratory
18:22:09   invivo_raw_all_broad_fp512_svm: MCC=0.0000 [0.0000,0.0000] t=0.14 AD=0.41 HP=0.0
18:22:09     ⚠ CAUTION: only ~12 positives in test set — interpret as exploratory
18:22:57   invivo_raw_all_broad_fp512_logistic: MCC=0.1688 [0.0101,0.3393] t=0.44 AD=0.41 HP=0.3156
18:22:57     ⚠ CAUTION: only ~12 positives in test set — interpret as exploratory
18:23:01   invivo_raw_all_broad_fp512_ann: MCC=0.0000 [0.0000,0.0000] t=0.62 AD=0.41 HP=-0.0082
18:23:01     ⚠ CAUTION: only ~12 positives in test set — interpret as exploratory
18:23:06   invivo_raw_all_broad_fp1024_xgb: MCC=0.0945 [-0.0243,0.3251] t=0.76 AD=0.41 HP=0.1307
18:23:06     ⚠ CAUTION: only ~12 positives in test set — interpret as exploratory
18:23:12   invivo_raw_all_broad_fp1024_lgbm: MCC=-0.0155 [-0.0236,-0.0066] t=0.86 AD=0.41 HP=0.0551
18:23:12     ⚠ CAUTION: only ~12 positives in test set — interpret as exploratory
18:23:17   invivo_raw_all_broad_fp1024_rf: MCC=-0.0061 [-0.0151,0.0000] t=0.12 AD=0.41 HP=0.196
18:23:17     ⚠ CAUTION: only ~12 positives in test set — interpret as exploratory
18:23:42   invivo_raw_all_broad_fp1024_svm: MCC=0.0000 [0.0000,0.0000] t=0.1 AD=0.41 HP=0.0
18:23:42     ⚠ CAUTION: only ~12 positives in test set — interpret as exploratory
18:25:08   invivo_raw_all_broad_fp1024_logistic: MCC=0.0123 [-0.0492,0.1349] t=0.46 AD=0.41 HP=0.1597
18:25:08     ⚠ CAUTION: only ~12 positives in test set — interpret as exploratory
18:25:23   invivo_raw_all_broad_fp1024_ann: MCC=0.0000 [0.0000,0.0000] t=0.2 AD=0.41 HP=0.0
18:25:23     ⚠ CAUTION: only ~12 positives in test set — interpret as exploratory
18:25:32   invivo_raw_all_broad_fp2048_xgb: MCC=0.1752 [-0.0210,0.4548] t=0.86 AD=0.41 HP=0.1307
18:25:32     ⚠ CAUTION: only ~12 positives in test set — interpret as exploratory
18:25:38   invivo_raw_all_broad_fp2048_lgbm: MCC=-0.0191 [-0.0285,-0.0094] t=0.88 AD=0.41 HP=0.0898
18:25:38     ⚠ CAUTION: only ~12 positives in test set — interpret as exploratory
18:25:43   invivo_raw_all_broad_fp2048_rf: MCC=0.0000 [0.0000,0.0000] t=0.16 AD=0.41 HP=0.196
18:25:43     ⚠ CAUTION: only ~12 positives in test set — interpret as exploratory
18:27:00   invivo_raw_all_broad_fp2048_svm: MCC=0.0000 [0.0000,0.0000] t=0.18 AD=0.41 HP=0.0
18:27:00     ⚠ CAUTION: only ~12 positives in test set — interpret as exploratory
18:29:39   invivo_raw_all_broad_fp2048_logistic: MCC=0.0981 [-0.0421,0.2639] t=0.56 AD=0.41 HP=0.1046
18:29:39     ⚠ CAUTION: only ~12 positives in test set — interpret as exploratory
18:30:17   invivo_raw_all_broad_fp2048_ann: MCC=0.0000 [0.0000,0.0000] t=0.26 AD=0.41 HP=0.196
18:30:17     ⚠ CAUTION: only ~12 positives in test set — interpret as exploratory
19:06:07     GNN HP tuning failed: Object of type int32 is not JSON serializable
19:06:07   invivo_raw_all_graph_gnn: MCC=0.0000 [0.0000,0.0000] AD=0.41 HP=None
19:06:07     ⚠ CAUTION: only ~12 positives in test set — interpret as exploratory
19:06:20   invivo_no_metal_compact_xgb: MCC=0.1596 [-0.0220,0.4448] t=0.88 AD=0.30 HP=0.134
19:06:20     ⚠ CAUTION: only ~11 positives in test set — interpret as exploratory
19:06:25   invivo_no_metal_compact_lgbm: MCC=-0.0127 [-0.0237,0.0000] t=0.52 AD=0.30 HP=0.0
19:06:25     ⚠ CAUTION: only ~11 positives in test set — interpret as exploratory
19:06:29   invivo_no_metal_compact_rf: MCC=0.0000 [0.0000,0.0000] t=0.54 AD=0.30 HP=0.1488
19:06:29     ⚠ CAUTION: only ~11 positives in test set — interpret as exploratory
19:06:31   invivo_no_metal_compact_svm: MCC=0.0000 [0.0000,0.0000] t=0.14 AD=0.30 HP=0.0
19:06:31     ⚠ CAUTION: only ~11 positives in test set — interpret as exploratory
19:06:38   invivo_no_metal_compact_logistic: MCC=0.1761 [0.0496,0.3104] t=0.5 AD=0.30 HP=0.1804
19:06:38     ⚠ CAUTION: only ~11 positives in test set — interpret as exploratory
19:06:40   invivo_no_metal_compact_ann: MCC=0.0000 [0.0000,0.0000] t=0.42 AD=0.30 HP=-0.0101
19:06:40     ⚠ CAUTION: only ~11 positives in test set — interpret as exploratory
19:06:43   invivo_no_metal_broad_fp512_xgb: MCC=-0.0076 [-0.0202,0.0000] t=0.12 AD=0.30 HP=0.2032
19:06:43     ⚠ CAUTION: only ~11 positives in test set — interpret as exploratory
19:06:48   invivo_no_metal_broad_fp512_lgbm: MCC=0.0000 [0.0000,0.0000] t=0.56 AD=0.30 HP=0.177
19:06:48     ⚠ CAUTION: only ~11 positives in test set — interpret as exploratory
19:06:52   invivo_no_metal_broad_fp512_rf: MCC=0.1911 [-0.0155,0.4964] t=0.14 AD=0.30 HP=0.1541
19:06:52     ⚠ CAUTION: only ~11 positives in test set — interpret as exploratory
19:06:57   invivo_no_metal_broad_fp512_svm: MCC=0.0000 [0.0000,0.0000] t=0.12 AD=0.30 HP=0.0
19:06:57     ⚠ CAUTION: only ~11 positives in test set — interpret as exploratory
19:07:35   invivo_no_metal_broad_fp512_logistic: MCC=0.1444 [0.0070,0.3314] t=0.68 AD=0.30 HP=0.2557
19:07:35     ⚠ CAUTION: only ~11 positives in test set — interpret as exploratory
19:07:38   invivo_no_metal_broad_fp512_ann: MCC=0.0000 [0.0000,0.0000] t=0.28 AD=0.30 HP=0.0
19:07:38     ⚠ CAUTION: only ~11 positives in test set — interpret as exploratory
19:07:42   invivo_no_metal_broad_fp1024_xgb: MCC=-0.0224 [-0.0372,-0.0095] t=0.14 AD=0.30 HP=0.2533
19:07:42     ⚠ CAUTION: only ~11 positives in test set — interpret as exploratory
19:07:48   invivo_no_metal_broad_fp1024_lgbm: MCC=-0.0136 [-0.0275,0.0000] t=0.78 AD=0.30 HP=0.1866
19:07:48     ⚠ CAUTION: only ~11 positives in test set — interpret as exploratory
19:07:51   invivo_no_metal_broad_fp1024_rf: MCC=0.1563 [-0.0192,0.4208] t=0.16 AD=0.30 HP=0.1603
19:07:51     ⚠ CAUTION: only ~11 positives in test set — interpret as exploratory
19:08:04   invivo_no_metal_broad_fp1024_svm: MCC=0.0000 [0.0000,0.0000] t=0.16 AD=0.30 HP=0.0
19:08:04     ⚠ CAUTION: only ~11 positives in test set — interpret as exploratory
19:09:11   invivo_no_metal_broad_fp1024_logistic: MCC=0.1012 [-0.0418,0.2730] t=0.1 AD=0.30 HP=0.0705
19:09:11     ⚠ CAUTION: only ~11 positives in test set — interpret as exploratory
19:09:24   invivo_no_metal_broad_fp1024_ann: MCC=-0.0080 [-0.0204,0.0000] t=0.12 AD=0.30 HP=0.0
19:09:24     ⚠ CAUTION: only ~11 positives in test set — interpret as exploratory
19:09:31   invivo_no_metal_broad_fp2048_xgb: MCC=0.1332 [-0.0236,0.3867] t=0.34 AD=0.30 HP=0.1603
19:09:31     ⚠ CAUTION: only ~11 positives in test set — interpret as exploratory
19:09:36   invivo_no_metal_broad_fp2048_lgbm: MCC=0.1353 [-0.0239,0.3827] t=0.12 AD=0.30 HP=0.0
19:09:36     ⚠ CAUTION: only ~11 positives in test set — interpret as exploratory
19:09:41   invivo_no_metal_broad_fp2048_rf: MCC=0.1563 [-0.0192,0.4208] t=0.18 AD=0.30 HP=0.1817
19:09:41     ⚠ CAUTION: only ~11 positives in test set — interpret as exploratory
19:10:20   invivo_no_metal_broad_fp2048_svm: MCC=0.0000 [0.0000,0.0000] t=0.1 AD=0.30 HP=0.0
19:10:20     ⚠ CAUTION: only ~11 positives in test set — interpret as exploratory
19:12:34   invivo_no_metal_broad_fp2048_logistic: MCC=0.1078 [-0.0430,0.2789] t=0.18 AD=0.30 HP=0.0626
19:12:34     ⚠ CAUTION: only ~11 positives in test set — interpret as exploratory
19:13:05   invivo_no_metal_broad_fp2048_ann: MCC=0.0000 [0.0000,0.0000] t=0.38 AD=0.30 HP=0.0903
19:13:05     ⚠ CAUTION: only ~11 positives in test set — interpret as exploratory
19:38:39     GNN HP tuning failed: Object of type int32 is not JSON serializable
19:38:39   invivo_no_metal_graph_gnn: MCC=0.0000 [0.0000,0.0000] AD=0.30 HP=None
19:38:39     ⚠ CAUTION: only ~11 positives in test set — interpret as exploratory
19:38:52   invivo_salt_stripped_compact_xgb: MCC=0.0755 [-0.0297,0.2796] t=0.88 AD=0.41 HP=0.1218 ★
19:38:52     ⚠ CAUTION: only ~12 positives in test set — interpret as exploratory
19:38:58   invivo_salt_stripped_compact_lgbm: MCC=-0.0193 [-0.0286,-0.0103] t=0.74 AD=0.41 HP=-0.0201
19:38:58     ⚠ CAUTION: only ~12 positives in test set — interpret as exploratory
19:39:02   invivo_salt_stripped_compact_rf: MCC=0.0000 [0.0000,0.0000] t=0.58 AD=0.41 HP=0.0
19:39:02     ⚠ CAUTION: only ~12 positives in test set — interpret as exploratory
19:39:05   invivo_salt_stripped_compact_svm: MCC=0.0000 [0.0000,0.0000] t=0.1 AD=0.41 HP=0.0
19:39:05     ⚠ CAUTION: only ~12 positives in test set — interpret as exploratory
19:39:14   invivo_salt_stripped_compact_logistic: MCC=0.1868 [0.0787,0.2949] t=0.7 AD=0.41 HP=0.1942
19:39:14     ⚠ CAUTION: only ~12 positives in test set — interpret as exploratory
19:39:16   invivo_salt_stripped_compact_ann: MCC=0.0000 [0.0000,0.0000] t=0.4 AD=0.41 HP=-0.0082
19:39:16     ⚠ CAUTION: only ~12 positives in test set — interpret as exploratory
19:39:19   invivo_salt_stripped_broad_fp512_xgb: MCC=0.1041 [-0.0220,0.3341] t=0.56 AD=0.41 HP=0.196
19:39:19     ⚠ CAUTION: only ~12 positives in test set — interpret as exploratory
19:39:26   invivo_salt_stripped_broad_fp512_lgbm: MCC=0.1212 [-0.0191,0.4035] t=0.84 AD=0.41 HP=0.196
19:39:26     ⚠ CAUTION: only ~12 positives in test set — interpret as exploratory
19:39:30   invivo_salt_stripped_broad_fp512_rf: MCC=0.0000 [0.0000,0.0000] t=0.1 AD=0.41 HP=0.196
19:39:30     ⚠ CAUTION: only ~12 positives in test set — interpret as exploratory
19:39:41   invivo_salt_stripped_broad_fp512_svm: MCC=0.0000 [0.0000,0.0000] t=0.14 AD=0.41 HP=0.0
19:39:41     ⚠ CAUTION: only ~12 positives in test set — interpret as exploratory
19:40:29   invivo_salt_stripped_broad_fp512_logistic: MCC=0.1688 [0.0101,0.3393] t=0.44 AD=0.41 HP=0.3156
19:40:29     ⚠ CAUTION: only ~12 positives in test set — interpret as exploratory
19:40:33   invivo_salt_stripped_broad_fp512_ann: MCC=0.0000 [0.0000,0.0000] t=0.62 AD=0.41 HP=-0.0082
19:40:33     ⚠ CAUTION: only ~12 positives in test set — interpret as exploratory
19:40:38   invivo_salt_stripped_broad_fp1024_xgb: MCC=0.0945 [-0.0243,0.3251] t=0.76 AD=0.41 HP=0.1307
19:40:38     ⚠ CAUTION: only ~12 positives in test set — interpret as exploratory
19:40:44   invivo_salt_stripped_broad_fp1024_lgbm: MCC=-0.0155 [-0.0236,-0.0066] t=0.86 AD=0.41 HP=0.0551
19:40:44     ⚠ CAUTION: only ~12 positives in test set — interpret as exploratory
19:40:49   invivo_salt_stripped_broad_fp1024_rf: MCC=-0.0061 [-0.0151,0.0000] t=0.12 AD=0.41 HP=0.196
19:40:49     ⚠ CAUTION: only ~12 positives in test set — interpret as exploratory
19:41:15   invivo_salt_stripped_broad_fp1024_svm: MCC=0.0000 [0.0000,0.0000] t=0.1 AD=0.41 HP=0.0
19:41:15     ⚠ CAUTION: only ~12 positives in test set — interpret as exploratory
19:42:39   invivo_salt_stripped_broad_fp1024_logistic: MCC=0.0123 [-0.0492,0.1349] t=0.46 AD=0.41 HP=0.1597
19:42:39     ⚠ CAUTION: only ~12 positives in test set — interpret as exploratory
19:42:56   invivo_salt_stripped_broad_fp1024_ann: MCC=0.0000 [0.0000,0.0000] t=0.2 AD=0.41 HP=0.0
19:42:56     ⚠ CAUTION: only ~12 positives in test set — interpret as exploratory
19:43:03   invivo_salt_stripped_broad_fp2048_xgb: MCC=0.1752 [-0.0210,0.4548] t=0.86 AD=0.41 HP=0.1307
19:43:03     ⚠ CAUTION: only ~12 positives in test set — interpret as exploratory
19:43:10   invivo_salt_stripped_broad_fp2048_lgbm: MCC=-0.0191 [-0.0285,-0.0094] t=0.88 AD=0.41 HP=0.0898
19:43:10     ⚠ CAUTION: only ~12 positives in test set — interpret as exploratory
19:43:16   invivo_salt_stripped_broad_fp2048_rf: MCC=0.0000 [0.0000,0.0000] t=0.16 AD=0.41 HP=0.196
19:43:16     ⚠ CAUTION: only ~12 positives in test set — interpret as exploratory
19:44:30   invivo_salt_stripped_broad_fp2048_svm: MCC=0.0000 [0.0000,0.0000] t=0.18 AD=0.41 HP=0.0
19:44:30     ⚠ CAUTION: only ~12 positives in test set — interpret as exploratory
19:47:03   invivo_salt_stripped_broad_fp2048_logistic: MCC=0.0981 [-0.0421,0.2639] t=0.56 AD=0.41 HP=0.1046
19:47:03     ⚠ CAUTION: only ~12 positives in test set — interpret as exploratory
19:47:40   invivo_salt_stripped_broad_fp2048_ann: MCC=0.0000 [0.0000,0.0000] t=0.26 AD=0.41 HP=0.196
19:47:40     ⚠ CAUTION: only ~12 positives in test set — interpret as exploratory
20:23:25     GNN HP tuning failed: Object of type int32 is not JSON serializable
20:23:25   invivo_salt_stripped_graph_gnn: MCC=0.0000 [0.0000,0.0000] AD=0.41 HP=None
20:23:25     ⚠ CAUTION: only ~12 positives in test set — interpret as exploratory
20:23:25   [invitro_sampling] Pre-computing features...
20:23:26   [invitro_sampling] FG features: 618 columns
20:23:26   [invitro_sampling] Physchem features: 13 columns
20:23:26   [invitro_sampling] Fingerprint: 256 bits
20:23:26     fp256: 394 features (compact=138 + fp=256)
20:23:26   [invitro_sampling] Fingerprint: 512 bits
20:23:26     fp512: 650 features (compact=138 + fp=512)
20:23:26   [invitro_sampling] Fingerprint: 1024 bits
20:23:26     fp1024: 1162 features (compact=138 + fp=1024)
20:23:26   [invitro_sampling] Fingerprint: 2048 bits
20:23:26     fp2048: 2186 features (compact=138 + fp=2048)
20:23:38   invitro_sampling_raw_all_compact_xgb: MCC=0.4589 [0.2376,0.6740] t=0.1 AD=0.54 HP=0.5023
20:23:42   invitro_sampling_raw_all_compact_lgbm: MCC=0.5329 [0.3303,0.7140] t=0.1 AD=0.54 HP=0.5984
20:23:42     ⚠ WARNING: test-CV gap=0.231 — possible split luck or CV instability
20:23:45   invitro_sampling_raw_all_compact_rf: MCC=0.5913 [0.3898,0.7969] t=0.3 AD=0.54 HP=0.5694
20:23:45     ⚠ WARNING: test-CV gap=0.289 — possible split luck or CV instability
20:23:45   invitro_sampling_raw_all_compact_svm: MCC=0.4068 [0.1979,0.6081] t=0.52 AD=0.54 HP=0.3655
20:23:47   invitro_sampling_raw_all_compact_logistic: MCC=0.5630 [0.3527,0.7175] t=0.58 AD=0.54 HP=0.5367
20:23:47     ⚠ WARNING: test-CV gap=0.261 — possible split luck or CV instability
20:23:48   invitro_sampling_raw_all_compact_ann: MCC=0.1534 [-0.1313,0.3934] t=0.48 AD=0.54 HP=0.5669
20:23:49   invitro_sampling_raw_all_broad_fp512_xgb: MCC=0.6347 [0.4302,0.8217] t=0.18 AD=0.54 HP=0.5029
20:23:49     ⚠ WARNING: test-CV gap=0.333 — possible split luck or CV instability
20:23:52   invitro_sampling_raw_all_broad_fp512_lgbm: MCC=0.4736 [0.2492,0.6737] t=0.22 AD=0.54 HP=0.4696
20:23:55   invitro_sampling_raw_all_broad_fp512_rf: MCC=0.4973 [0.2867,0.6922] t=0.48 AD=0.54 HP=0.6005
20:23:56   invitro_sampling_raw_all_broad_fp512_svm: MCC=0.4372 [0.2297,0.6433] t=0.46 AD=0.54 HP=0.4375
20:24:01   invitro_sampling_raw_all_broad_fp512_logistic: MCC=0.3274 [0.1119,0.5338] t=0.32 AD=0.54 HP=0.4002
20:24:02   invitro_sampling_raw_all_broad_fp512_ann: MCC=0.3489 [0.0842,0.5682] t=0.66 AD=0.54 HP=0.305
20:24:04   invitro_sampling_raw_all_broad_fp1024_xgb: MCC=0.6307 [0.4252,0.8065] t=0.26 AD=0.54 HP=0.535
20:24:04     ⚠ WARNING: test-CV gap=0.329 — possible split luck or CV instability
20:24:08   invitro_sampling_raw_all_broad_fp1024_lgbm: MCC=0.4389 [0.2379,0.6246] t=0.18 AD=0.54 HP=0.5367
20:24:10   invitro_sampling_raw_all_broad_fp1024_rf: MCC=0.5953 [0.4051,0.7897] t=0.34 AD=0.54 HP=0.6299
20:24:10     ⚠ WARNING: test-CV gap=0.293 — possible split luck or CV instability
20:24:11   invitro_sampling_raw_all_broad_fp1024_svm: MCC=0.3458 [0.1355,0.5648] t=0.5 AD=0.54 HP=0.3386
20:24:23   invitro_sampling_raw_all_broad_fp1024_logistic: MCC=0.2314 [-0.0127,0.4899] t=0.12 AD=0.54 HP=0.5165
20:24:27   invitro_sampling_raw_all_broad_fp1024_ann: MCC=-0.0144 [-0.2366,0.1872] t=0.52 AD=0.54 HP=0.2466
20:24:27     ⚠ WARNING: test-CV gap=0.316 — possible split luck or CV instability
20:24:30   invitro_sampling_raw_all_broad_fp2048_xgb: MCC=0.5994 [0.4055,0.7813] t=0.16 AD=0.54 HP=0.5029
20:24:30     ⚠ WARNING: test-CV gap=0.297 — possible split luck or CV instability
20:24:34   invitro_sampling_raw_all_broad_fp2048_lgbm: MCC=0.4710 [0.2625,0.6695] t=0.2 AD=0.54 HP=0.535
20:24:37   invitro_sampling_raw_all_broad_fp2048_rf: MCC=0.5952 [0.3907,0.7638] t=0.36 AD=0.54 HP=0.6621
20:24:37     ⚠ WARNING: test-CV gap=0.293 — possible split luck or CV instability
20:24:38   invitro_sampling_raw_all_broad_fp2048_svm: MCC=0.3483 [0.0885,0.5919] t=0.46 AD=0.54 HP=0.3435
20:25:04   invitro_sampling_raw_all_broad_fp2048_logistic: MCC=0.2783 [0.0381,0.4986] t=0.42 AD=0.54 HP=0.3858
20:25:12   invitro_sampling_raw_all_broad_fp2048_ann: MCC=0.3250 [0.1230,0.5598] t=0.38 AD=0.54 HP=0.2799
20:32:38     GNN HP tuning failed: Object of type int32 is not JSON serializable
20:32:38   invitro_sampling_raw_all_graph_gnn: MCC=0.1259 [-0.0987,0.3310] AD=0.54 HP=None
20:32:50   invitro_sampling_no_metal_compact_xgb: MCC=0.5639 [0.3165,0.7845] t=0.14 AD=0.47 HP=0.543 ★
20:32:53   invitro_sampling_no_metal_compact_lgbm: MCC=0.4081 [0.1635,0.6488] t=0.38 AD=0.47 HP=0.503
20:32:56   invitro_sampling_no_metal_compact_rf: MCC=0.5656 [0.3489,0.7639] t=0.48 AD=0.47 HP=0.5805
20:32:57   invitro_sampling_no_metal_compact_svm: MCC=0.4193 [0.1307,0.6576] t=0.58 AD=0.47 HP=0.4141
20:32:58   invitro_sampling_no_metal_compact_logistic: MCC=0.4229 [0.1485,0.6754] t=0.36 AD=0.47 HP=0.4255
20:32:59   invitro_sampling_no_metal_compact_ann: MCC=0.5769 [0.3350,0.7743] t=0.4 AD=0.47 HP=0.3817
20:33:00   invitro_sampling_no_metal_broad_fp512_xgb: MCC=0.6545 [0.4488,0.8495] t=0.34 AD=0.47 HP=0.5482
20:33:00     ⚠ WARNING: test-CV gap=0.234 — possible split luck or CV instability
20:33:03   invitro_sampling_no_metal_broad_fp512_lgbm: MCC=0.5540 [0.3309,0.7619] t=0.14 AD=0.47 HP=0.6212
20:33:06   invitro_sampling_no_metal_broad_fp512_rf: MCC=0.6446 [0.4579,0.8138] t=0.4 AD=0.47 HP=0.6238
20:33:06     ⚠ WARNING: test-CV gap=0.224 — possible split luck or CV instability
20:33:06   invitro_sampling_no_metal_broad_fp512_svm: MCC=0.3904 [0.1481,0.6141] t=0.44 AD=0.47 HP=0.3881
20:33:10   invitro_sampling_no_metal_broad_fp512_logistic: MCC=0.4640 [0.2112,0.6713] t=0.22 AD=0.47 HP=0.3619
20:33:11   invitro_sampling_no_metal_broad_fp512_ann: MCC=0.4797 [0.2447,0.6639] t=0.4 AD=0.47 HP=0.04
20:33:13   invitro_sampling_no_metal_broad_fp1024_xgb: MCC=0.6511 [0.4336,0.8518] t=0.2 AD=0.47 HP=0.503
20:33:13     ⚠ WARNING: test-CV gap=0.231 — possible split luck or CV instability
20:33:16   invitro_sampling_no_metal_broad_fp1024_lgbm: MCC=0.6088 [0.3872,0.7731] t=0.26 AD=0.47 HP=0.5414
20:33:19   invitro_sampling_no_metal_broad_fp1024_rf: MCC=0.6072 [0.4038,0.8117] t=0.36 AD=0.47 HP=0.5846
20:33:19   invitro_sampling_no_metal_broad_fp1024_svm: MCC=0.2728 [0.0214,0.5137] t=0.42 AD=0.47 HP=0.2742
20:33:26   invitro_sampling_no_metal_broad_fp1024_logistic: MCC=0.3787 [0.1318,0.6005] t=0.32 AD=0.47 HP=0.4906
20:33:29   invitro_sampling_no_metal_broad_fp1024_ann: MCC=-0.1120 [-0.3485,0.1626] t=0.26 AD=0.47 HP=0.3084
20:33:29     ⚠ WARNING: test-CV gap=0.532 — possible split luck or CV instability
20:33:31   invitro_sampling_no_metal_broad_fp2048_xgb: MCC=0.6122 [0.4031,0.8077] t=0.2 AD=0.47 HP=0.5846
20:33:34   invitro_sampling_no_metal_broad_fp2048_lgbm: MCC=0.4834 [0.2296,0.7321] t=0.22 AD=0.47 HP=0.503
20:33:37   invitro_sampling_no_metal_broad_fp2048_rf: MCC=0.6072 [0.4038,0.8117] t=0.46 AD=0.47 HP=0.6212
20:33:38   invitro_sampling_no_metal_broad_fp2048_svm: MCC=0.3961 [0.1600,0.6438] t=0.42 AD=0.47 HP=0.3963
20:33:51   invitro_sampling_no_metal_broad_fp2048_logistic: MCC=0.2995 [0.0420,0.5450] t=0.16 AD=0.47 HP=0.2945
20:33:59   invitro_sampling_no_metal_broad_fp2048_ann: MCC=0.2525 [-0.0159,0.5226] t=0.28 AD=0.47 HP=0.2848
20:39:25     GNN HP tuning failed: Object of type int32 is not JSON serializable
20:39:25   invitro_sampling_no_metal_graph_gnn: MCC=0.1465 [-0.1691,0.3783] AD=0.47 HP=None
20:39:25     ⚠ WARNING: test-CV gap=0.274 — possible split luck or CV instability
20:39:37   invitro_sampling_salt_stripped_compact_xgb: MCC=0.4589 [0.2376,0.6740] t=0.1 AD=0.54 HP=0.5023
20:39:37     ⚠ WARNING: test-CV gap=0.301 — possible split luck or CV instability
20:39:40   invitro_sampling_salt_stripped_compact_lgbm: MCC=0.5329 [0.3303,0.7140] t=0.1 AD=0.54 HP=0.5984
20:39:40     ⚠ WARNING: test-CV gap=0.375 — possible split luck or CV instability
20:39:44   invitro_sampling_salt_stripped_compact_rf: MCC=0.5913 [0.3898,0.7969] t=0.3 AD=0.54 HP=0.5694
20:39:44     ⚠ WARNING: test-CV gap=0.434 — possible split luck or CV instability
20:39:44   invitro_sampling_salt_stripped_compact_svm: MCC=0.4068 [0.1979,0.6081] t=0.52 AD=0.54 HP=0.3655
20:39:44     ⚠ WARNING: test-CV gap=0.249 — possible split luck or CV instability
20:39:46   invitro_sampling_salt_stripped_compact_logistic: MCC=0.5630 [0.3527,0.7175] t=0.58 AD=0.54 HP=0.5367
20:39:46     ⚠ WARNING: test-CV gap=0.405 — possible split luck or CV instability
20:39:47   invitro_sampling_salt_stripped_compact_ann: MCC=0.1534 [-0.1313,0.3934] t=0.48 AD=0.54 HP=0.5669
20:39:48   invitro_sampling_salt_stripped_broad_fp512_xgb: MCC=0.6347 [0.4302,0.8217] t=0.18 AD=0.54 HP=0.5029
20:39:48     ⚠ WARNING: test-CV gap=0.477 — possible split luck or CV instability
20:39:51   invitro_sampling_salt_stripped_broad_fp512_lgbm: MCC=0.4736 [0.2492,0.6737] t=0.22 AD=0.54 HP=0.4696
20:39:51     ⚠ WARNING: test-CV gap=0.316 — possible split luck or CV instability
20:39:54   invitro_sampling_salt_stripped_broad_fp512_rf: MCC=0.4973 [0.2867,0.6922] t=0.48 AD=0.54 HP=0.6005
20:39:54     ⚠ WARNING: test-CV gap=0.340 — possible split luck or CV instability
20:39:55   invitro_sampling_salt_stripped_broad_fp512_svm: MCC=0.4372 [0.2297,0.6433] t=0.46 AD=0.54 HP=0.4375
20:39:55     ⚠ WARNING: test-CV gap=0.279 — possible split luck or CV instability
20:40:00   invitro_sampling_salt_stripped_broad_fp512_logistic: MCC=0.3274 [0.1119,0.5338] t=0.32 AD=0.54 HP=0.4002
20:40:01   invitro_sampling_salt_stripped_broad_fp512_ann: MCC=0.3489 [0.0842,0.5682] t=0.66 AD=0.54 HP=0.305
20:40:03   invitro_sampling_salt_stripped_broad_fp1024_xgb: MCC=0.6307 [0.4252,0.8065] t=0.26 AD=0.54 HP=0.535
20:40:03     ⚠ WARNING: test-CV gap=0.473 — possible split luck or CV instability
20:40:06   invitro_sampling_salt_stripped_broad_fp1024_lgbm: MCC=0.4389 [0.2379,0.6246] t=0.18 AD=0.54 HP=0.5367
20:40:06     ⚠ WARNING: test-CV gap=0.281 — possible split luck or CV instability
20:40:09   invitro_sampling_salt_stripped_broad_fp1024_rf: MCC=0.5953 [0.4051,0.7897] t=0.34 AD=0.54 HP=0.6299
20:40:09     ⚠ WARNING: test-CV gap=0.438 — possible split luck or CV instability
20:40:10   invitro_sampling_salt_stripped_broad_fp1024_svm: MCC=0.3458 [0.1355,0.5648] t=0.5 AD=0.54 HP=0.3386
20:40:21   invitro_sampling_salt_stripped_broad_fp1024_logistic: MCC=0.2314 [-0.0127,0.4899] t=0.12 AD=0.54 HP=0.5165
20:40:25   invitro_sampling_salt_stripped_broad_fp1024_ann: MCC=-0.0144 [-0.2366,0.1872] t=0.52 AD=0.54 HP=0.2466
20:40:28   invitro_sampling_salt_stripped_broad_fp2048_xgb: MCC=0.5994 [0.4055,0.7813] t=0.16 AD=0.54 HP=0.5029
20:40:28     ⚠ WARNING: test-CV gap=0.442 — possible split luck or CV instability
20:40:31   invitro_sampling_salt_stripped_broad_fp2048_lgbm: MCC=0.4710 [0.2625,0.6695] t=0.2 AD=0.54 HP=0.535
20:40:31     ⚠ WARNING: test-CV gap=0.313 — possible split luck or CV instability
20:40:34   invitro_sampling_salt_stripped_broad_fp2048_rf: MCC=0.5952 [0.3907,0.7638] t=0.36 AD=0.54 HP=0.6621
20:40:34     ⚠ WARNING: test-CV gap=0.437 — possible split luck or CV instability
20:40:36   invitro_sampling_salt_stripped_broad_fp2048_svm: MCC=0.3483 [0.0885,0.5919] t=0.46 AD=0.54 HP=0.3435
20:41:01   invitro_sampling_salt_stripped_broad_fp2048_logistic: MCC=0.2783 [0.0381,0.4986] t=0.42 AD=0.54 HP=0.3858
20:41:10   invitro_sampling_salt_stripped_broad_fp2048_ann: MCC=0.3250 [0.1230,0.5598] t=0.38 AD=0.54 HP=0.2799
20:48:37     GNN HP tuning failed: Object of type int32 is not JSON serializable
20:48:37   invitro_sampling_salt_stripped_graph_gnn: MCC=0.1259 [-0.0987,0.3310] AD=0.54 HP=None
20:48:37   [invivo_sampling] Pre-computing features...
20:48:37   [invivo_sampling] FG features: 618 columns
20:48:37   [invivo_sampling] Physchem features: 13 columns
20:48:37   [invivo_sampling] Fingerprint: 256 bits
20:48:37     fp256: 394 features (compact=138 + fp=256)
20:48:37   [invivo_sampling] Fingerprint: 512 bits
20:48:37     fp512: 650 features (compact=138 + fp=512)
20:48:38   [invivo_sampling] Fingerprint: 1024 bits
20:48:38     fp1024: 1162 features (compact=138 + fp=1024)
20:48:38   [invivo_sampling] Fingerprint: 2048 bits
20:48:38     fp2048: 2186 features (compact=138 + fp=2048)
20:48:50   invivo_sampling_raw_all_compact_xgb: MCC=0.8256 [0.6370,1.0000] t=0.1 AD=0.38 HP=0.5302 ★
20:48:50     ⚠ CAUTION: only ~12 positives in test set — interpret as exploratory; WARNING: test-CV gap=0.424 — possible split luck or CV instability
20:48:52   invivo_sampling_raw_all_compact_lgbm: MCC=0.7205 [0.4870,0.9117] t=0.14 AD=0.38 HP=0.6533
20:48:52     ⚠ CAUTION: only ~12 positives in test set — interpret as exploratory; WARNING: test-CV gap=0.319 — possible split luck or CV instability
20:48:56   invivo_sampling_raw_all_compact_rf: MCC=0.5724 [0.2391,0.8447] t=0.2 AD=0.38 HP=0.4722
20:48:56     ⚠ CAUTION: only ~12 positives in test set — interpret as exploratory
20:48:56   invivo_sampling_raw_all_compact_svm: MCC=0.5047 [0.1806,0.7865] t=0.22 AD=0.38 HP=0.431
20:48:56     ⚠ CAUTION: only ~12 positives in test set — interpret as exploratory
20:48:58   invivo_sampling_raw_all_compact_logistic: MCC=0.4242 [0.0999,0.6995] t=0.54 AD=0.38 HP=0.4831
20:48:58     ⚠ CAUTION: only ~12 positives in test set — interpret as exploratory
20:48:59   invivo_sampling_raw_all_compact_ann: MCC=0.3887 [0.0376,0.6711] t=0.46 AD=0.38 HP=0.411
20:48:59     ⚠ CAUTION: only ~12 positives in test set — interpret as exploratory
20:49:00   invivo_sampling_raw_all_broad_fp512_xgb: MCC=0.8247 [0.6054,1.0000] t=0.18 AD=0.38 HP=0.8879
20:49:00     ⚠ CAUTION: only ~12 positives in test set — interpret as exploratory; WARNING: test-CV gap=0.423 — possible split luck or CV instability
20:49:02   invivo_sampling_raw_all_broad_fp512_lgbm: MCC=0.8394 [0.6527,1.0000] t=0.1 AD=0.38 HP=0.8311
20:49:02     ⚠ CAUTION: only ~12 positives in test set — interpret as exploratory; WARNING: test-CV gap=0.438 — possible split luck or CV instability
20:49:05   invivo_sampling_raw_all_broad_fp512_rf: MCC=0.6240 [0.3350,0.8596] t=0.3 AD=0.38 HP=0.7144
20:49:05     ⚠ CAUTION: only ~12 positives in test set — interpret as exploratory; WARNING: test-CV gap=0.222 — possible split luck or CV instability
20:49:06   invivo_sampling_raw_all_broad_fp512_svm: MCC=0.4210 [0.0000,0.6735] t=0.2 AD=0.38 HP=0.4459
20:49:06     ⚠ CAUTION: only ~12 positives in test set — interpret as exploratory
20:49:09   invivo_sampling_raw_all_broad_fp512_logistic: MCC=0.3636 [-0.0061,0.6950] t=0.14 AD=0.38 HP=0.2917
20:49:09     ⚠ CAUTION: only ~12 positives in test set — interpret as exploratory
20:49:10   invivo_sampling_raw_all_broad_fp512_ann: MCC=0.3924 [0.0748,0.6644] t=0.32 AD=0.38 HP=0.431
20:49:10     ⚠ CAUTION: only ~12 positives in test set — interpret as exploratory
20:49:12   invivo_sampling_raw_all_broad_fp1024_xgb: MCC=0.8269 [0.6459,1.0000] t=0.12 AD=0.38 HP=0.7071
20:49:12     ⚠ CAUTION: only ~12 positives in test set — interpret as exploratory; WARNING: test-CV gap=0.425 — possible split luck or CV instability
20:49:14   invivo_sampling_raw_all_broad_fp1024_lgbm: MCC=0.7735 [0.5479,0.9566] t=0.44 AD=0.38 HP=0.7686
20:49:14     ⚠ CAUTION: only ~12 positives in test set — interpret as exploratory; WARNING: test-CV gap=0.372 — possible split luck or CV instability
20:49:17   invivo_sampling_raw_all_broad_fp1024_rf: MCC=0.5624 [0.2458,0.8076] t=0.28 AD=0.38 HP=0.4831
20:49:17     ⚠ CAUTION: only ~12 positives in test set — interpret as exploratory
20:49:18   invivo_sampling_raw_all_broad_fp1024_svm: MCC=0.4210 [0.0000,0.6735] t=0.34 AD=0.38 HP=0.4459
20:49:18     ⚠ CAUTION: only ~12 positives in test set — interpret as exploratory
20:49:24   invivo_sampling_raw_all_broad_fp1024_logistic: MCC=0.2397 [-0.0932,0.5433] t=0.14 AD=0.38 HP=0.411
20:49:24     ⚠ CAUTION: only ~12 positives in test set — interpret as exploratory
20:49:27   invivo_sampling_raw_all_broad_fp1024_ann: MCC=0.1103 [-0.2175,0.4842] t=0.18 AD=0.38 HP=0.411
20:49:27     ⚠ CAUTION: only ~12 positives in test set — interpret as exploratory; WARNING: test-CV gap=0.292 — possible split luck or CV instability
20:49:29   invivo_sampling_raw_all_broad_fp2048_xgb: MCC=0.7724 [0.5587,0.9582] t=0.34 AD=0.38 HP=0.8879
20:49:29     ⚠ CAUTION: only ~12 positives in test set — interpret as exploratory; WARNING: test-CV gap=0.370 — possible split luck or CV instability
20:49:32   invivo_sampling_raw_all_broad_fp2048_lgbm: MCC=0.7109 [0.4441,0.9241] t=0.2 AD=0.38 HP=0.8311
20:49:32     ⚠ CAUTION: only ~12 positives in test set — interpret as exploratory; WARNING: test-CV gap=0.309 — possible split luck or CV instability
20:49:35   invivo_sampling_raw_all_broad_fp2048_rf: MCC=0.6874 [0.3887,0.8815] t=0.36 AD=0.38 HP=0.483
20:49:35     ⚠ CAUTION: only ~12 positives in test set — interpret as exploratory; WARNING: test-CV gap=0.286 — possible split luck or CV instability
20:49:36   invivo_sampling_raw_all_broad_fp2048_svm: MCC=0.2900 [-0.0251,0.6368] t=0.3 AD=0.38 HP=0.3033
20:49:36     ⚠ CAUTION: only ~12 positives in test set — interpret as exploratory
20:49:47   invivo_sampling_raw_all_broad_fp2048_logistic: MCC=0.4664 [0.0992,0.7527] t=0.12 AD=0.38 HP=0.4722
20:49:47     ⚠ CAUTION: only ~12 positives in test set — interpret as exploratory
20:49:53   invivo_sampling_raw_all_broad_fp2048_ann: MCC=0.2809 [-0.0306,0.5789] t=0.38 AD=0.38 HP=0.5302
20:49:53     ⚠ CAUTION: only ~12 positives in test set — interpret as exploratory
20:54:51     GNN HP tuning failed: Object of type int32 is not JSON serializable
20:54:51   invivo_sampling_raw_all_graph_gnn: MCC=-0.0069 [-0.2176,0.3708] AD=0.38 HP=None
20:54:51     ⚠ CAUTION: only ~12 positives in test set — interpret as exploratory; WARNING: test-CV gap=0.409 — possible split luck or CV instability
20:54:59   invivo_sampling_no_metal_compact_xgb: MCC=0.5474 [0.2032,0.8155] t=0.12 AD=0.26 HP=0.6369
20:54:59     ⚠ CAUTION: only ~10 positives in test set — interpret as exploratory; WARNING: test-CV gap=0.288 — possible split luck or CV instability
20:55:13   invivo_sampling_no_metal_compact_lgbm: MCC=0.7155 [0.3882,0.9351] t=0.28 AD=0.26 HP=0.6574
20:55:13     ⚠ CAUTION: only ~10 positives in test set — interpret as exploratory; WARNING: test-CV gap=0.456 — possible split luck or CV instability
20:55:16   invivo_sampling_no_metal_compact_rf: MCC=0.5429 [0.1268,0.8495] t=0.2 AD=0.26 HP=0.6574
20:55:16     ⚠ CAUTION: only ~10 positives in test set — interpret as exploratory; WARNING: test-CV gap=0.284 — possible split luck or CV instability
20:55:17   invivo_sampling_no_metal_compact_svm: MCC=0.3808 [-0.0096,0.7074] t=0.16 AD=0.26 HP=0.2506
20:55:17     ⚠ CAUTION: only ~10 positives in test set — interpret as exploratory
20:55:18   invivo_sampling_no_metal_compact_logistic: MCC=0.1965 [-0.2305,0.5199] t=0.12 AD=0.26 HP=0.3443
20:55:18     ⚠ CAUTION: only ~10 positives in test set — interpret as exploratory
20:55:18   invivo_sampling_no_metal_compact_ann: MCC=0.0000 [0.0000,0.0000] t=0.18 AD=0.26 HP=0.4906
20:55:18     ⚠ CAUTION: only ~10 positives in test set — interpret as exploratory; WARNING: test-CV gap=0.259 — possible split luck or CV instability
20:55:19   invivo_sampling_no_metal_broad_fp512_xgb: MCC=0.6991 [0.3781,0.9419] t=0.1 AD=0.26 HP=0.7072
20:55:19     ⚠ CAUTION: only ~10 positives in test set — interpret as exploratory; WARNING: test-CV gap=0.440 — possible split luck or CV instability
20:55:22   invivo_sampling_no_metal_broad_fp512_lgbm: MCC=0.6297 [0.3560,0.8797] t=0.26 AD=0.26 HP=0.7072
20:55:22     ⚠ CAUTION: only ~10 positives in test set — interpret as exploratory; WARNING: test-CV gap=0.370 — possible split luck or CV instability
20:55:25   invivo_sampling_no_metal_broad_fp512_rf: MCC=0.6231 [0.3603,0.8491] t=0.4 AD=0.26 HP=0.6433
20:55:25     ⚠ CAUTION: only ~10 positives in test set — interpret as exploratory; WARNING: test-CV gap=0.364 — possible split luck or CV instability
20:55:25   invivo_sampling_no_metal_broad_fp512_svm: MCC=0.3412 [-0.0546,0.6968] t=0.2 AD=0.26 HP=0.3653
20:55:25     ⚠ CAUTION: only ~10 positives in test set — interpret as exploratory
20:55:28   invivo_sampling_no_metal_broad_fp512_logistic: MCC=0.4132 [0.1068,0.7432] t=0.38 AD=0.26 HP=0.4688
20:55:28     ⚠ CAUTION: only ~10 positives in test set — interpret as exploratory
20:55:29   invivo_sampling_no_metal_broad_fp512_ann: MCC=0.2299 [-0.1136,0.5485] t=0.46 AD=0.26 HP=0.2506
20:55:29     ⚠ CAUTION: only ~10 positives in test set — interpret as exploratory
20:55:30   invivo_sampling_no_metal_broad_fp1024_xgb: MCC=0.7052 [0.4507,0.9295] t=0.12 AD=0.26 HP=0.7888
20:55:30     ⚠ CAUTION: only ~10 positives in test set — interpret as exploratory; WARNING: test-CV gap=0.446 — possible split luck or CV instability
20:55:32   invivo_sampling_no_metal_broad_fp1024_lgbm: MCC=0.6318 [0.2886,0.9245] t=0.38 AD=0.26 HP=0.7171
20:55:32     ⚠ CAUTION: only ~10 positives in test set — interpret as exploratory; WARNING: test-CV gap=0.372 — possible split luck or CV instability
20:55:35   invivo_sampling_no_metal_broad_fp1024_rf: MCC=0.7007 [0.3979,0.9295] t=0.46 AD=0.26 HP=0.7072
20:55:35     ⚠ CAUTION: only ~10 positives in test set — interpret as exploratory; WARNING: test-CV gap=0.441 — possible split luck or CV instability
20:55:36   invivo_sampling_no_metal_broad_fp1024_svm: MCC=0.2330 [-0.1370,0.5831] t=0.6 AD=0.26 HP=0.2544
20:55:36     ⚠ CAUTION: only ~10 positives in test set — interpret as exploratory
20:55:41   invivo_sampling_no_metal_broad_fp1024_logistic: MCC=0.4755 [0.1500,0.8160] t=0.72 AD=0.26 HP=0.555
20:55:41     ⚠ CAUTION: only ~10 positives in test set — interpret as exploratory; WARNING: test-CV gap=0.216 — possible split luck or CV instability
20:55:44   invivo_sampling_no_metal_broad_fp1024_ann: MCC=0.2563 [-0.1297,0.6105] t=0.38 AD=0.26 HP=0.2697
20:55:44     ⚠ CAUTION: only ~10 positives in test set — interpret as exploratory
20:55:46   invivo_sampling_no_metal_broad_fp2048_xgb: MCC=0.7181 [0.4811,0.9295] t=0.12 AD=0.26 HP=0.555
20:55:46     ⚠ CAUTION: only ~10 positives in test set — interpret as exploratory; WARNING: test-CV gap=0.459 — possible split luck or CV instability
20:55:48   invivo_sampling_no_metal_broad_fp2048_lgbm: MCC=0.7175 [0.4819,0.9296] t=0.1 AD=0.26 HP=0.7171
20:55:48     ⚠ CAUTION: only ~10 positives in test set — interpret as exploratory; WARNING: test-CV gap=0.458 — possible split luck or CV instability
20:55:51   invivo_sampling_no_metal_broad_fp2048_rf: MCC=0.6312 [0.2506,0.9246] t=0.54 AD=0.26 HP=0.6292
20:55:51     ⚠ CAUTION: only ~10 positives in test set — interpret as exploratory; WARNING: test-CV gap=0.372 — possible split luck or CV instability
20:55:51   invivo_sampling_no_metal_broad_fp2048_svm: MCC=0.4944 [0.1547,0.7890] t=0.32 AD=0.26 HP=0.4906
20:55:51     ⚠ CAUTION: only ~10 positives in test set — interpret as exploratory; WARNING: test-CV gap=0.235 — possible split luck or CV instability
20:55:59   invivo_sampling_no_metal_broad_fp2048_logistic: MCC=0.4745 [0.1563,0.7833] t=0.5 AD=0.26 HP=0.5965
20:55:59     ⚠ CAUTION: only ~10 positives in test set — interpret as exploratory; WARNING: test-CV gap=0.215 — possible split luck or CV instability
20:56:04   invivo_sampling_no_metal_broad_fp2048_ann: MCC=0.4432 [0.1052,0.7631] t=0.4 AD=0.26 HP=0.555
20:56:04     ⚠ CAUTION: only ~10 positives in test set — interpret as exploratory
20:59:37     GNN HP tuning failed: Object of type int32 is not JSON serializable
20:59:37   invivo_sampling_no_metal_graph_gnn: MCC=0.3447 [0.0000,0.6699] AD=0.26 HP=None
20:59:37     ⚠ CAUTION: only ~10 positives in test set — interpret as exploratory
20:59:38   invivo_sampling_salt_stripped_compact_xgb: MCC=0.8256 [0.6370,1.0000] t=0.1 AD=0.38 HP=0.5302
20:59:38     ⚠ CAUTION: only ~12 positives in test set — interpret as exploratory; WARNING: test-CV gap=0.506 — possible split luck or CV instability
20:59:41   invivo_sampling_salt_stripped_compact_lgbm: MCC=0.7205 [0.4870,0.9117] t=0.14 AD=0.38 HP=0.6533
20:59:41     ⚠ CAUTION: only ~12 positives in test set — interpret as exploratory; WARNING: test-CV gap=0.401 — possible split luck or CV instability
20:59:44   invivo_sampling_salt_stripped_compact_rf: MCC=0.5724 [0.2391,0.8447] t=0.2 AD=0.38 HP=0.4722
20:59:44     ⚠ CAUTION: only ~12 positives in test set — interpret as exploratory; WARNING: test-CV gap=0.253 — possible split luck or CV instability
20:59:44   invivo_sampling_salt_stripped_compact_svm: MCC=0.5047 [0.1806,0.7865] t=0.22 AD=0.38 HP=0.431
20:59:44     ⚠ CAUTION: only ~12 positives in test set — interpret as exploratory
20:59:46   invivo_sampling_salt_stripped_compact_logistic: MCC=0.4242 [0.0999,0.6995] t=0.54 AD=0.38 HP=0.4831
20:59:46     ⚠ CAUTION: only ~12 positives in test set — interpret as exploratory
20:59:46   invivo_sampling_salt_stripped_compact_ann: MCC=0.3887 [0.0376,0.6711] t=0.46 AD=0.38 HP=0.411
20:59:46     ⚠ CAUTION: only ~12 positives in test set — interpret as exploratory
20:59:48   invivo_sampling_salt_stripped_broad_fp512_xgb: MCC=0.8247 [0.6054,1.0000] t=0.18 AD=0.38 HP=0.8879
20:59:48     ⚠ CAUTION: only ~12 positives in test set — interpret as exploratory; WARNING: test-CV gap=0.506 — possible split luck or CV instability
20:59:50   invivo_sampling_salt_stripped_broad_fp512_lgbm: MCC=0.8394 [0.6527,1.0000] t=0.1 AD=0.38 HP=0.8311
20:59:50     ⚠ CAUTION: only ~12 positives in test set — interpret as exploratory; WARNING: test-CV gap=0.520 — possible split luck or CV instability
20:59:53   invivo_sampling_salt_stripped_broad_fp512_rf: MCC=0.6240 [0.3350,0.8596] t=0.3 AD=0.38 HP=0.7144
20:59:53     ⚠ CAUTION: only ~12 positives in test set — interpret as exploratory; WARNING: test-CV gap=0.305 — possible split luck or CV instability
20:59:53   invivo_sampling_salt_stripped_broad_fp512_svm: MCC=0.4210 [0.0000,0.6735] t=0.2 AD=0.38 HP=0.4459
20:59:53     ⚠ CAUTION: only ~12 positives in test set — interpret as exploratory
20:59:57   invivo_sampling_salt_stripped_broad_fp512_logistic: MCC=0.3636 [-0.0061,0.6950] t=0.14 AD=0.38 HP=0.2917
20:59:57     ⚠ CAUTION: only ~12 positives in test set — interpret as exploratory
20:59:58   invivo_sampling_salt_stripped_broad_fp512_ann: MCC=0.3924 [0.0748,0.6644] t=0.32 AD=0.38 HP=0.431
20:59:58     ⚠ CAUTION: only ~12 positives in test set — interpret as exploratory
21:00:00   invivo_sampling_salt_stripped_broad_fp1024_xgb: MCC=0.8269 [0.6459,1.0000] t=0.12 AD=0.38 HP=0.7071
21:00:00     ⚠ CAUTION: only ~12 positives in test set — interpret as exploratory; WARNING: test-CV gap=0.508 — possible split luck or CV instability
21:00:02   invivo_sampling_salt_stripped_broad_fp1024_lgbm: MCC=0.7735 [0.5479,0.9566] t=0.44 AD=0.38 HP=0.7686
21:00:02     ⚠ CAUTION: only ~12 positives in test set — interpret as exploratory; WARNING: test-CV gap=0.454 — possible split luck or CV instability
21:00:05   invivo_sampling_salt_stripped_broad_fp1024_rf: MCC=0.5624 [0.2458,0.8076] t=0.28 AD=0.38 HP=0.4831
21:00:05     ⚠ CAUTION: only ~12 positives in test set — interpret as exploratory; WARNING: test-CV gap=0.243 — possible split luck or CV instability
21:00:06   invivo_sampling_salt_stripped_broad_fp1024_svm: MCC=0.4210 [0.0000,0.6735] t=0.34 AD=0.38 HP=0.4459
21:00:06     ⚠ CAUTION: only ~12 positives in test set — interpret as exploratory
21:00:13   invivo_sampling_salt_stripped_broad_fp1024_logistic: MCC=0.2397 [-0.0932,0.5433] t=0.14 AD=0.38 HP=0.411
21:00:13     ⚠ CAUTION: only ~12 positives in test set — interpret as exploratory
21:00:15   invivo_sampling_salt_stripped_broad_fp1024_ann: MCC=0.1103 [-0.2175,0.4842] t=0.18 AD=0.38 HP=0.411
21:00:15     ⚠ CAUTION: only ~12 positives in test set — interpret as exploratory; WARNING: test-CV gap=0.209 — possible split luck or CV instability
21:00:18   invivo_sampling_salt_stripped_broad_fp2048_xgb: MCC=0.7724 [0.5587,0.9582] t=0.34 AD=0.38 HP=0.8879
21:00:18     ⚠ CAUTION: only ~12 positives in test set — interpret as exploratory; WARNING: test-CV gap=0.453 — possible split luck or CV instability
21:00:20   invivo_sampling_salt_stripped_broad_fp2048_lgbm: MCC=0.7109 [0.4441,0.9241] t=0.2 AD=0.38 HP=0.8311
21:00:20     ⚠ CAUTION: only ~12 positives in test set — interpret as exploratory; WARNING: test-CV gap=0.392 — possible split luck or CV instability
21:00:23   invivo_sampling_salt_stripped_broad_fp2048_rf: MCC=0.6874 [0.3887,0.8815] t=0.36 AD=0.38 HP=0.483
21:00:23     ⚠ CAUTION: only ~12 positives in test set — interpret as exploratory; WARNING: test-CV gap=0.368 — possible split luck or CV instability
21:00:24   invivo_sampling_salt_stripped_broad_fp2048_svm: MCC=0.2900 [-0.0251,0.6368] t=0.3 AD=0.38 HP=0.3033
21:00:24     ⚠ CAUTION: only ~12 positives in test set — interpret as exploratory
21:00:36   invivo_sampling_salt_stripped_broad_fp2048_logistic: MCC=0.4664 [0.0992,0.7527] t=0.12 AD=0.38 HP=0.4722
21:00:36     ⚠ CAUTION: only ~12 positives in test set — interpret as exploratory
21:00:41   invivo_sampling_salt_stripped_broad_fp2048_ann: MCC=0.2809 [-0.0306,0.5789] t=0.38 AD=0.38 HP=0.5302
21:00:41     ⚠ CAUTION: only ~12 positives in test set — interpret as exploratory
21:05:42     GNN HP tuning failed: Object of type int32 is not JSON serializable
21:05:42   invivo_sampling_salt_stripped_graph_gnn: MCC=-0.0069 [-0.2176,0.3708] AD=0.38 HP=None
21:05:42     ⚠ CAUTION: only ~12 positives in test set — interpret as exploratory; WARNING: test-CV gap=0.326 — possible split luck or CV instability
21:05:42   HP tuning comparison: 375 rows
21:05:42     [ames] HP tuning: mean Δ=+0.0186, improved 53/75 combos
21:05:42     [invitro] HP tuning: mean Δ=+0.0117, improved 39/75 combos
21:05:42     [invivo] HP tuning: mean Δ=+0.0548, improved 41/75 combos
21:05:42     [invitro_sampling] HP tuning: mean Δ=+0.0251, improved 37/75 combos
21:05:42     [invivo_sampling] HP tuning: mean Δ=+0.0245, improved 46/75 combos
21:05:42   Saved all_locked_test.csv: 375 rows, 44 columns
21:05:42 STEP 6: LDO + Checklist
21:05:54   [ames] FG features: 618 columns
21:05:57   [ames] Physchem features: 13 columns
21:06:06   [ames] FG features: 618 columns
21:06:09   [ames] Physchem features: 13 columns
21:06:21   [ames] FG features: 618 columns
21:06:24   [ames] Physchem features: 13 columns
21:06:33   [ames] FG features: 618 columns
21:06:36   [ames] Physchem features: 13 columns
21:06:38   LDO drug→industrial: MCC=0.2341
21:06:38   LDO industrial→drug: MCC=0.1222
21:06:38 
Checklist (18/20):
21:06:38   [✓] fixed_split
21:06:38   [✓] conflicts
21:06:38   [✓] domain_diagnosed
21:06:38   [✓] domain_ldo
21:06:38   [✓] cross_ep
21:06:38   [✓] cv_selection
21:06:38   [✓] cv_unique_folds
21:06:38   [✓] full_grid
21:06:38   [✓] no_empty_mcc
21:06:38   [✗] broad_fp_included
21:06:38   [✓] logistic_included
21:06:38   [✓] cv_selected_1_per_ep
21:06:38   [✓] bootstrap_ci
21:06:38   [✓] ad_computed
21:06:38   [✓] calibration
21:06:38   [✓] threshold_oof
21:06:38   [✓] paper_primary_1_per_ep
21:06:38   [✓] warnings_present
21:06:38   [✓] all_columns_complete
21:06:38   [✗] hp_tuning_complete
21:06:38 
DONE in 96292s: C:\Users\Administrator\Documents\GitHub\Genotox_model\genotox_pipeline_v2\runs\20260325_182146_v11
