09:44:14 Pipeline v12 — Bug-Fixed Single Run
  C:\Users\Administrator\Documents\GitHub\Genotox_model\genotox_pipeline_v2\runs\20260504_094414_v12
09:44:14 STEP 1: Load + Clean
09:44:14   [ames] n=14771 pos=0.2843
09:44:14   [invitro] n=1656 pos=0.1051
09:44:14   [invivo] n=2199 pos=0.0350
09:44:14   [invitro_sampling] n=348 pos=0.5000
09:44:14   [invivo_sampling] n=231 pos=0.3333
09:44:17   ⚠ Domain predictor acc: 0.7611
09:44:23   [ames] 14771 → 13560 (conflicts=169)
09:44:24   [invitro] 1656 → 1619 (conflicts=3)
09:44:25   [invivo] 2199 → 2153 (conflicts=2)
09:44:25   [invitro_sampling] 348 → 345 (conflicts=0)
09:44:25   [invivo_sampling] 231 → 231 (conflicts=0)
09:44:25 STEP 2: Preprocessing Flags
09:44:27     Classified 2000/13560 compounds...
09:44:28     Classified 4000/13560 compounds...
09:44:30     Classified 6000/13560 compounds...
09:44:31     Classified 8000/13560 compounds...
09:44:33     Classified 10000/13560 compounds...
09:44:34     Classified 12000/13560 compounds...
09:44:38     Classified 2000/2153 compounds...
09:44:39 STEP 3: Fixed Split
09:44:45   [ames] train=10848 test=2712 pos_diff=0.0136
09:44:46   [invitro] train=1295 test=324 pos_diff=0.0246
09:44:46   [invivo] train=1722 test=431 pos_diff=0.0087
09:44:47   [invitro_sampling] train=276 test=69 pos_diff=0.1304
09:44:47   [invivo_sampling] train=184 test=47 pos_diff=0.0979
09:44:47 STEP 4: Scenario Selection (Train CV)
09:45:00   [ames] FG features: 618 columns (smi_col=_analysis_smiles)
09:45:03   [ames] Physchem features: 13 columns
09:45:07   [ames/raw_all] CV_MCC=0.6387±0.0476
09:45:19   [ames] FG features: 618 columns (smi_col=_analysis_smiles)
09:45:22   [ames] Physchem features: 13 columns
09:45:26   [ames/no_metal] CV_MCC=0.6204±0.0630
09:45:26   salt_stripped: 6062/13560 SMILES changed
09:45:38   [ames] FG features: 618 columns (smi_col=_analysis_smiles)
09:45:42   [ames] Physchem features: 13 columns
09:45:46   [ames/salt_stripped] CV_MCC=0.6376±0.0534
09:45:46   [ames] ★ Best: raw_all (CV=0.6387)
09:45:47   [invitro] FG features: 618 columns (smi_col=_analysis_smiles)
09:45:48   [invitro] Physchem features: 13 columns
09:45:50   [invitro/raw_all] CV_MCC=0.1389±0.0992
09:45:51   [invitro] FG features: 618 columns (smi_col=_analysis_smiles)
09:45:52   [invitro] Physchem features: 13 columns
09:45:54   [invitro/no_metal] CV_MCC=0.2058±0.1270
09:45:54   salt_stripped: 1317/1619 SMILES changed
09:45:55   [invitro] FG features: 618 columns (smi_col=_analysis_smiles)
09:45:56   [invitro] Physchem features: 13 columns
09:45:58   [invitro/salt_stripped] CV_MCC=0.0942±0.0971
09:45:58   [invitro] ★ Best: no_metal (CV=0.2058)
09:46:00   [invivo] FG features: 618 columns (smi_col=_analysis_smiles)
09:46:00   [invivo] Physchem features: 13 columns
09:46:02   [invivo/raw_all] CV_MCC=0.0677±0.1013
09:46:04   [invivo] FG features: 618 columns (smi_col=_analysis_smiles)
09:46:04   [invivo] Physchem features: 13 columns
09:46:06   [invivo/no_metal] CV_MCC=0.0588±0.1214
09:46:06   salt_stripped: 1785/2153 SMILES changed
09:46:08   [invivo] FG features: 618 columns (smi_col=_analysis_smiles)
09:46:09   [invivo] Physchem features: 13 columns
09:46:11   [invivo/salt_stripped] CV_MCC=0.0984±0.1418
09:46:11   [invivo] ★ Best: salt_stripped (CV=0.0984)
09:46:12   [invitro_sampling] FG features: 618 columns (smi_col=_analysis_smiles)
09:46:12   [invitro_sampling] Physchem features: 13 columns
09:46:13   [invitro_sampling/raw_all] CV_MCC=0.3020±0.1330
09:46:13   [invitro_sampling] FG features: 618 columns (smi_col=_analysis_smiles)
09:46:14   [invitro_sampling] Physchem features: 13 columns
09:46:15   [invitro_sampling/no_metal] CV_MCC=0.4203±0.1203
09:46:15   salt_stripped: 309/345 SMILES changed
09:46:15   [invitro_sampling] FG features: 618 columns (smi_col=_analysis_smiles)
09:46:15   [invitro_sampling] Physchem features: 13 columns
09:46:17   [invitro_sampling/salt_stripped] CV_MCC=0.2370±0.1290
09:46:17   [invitro_sampling] ★ Best: no_metal (CV=0.4203)
09:46:17   [invivo_sampling] FG features: 618 columns (smi_col=_analysis_smiles)
09:46:17   [invivo_sampling] Physchem features: 13 columns
09:46:18   [invivo_sampling/raw_all] CV_MCC=0.4019±0.1729
09:46:19   [invivo_sampling] FG features: 618 columns (smi_col=_analysis_smiles)
09:46:19   [invivo_sampling] Physchem features: 13 columns
09:46:20   [invivo_sampling/no_metal] CV_MCC=0.2594±0.1921
09:46:20   salt_stripped: 208/231 SMILES changed
09:46:20   [invivo_sampling] FG features: 618 columns (smi_col=_analysis_smiles)
09:46:20   [invivo_sampling] Physchem features: 13 columns
09:46:21   [invivo_sampling/salt_stripped] CV_MCC=0.3415±0.1776
09:46:21   [invivo_sampling] ★ Best: raw_all (CV=0.4019)
09:46:21 STEP 5: Locked Test (all combos)
09:46:21   [ames] Pre-computing features...
09:46:38   [ames] FG features: 618 columns (smi_col=_analysis_smiles)
09:46:43   [ames] Physchem features: 13 columns
09:46:45   [ames] Fingerprint: 512 bits (smi_col=_analysis_smiles)
09:46:56   [ames] Fingerprint: 1024 bits (smi_col=_analysis_smiles)
09:47:09   [ames] Fingerprint: 2048 bits (smi_col=_analysis_smiles)
09:47:37     SHAP failed: could not convert string to float: '[5E-1]'
09:47:37   ames_raw_all_compact_xgb: MCC=0.4699 [0.4342,0.5021] t=0.62 AD=0.57 ★
09:47:51   ames_raw_all_compact_lgbm: MCC=0.4791 [0.4431,0.5111] t=0.56 AD=0.57
09:48:00     SHAP failed: Per-column arrays must each be 1-dimensional
09:48:00   ames_raw_all_compact_rf: MCC=0.4920 [0.4522,0.5268] t=0.54 AD=0.57
09:50:31   ames_raw_all_compact_svm: MCC=0.4702 [0.4287,0.5058] t=0.34 AD=0.57
09:50:55   ames_raw_all_compact_logistic: MCC=0.4295 [0.3941,0.4599] t=0.6 AD=0.57
09:51:13   ames_raw_all_compact_ann: MCC=0.4885 [0.4485,0.5246] t=0.4 AD=0.57
09:51:20     SHAP failed: could not convert string to float: '[5E-1]'
09:51:20   ames_raw_all_broad_fp512_xgb: MCC=0.5409 [0.5071,0.5738] t=0.5 AD=0.57
09:51:34   ames_raw_all_broad_fp512_lgbm: MCC=0.5272 [0.4917,0.5597] t=0.66 AD=0.57
09:51:45     SHAP failed: Per-column arrays must each be 1-dimensional
09:51:45   ames_raw_all_broad_fp512_rf: MCC=0.5377 [0.5032,0.5710] t=0.54 AD=0.57
09:57:10   ames_raw_all_broad_fp512_svm: MCC=0.5326 [0.4953,0.5688] t=0.32 AD=0.57
09:58:06   ames_raw_all_broad_fp512_logistic: MCC=0.4692 [0.4338,0.4997] t=0.52 AD=0.57
09:58:24   ames_raw_all_broad_fp512_ann: MCC=0.4743 [0.4378,0.5072] t=0.36 AD=0.57
09:58:32     SHAP failed: could not convert string to float: '[5E-1]'
09:58:32   ames_raw_all_broad_fp1024_xgb: MCC=0.5238 [0.4869,0.5575] t=0.54 AD=0.57
09:58:48   ames_raw_all_broad_fp1024_lgbm: MCC=0.5509 [0.5140,0.5825] t=0.5 AD=0.57
09:59:02     SHAP failed: Per-column arrays must each be 1-dimensional
09:59:02   ames_raw_all_broad_fp1024_rf: MCC=0.5360 [0.4979,0.5699] t=0.54 AD=0.57
10:09:49   ames_raw_all_broad_fp1024_svm: MCC=0.5096 [0.4707,0.5468] t=0.3 AD=0.57
10:11:18   ames_raw_all_broad_fp1024_logistic: MCC=0.4706 [0.4369,0.5066] t=0.6 AD=0.57
10:11:40   ames_raw_all_broad_fp1024_ann: MCC=0.5190 [0.4820,0.5541] t=0.38 AD=0.57
10:11:50     SHAP failed: could not convert string to float: '[5E-1]'
10:11:50   ames_raw_all_broad_fp2048_xgb: MCC=0.5551 [0.5220,0.5882] t=0.56 AD=0.57
10:12:06   ames_raw_all_broad_fp2048_lgbm: MCC=0.5305 [0.4953,0.5642] t=0.56 AD=0.57
10:12:23     SHAP failed: Per-column arrays must each be 1-dimensional
10:12:23   ames_raw_all_broad_fp2048_rf: MCC=0.5096 [0.4720,0.5422] t=0.5 AD=0.57
10:29:55   ames_raw_all_broad_fp2048_svm: MCC=0.5485 [0.5138,0.5832] t=0.3 AD=0.57
10:32:01   ames_raw_all_broad_fp2048_logistic: MCC=0.5080 [0.4744,0.5416] t=0.64 AD=0.57
10:32:23   ames_raw_all_broad_fp2048_ann: MCC=0.5413 [0.5018,0.5782] t=0.36 AD=0.57
