09:08:31 Pipeline v12 -- Bug-Fixed Single Run
  C:\Users\Administrator\Documents\GitHub\Genotox_model\genotox_pipeline_v3\runs\20260506_090831_v12
09:08:31 STEP 1: Load + Clean
09:08:31   [ames] n=14771 pos=0.2843
09:08:31   [invitro] n=1656 pos=0.1051
09:08:31   [invivo] n=2199 pos=0.0350
09:08:31   [invitro_sampling] n=348 pos=0.5000
09:08:31   [invivo_sampling] n=231 pos=0.3333
09:08:34   ⚠ Domain predictor acc: 0.7611
09:08:40   [ames] 14771 → 13560 (conflicts=169)
09:08:41   [invitro] 1656 → 1619 (conflicts=3)
09:08:42   [invivo] 2199 → 2153 (conflicts=2)
09:08:42   [invitro_sampling] 348 → 345 (conflicts=0)
09:08:42   [invivo_sampling] 231 → 231 (conflicts=0)
09:08:42 STEP 2: Preprocessing Flags
09:08:43     Classified 2000/13560 compounds...
09:08:45     Classified 4000/13560 compounds...
09:08:46     Classified 6000/13560 compounds...
09:08:48     Classified 8000/13560 compounds...
09:08:49     Classified 10000/13560 compounds...
09:08:51     Classified 12000/13560 compounds...
09:08:55     Classified 2000/2153 compounds...
09:08:56 STEP 3: Fixed Split
09:09:02   [ames] train=10848 test=2712 pos_diff=0.0136
09:09:02   [invitro] train=1295 test=324 pos_diff=0.0246
09:09:03   [invivo] train=1722 test=431 pos_diff=0.0087
09:09:03   [invitro_sampling] train=276 test=69 pos_diff=0.1304
09:09:03   [invivo_sampling] train=184 test=47 pos_diff=0.0979
09:09:03 STEP 4: Scenario Selection (Train CV)
09:09:16   [ames] FG features: 618 columns (smi_col=_analysis_smiles)
09:09:19   [ames] Physchem features: 13 columns
09:09:28   [ames/raw_all] CV_MCC=0.6410±0.0512
09:09:40   [ames] FG features: 618 columns (smi_col=_analysis_smiles)
09:09:43   [ames] Physchem features: 13 columns
09:09:51   [ames/no_metal] CV_MCC=0.6288±0.0616
09:09:51   salt_stripped: 6062/13560 SMILES changed
09:10:04   [ames] FG features: 618 columns (smi_col=_analysis_smiles)
09:10:07   [ames] Physchem features: 13 columns
09:10:16   [ames/salt_stripped] CV_MCC=0.6410±0.0526
09:10:16   [ames] * Best: raw_all (CV=0.6410)
09:10:17   [invitro] FG features: 618 columns (smi_col=_analysis_smiles)
09:10:17   [invitro] Physchem features: 13 columns
09:10:22   [invitro/raw_all] CV_MCC=0.1667±0.1034
09:10:23   [invitro] FG features: 618 columns (smi_col=_analysis_smiles)
09:10:23   [invitro] Physchem features: 13 columns
09:10:27   [invitro/no_metal] CV_MCC=0.2032±0.1252
09:10:27   salt_stripped: 1317/1619 SMILES changed
09:10:29   [invitro] FG features: 618 columns (smi_col=_analysis_smiles)
09:10:29   [invitro] Physchem features: 13 columns
09:10:33   [invitro/salt_stripped] CV_MCC=0.0913±0.0894
09:10:33   [invitro] * Best: no_metal (CV=0.2032)
09:10:35   [invivo] FG features: 618 columns (smi_col=_analysis_smiles)
09:10:36   [invivo] Physchem features: 13 columns
09:10:41   [invivo/raw_all] CV_MCC=0.0794±0.1164
09:10:42   [invivo] FG features: 618 columns (smi_col=_analysis_smiles)
09:10:42   [invivo] Physchem features: 13 columns
09:10:47   [invivo/no_metal] CV_MCC=0.0921±0.1570
09:10:47   salt_stripped: 1785/2153 SMILES changed
09:10:49   [invivo] FG features: 618 columns (smi_col=_analysis_smiles)
09:10:49   [invivo] Physchem features: 13 columns
09:10:54   [invivo/salt_stripped] CV_MCC=0.0884±0.1147
09:10:54   [invivo] * Best: no_metal (CV=0.0921)
09:10:54   [invitro_sampling] FG features: 618 columns (smi_col=_analysis_smiles)
09:10:55   [invitro_sampling] Physchem features: 13 columns
09:10:57   [invitro_sampling/raw_all] CV_MCC=0.2991±0.1333
09:10:57   [invitro_sampling] FG features: 618 columns (smi_col=_analysis_smiles)
09:10:57   [invitro_sampling] Physchem features: 13 columns
09:11:00   [invitro_sampling/no_metal] CV_MCC=0.4223±0.1155
09:11:00   salt_stripped: 309/345 SMILES changed
09:11:00   [invitro_sampling] FG features: 618 columns (smi_col=_analysis_smiles)
09:11:00   [invitro_sampling] Physchem features: 13 columns
09:11:02   [invitro_sampling/salt_stripped] CV_MCC=0.2351±0.1524
09:11:02   [invitro_sampling] * Best: no_metal (CV=0.4223)
09:11:03   [invivo_sampling] FG features: 618 columns (smi_col=_analysis_smiles)
09:11:03   [invivo_sampling] Physchem features: 13 columns
09:11:05   [invivo_sampling/raw_all] CV_MCC=0.4017±0.1884
09:11:05   [invivo_sampling] FG features: 618 columns (smi_col=_analysis_smiles)
09:11:05   [invivo_sampling] Physchem features: 13 columns
09:11:06   [invivo_sampling/no_metal] CV_MCC=0.2577±0.1887
09:11:06   salt_stripped: 208/231 SMILES changed
09:11:07   [invivo_sampling] FG features: 618 columns (smi_col=_analysis_smiles)
09:11:07   [invivo_sampling] Physchem features: 13 columns
09:11:09   [invivo_sampling/salt_stripped] CV_MCC=0.3232±0.1811
09:11:09   [invivo_sampling] * Best: raw_all (CV=0.4017)
09:11:09 STEP 5: Locked Test (all combos)
09:11:09   [ames] Pre-computing features...
09:11:26   [ames] FG features: 618 columns (smi_col=_analysis_smiles)
09:11:30   [ames] Physchem features: 13 columns
09:11:32   [ames] Fingerprint: 512 bits (smi_col=_analysis_smiles)
09:11:43   [ames] Fingerprint: 1024 bits (smi_col=_analysis_smiles)
09:11:56   [ames] Fingerprint: 2048 bits (smi_col=_analysis_smiles)
09:12:09   Domain stats: industrial n=5821 pos=0.0283 | drug n=5027 pos=0.5902
09:12:09   Prior shift ratio: 20.82x → w_ind range: 1.0~4.56 | w_drug range: 0.22~1.0
09:13:12     Domain weight grid: best w_ind=1.00 w_drug=0.30 mcc=0.7099 (searched 36 combos)
09:13:12   Domain sample weights were selected via 5-fold OOF CV grid search (36 combinations). The candidate range for w_industrial was log-uniformly derived from the empirical prior shift ratio (p_drug / p_industrial), capped at the square-root of the ratio to avoid over-correction. The criterion was OOF mcc. Optimal: w_industrial=1.0, w_drug=0.3.
09:13:12   [ames] n_train=10848 > 10k -- HP tuning skipped for svm
09:13:37     SHAP failed: could not convert string to float: '[3.040162E-1]'
09:13:37   ames_raw_all_compact_xgb: MCC=0.5267 [0.4877,0.5621] t=0.54 AD=0.57 * (24s)
09:13:53   ames_raw_all_compact_lgbm: MCC=0.5226 [0.4860,0.5562] t=0.6 AD=0.57 (16s)
09:14:12     SHAP failed: Per-column arrays must each be 1-dimensional
09:14:12   ames_raw_all_compact_rf: MCC=0.5168 [0.4796,0.5533] t=0.52 AD=0.57 (19s)
09:15:39   ames_raw_all_compact_svm: MCC=0.4324 [0.3939,0.4680] t=0.38 AD=0.57 (87s)
09:20:24   ames_raw_all_compact_logistic: MCC=0.4260 [0.3921,0.4589] t=0.62 AD=0.57 (285s)
09:21:04   ames_raw_all_compact_ann: MCC=0.5105 [0.4743,0.5454] t=0.34 AD=0.57 (40s)
09:21:04   Domain stats: industrial n=5821 pos=0.0283 | drug n=5027 pos=0.5902
09:21:04   Prior shift ratio: 20.82x → w_ind range: 1.0~4.56 | w_drug range: 0.22~1.0
09:22:18     Domain weight grid: best w_ind=1.84 w_drug=0.54 mcc=0.7200 (searched 36 combos)
09:22:18   Domain sample weights were selected via 5-fold OOF CV grid search (36 combinations). The candidate range for w_industrial was log-uniformly derived from the empirical prior shift ratio (p_drug / p_industrial), capped at the square-root of the ratio to avoid over-correction. The criterion was OOF mcc. Optimal: w_industrial=1.84, w_drug=0.54.
09:22:18   [ames] n_train=10848 > 10k -- HP tuning skipped for svm
09:22:32     SHAP failed: could not convert string to float: '[3.0116454E-1]'
09:22:32   ames_raw_all_broad_fp512_xgb: MCC=0.5695 [0.5303,0.6027] t=0.46 AD=0.57 (14s)
09:22:48   ames_raw_all_broad_fp512_lgbm: MCC=0.5612 [0.5240,0.5995] t=0.62 AD=0.57 (17s)
09:23:09     SHAP failed: Per-column arrays must each be 1-dimensional
09:23:09   ames_raw_all_broad_fp512_rf: MCC=0.5369 [0.5005,0.5766] t=0.5 AD=0.57 (21s)
09:24:49   ames_raw_all_broad_fp512_svm: MCC=0.4986 [0.4628,0.5351] t=0.4 AD=0.57 (100s)
09:30:42   ⚠ logistic took 353s on ames/broad_fp512 (n=10848)
09:30:42   ames_raw_all_broad_fp512_logistic: MCC=0.4714 [0.4386,0.5029] t=0.68 AD=0.57 (353s)
09:31:20   ames_raw_all_broad_fp512_ann: MCC=0.5410 [0.5054,0.5762] t=0.36 AD=0.57 (38s)
09:31:20   Domain stats: industrial n=5821 pos=0.0283 | drug n=5027 pos=0.5902
09:31:20   Prior shift ratio: 20.82x → w_ind range: 1.0~4.56 | w_drug range: 0.22~1.0
09:32:40     Domain weight grid: best w_ind=1.00 w_drug=0.40 mcc=0.7272 (searched 36 combos)
09:32:40   Domain sample weights were selected via 5-fold OOF CV grid search (36 combinations). The candidate range for w_industrial was log-uniformly derived from the empirical prior shift ratio (p_drug / p_industrial), capped at the square-root of the ratio to avoid over-correction. The criterion was OOF mcc. Optimal: w_industrial=1.0, w_drug=0.4.
09:32:40   [ames] n_train=10848 > 10k -- HP tuning skipped for svm
09:32:55     SHAP failed: could not convert string to float: '[3.4476703E-1]'
09:32:55   ames_raw_all_broad_fp1024_xgb: MCC=0.5549 [0.5178,0.5893] t=0.58 AD=0.57 (16s)
09:33:13   ames_raw_all_broad_fp1024_lgbm: MCC=0.5687 [0.5307,0.6015] t=0.52 AD=0.57 (18s)
09:33:39     SHAP failed: Per-column arrays must each be 1-dimensional
09:33:39   ames_raw_all_broad_fp1024_rf: MCC=0.5294 [0.4927,0.5647] t=0.54 AD=0.57 (25s)
09:35:13   ames_raw_all_broad_fp1024_svm: MCC=0.5199 [0.4854,0.5558] t=0.42 AD=0.57 (94s)
09:40:26   ⚠ logistic took 313s on ames/broad_fp1024 (n=10848)
09:40:26   ames_raw_all_broad_fp1024_logistic: MCC=0.4999 [0.4668,0.5324] t=0.58 AD=0.57 (313s)
09:41:12   ames_raw_all_broad_fp1024_ann: MCC=0.5641 [0.5283,0.6012] t=0.32 AD=0.57 (47s)
09:41:12   Domain stats: industrial n=5821 pos=0.0283 | drug n=5027 pos=0.5902
09:41:12   Prior shift ratio: 20.82x → w_ind range: 1.0~4.56 | w_drug range: 0.22~1.0
09:42:37     Domain weight grid: best w_ind=1.35 w_drug=0.40 mcc=0.7242 (searched 36 combos)
09:42:37   Domain sample weights were selected via 5-fold OOF CV grid search (36 combinations). The candidate range for w_industrial was log-uniformly derived from the empirical prior shift ratio (p_drug / p_industrial), capped at the square-root of the ratio to avoid over-correction. The criterion was OOF mcc. Optimal: w_industrial=1.35, w_drug=0.4.
09:42:37   [ames] n_train=10848 > 10k -- HP tuning skipped for svm
09:42:54     SHAP failed: could not convert string to float: '[3.0239972E-1]'
09:42:54   ames_raw_all_broad_fp2048_xgb: MCC=0.5752 [0.5393,0.6100] t=0.58 AD=0.57 (17s)
09:43:12   ames_raw_all_broad_fp2048_lgbm: MCC=0.5790 [0.5431,0.6137] t=0.58 AD=0.57 (18s)
09:43:42     SHAP failed: Per-column arrays must each be 1-dimensional
09:43:42   ames_raw_all_broad_fp2048_rf: MCC=0.5231 [0.4819,0.5590] t=0.5 AD=0.57 (30s)
09:45:35   ames_raw_all_broad_fp2048_svm: MCC=0.5339 [0.4989,0.5704] t=0.4 AD=0.57 (113s)
09:51:30   ⚠ logistic took 354s on ames/broad_fp2048 (n=10848)
09:51:30   ames_raw_all_broad_fp2048_logistic: MCC=0.5072 [0.4721,0.5401] t=0.66 AD=0.57 (354s)
09:52:46   ames_raw_all_broad_fp2048_ann: MCC=0.5406 [0.5042,0.5757] t=0.38 AD=0.57 (76s)
