13:56:00 Pipeline v12 -- Bug-Fixed Single Run
  C:\Users\Administrator\Documents\GitHub\Genotox_model\genotox_pipeline_v3\runs\20260506_135600_v12
13:56:00 STEP 1: Load + Clean
13:56:00   [ames] n=14771 pos=0.2843
13:56:00   [invitro] n=1656 pos=0.1051
13:56:00   [invivo] n=2199 pos=0.0350
13:56:00   [invitro_sampling] n=348 pos=0.5000
13:56:00   [invivo_sampling] n=231 pos=0.3333
13:56:03   ⚠ Domain predictor acc: 0.7611
13:56:09   [ames] 14771 → 13560 (conflicts=169)
13:56:10   [invitro] 1656 → 1619 (conflicts=3)
13:56:10   [invivo] 2199 → 2153 (conflicts=2)
13:56:11   [invitro_sampling] 348 → 345 (conflicts=0)
13:56:11   [invivo_sampling] 231 → 231 (conflicts=0)
13:56:11 STEP 2: Preprocessing Flags
13:56:12     Classified 2000/13560 compounds...
13:56:14     Classified 4000/13560 compounds...
13:56:15     Classified 6000/13560 compounds...
13:56:17     Classified 8000/13560 compounds...
13:56:18     Classified 10000/13560 compounds...
13:56:20     Classified 12000/13560 compounds...
13:56:24     Classified 2000/2153 compounds...
13:56:25 STEP 3: Fixed Split
13:56:31   [ames] train=10848 test=2712 pos_diff=0.0136
13:56:31   [invitro] train=1295 test=324 pos_diff=0.0246
13:56:32   [invivo] train=1722 test=431 pos_diff=0.0087
13:56:32   [invitro_sampling] train=276 test=69 pos_diff=0.1304
13:56:33   [invivo_sampling] train=184 test=47 pos_diff=0.0979
13:56:33 STEP 4: Scenario Selection (Train CV)
13:56:45   [ames] FG features: 618 columns (smi_col=_analysis_smiles)
13:56:49   [ames] Physchem features: 13 columns
13:56:58   [ames/raw_all] CV_MCC=0.6410±0.0512
13:57:10   [ames] FG features: 618 columns (smi_col=_analysis_smiles)
13:57:14   [ames] Physchem features: 13 columns
13:57:22   [ames/no_metal] CV_MCC=0.6288±0.0616
13:57:22   salt_stripped: 6062/13560 SMILES changed
13:57:34   [ames] FG features: 618 columns (smi_col=_analysis_smiles)
13:57:38   [ames] Physchem features: 13 columns
13:57:47   [ames/salt_stripped] CV_MCC=0.6410±0.0526
13:57:47   [ames] * Best: raw_all (CV=0.6410)
13:57:48   [invitro] FG features: 618 columns (smi_col=_analysis_smiles)
13:57:49   [invitro] Physchem features: 13 columns
13:57:53   [invitro/raw_all] CV_MCC=0.1667±0.1034
13:57:54   [invitro] FG features: 618 columns (smi_col=_analysis_smiles)
13:57:54   [invitro] Physchem features: 13 columns
13:57:59   [invitro/no_metal] CV_MCC=0.2032±0.1252
13:57:59   salt_stripped: 1317/1619 SMILES changed
13:58:00   [invitro] FG features: 618 columns (smi_col=_analysis_smiles)
13:58:00   [invitro] Physchem features: 13 columns
13:58:05   [invitro/salt_stripped] CV_MCC=0.0913±0.0894
13:58:05   [invitro] * Best: no_metal (CV=0.2032)
13:58:07   [invivo] FG features: 618 columns (smi_col=_analysis_smiles)
13:58:07   [invivo] Physchem features: 13 columns
13:58:12   [invivo/raw_all] CV_MCC=0.0794±0.1164
13:58:14   [invivo] FG features: 618 columns (smi_col=_analysis_smiles)
13:58:14   [invivo] Physchem features: 13 columns
13:58:19   [invivo/no_metal] CV_MCC=0.0921±0.1570
13:58:19   salt_stripped: 1785/2153 SMILES changed
13:58:21   [invivo] FG features: 618 columns (smi_col=_analysis_smiles)
13:58:21   [invivo] Physchem features: 13 columns
13:58:26   [invivo/salt_stripped] CV_MCC=0.0884±0.1147
13:58:26   [invivo] * Best: no_metal (CV=0.0921)
13:58:26   [invitro_sampling] FG features: 618 columns (smi_col=_analysis_smiles)
13:58:27   [invitro_sampling] Physchem features: 13 columns
13:58:29   [invitro_sampling/raw_all] CV_MCC=0.2991±0.1333
13:58:29   [invitro_sampling] FG features: 618 columns (smi_col=_analysis_smiles)
13:58:30   [invitro_sampling] Physchem features: 13 columns
13:58:32   [invitro_sampling/no_metal] CV_MCC=0.4223±0.1155
13:58:32   salt_stripped: 309/345 SMILES changed
13:58:32   [invitro_sampling] FG features: 618 columns (smi_col=_analysis_smiles)
13:58:32   [invitro_sampling] Physchem features: 13 columns
13:58:34   [invitro_sampling/salt_stripped] CV_MCC=0.2351±0.1524
13:58:34   [invitro_sampling] * Best: no_metal (CV=0.4223)
13:58:35   [invivo_sampling] FG features: 618 columns (smi_col=_analysis_smiles)
13:58:35   [invivo_sampling] Physchem features: 13 columns
13:58:37   [invivo_sampling/raw_all] CV_MCC=0.4017±0.1884
13:58:37   [invivo_sampling] FG features: 618 columns (smi_col=_analysis_smiles)
13:58:37   [invivo_sampling] Physchem features: 13 columns
13:58:38   [invivo_sampling/no_metal] CV_MCC=0.2577±0.1887
