17:40:15 Pipeline v12 — Bug-Fixed Single Run
  C:\Users\Administrator\Documents\GitHub\Genotox_model\genotox_pipeline_v3\runs\20260504_174015_v12
17:40:15 STEP 1: Load + Clean
17:40:15   [ames] n=14771 pos=0.2843
17:40:15   [invitro] n=1656 pos=0.1051
17:40:15   [invivo] n=2199 pos=0.0350
17:40:15   [invitro_sampling] n=348 pos=0.5000
17:40:15   [invivo_sampling] n=231 pos=0.3333
17:40:19   ⚠ Domain predictor acc: 0.7611
17:40:26   [ames] 14771 → 13560 (conflicts=169)
17:40:27   [invitro] 1656 → 1619 (conflicts=3)
17:40:28   [invivo] 2199 → 2153 (conflicts=2)
17:40:28   [invitro_sampling] 348 → 345 (conflicts=0)
17:40:28   [invivo_sampling] 231 → 231 (conflicts=0)
17:40:28 STEP 2: Preprocessing Flags
17:40:30     Classified 2000/13560 compounds...
17:40:31     Classified 4000/13560 compounds...
17:40:33     Classified 6000/13560 compounds...
17:40:35     Classified 8000/13560 compounds...
17:40:37     Classified 10000/13560 compounds...
17:40:39     Classified 12000/13560 compounds...
17:40:43     Classified 2000/2153 compounds...
17:40:44 STEP 3: Fixed Split
17:40:52   [ames] train=10848 test=2712 pos_diff=0.0136
17:40:53   [invitro] train=1295 test=324 pos_diff=0.0246
17:40:53   [invivo] train=1722 test=431 pos_diff=0.0087
17:40:54   [invitro_sampling] train=276 test=69 pos_diff=0.1304
17:40:54   [invivo_sampling] train=184 test=47 pos_diff=0.0979
17:40:54 STEP 4: Scenario Selection (Train CV)
17:41:07   [ames] FG features: 618 columns (smi_col=_analysis_smiles)
17:41:11   [ames] Physchem features: 13 columns
17:41:15   [ames/raw_all] CV_MCC=0.6387±0.0476
17:41:28   [ames] FG features: 618 columns (smi_col=_analysis_smiles)
17:41:33   [ames] Physchem features: 13 columns
17:41:37   [ames/no_metal] CV_MCC=0.6204±0.0630
17:41:37   salt_stripped: 6062/13560 SMILES changed
17:41:52   [ames] FG features: 618 columns (smi_col=_analysis_smiles)
17:41:56   [ames] Physchem features: 13 columns
17:42:00   [ames/salt_stripped] CV_MCC=0.6376±0.0534
17:42:00   [ames] ★ Best: raw_all (CV=0.6387)
17:42:01   [invitro] FG features: 618 columns (smi_col=_analysis_smiles)
17:42:02   [invitro] Physchem features: 13 columns
17:42:04   [invitro/raw_all] CV_MCC=0.1389±0.0992
17:42:06   [invitro] FG features: 618 columns (smi_col=_analysis_smiles)
17:42:06   [invitro] Physchem features: 13 columns
17:42:09   [invitro/no_metal] CV_MCC=0.2058±0.1270
17:42:09   salt_stripped: 1317/1619 SMILES changed
17:42:10   [invitro] FG features: 618 columns (smi_col=_analysis_smiles)
17:42:11   [invitro] Physchem features: 13 columns
17:42:13   [invitro/salt_stripped] CV_MCC=0.0942±0.0971
17:42:13   [invitro] ★ Best: no_metal (CV=0.2058)
17:42:15   [invivo] FG features: 618 columns (smi_col=_analysis_smiles)
17:42:16   [invivo] Physchem features: 13 columns
17:42:19   [invivo/raw_all] CV_MCC=0.0677±0.1013
17:42:20   [invivo] FG features: 618 columns (smi_col=_analysis_smiles)
17:42:21   [invivo] Physchem features: 13 columns
17:42:23   [invivo/no_metal] CV_MCC=0.0588±0.1214
17:42:23   salt_stripped: 1785/2153 SMILES changed
