18:06:53 Pipeline v12 — Bug-Fixed Single Run
  C:\Users\Administrator\Documents\GitHub\Genotox_model\genotox_pipeline_v3\runs\20260504_180653_v12
18:06:53 STEP 1: Load + Clean
18:06:53   [ames] n=14771 pos=0.2843
18:06:53   [invitro] n=1656 pos=0.1051
18:06:53   [invivo] n=2199 pos=0.0350
18:06:53   [invitro_sampling] n=348 pos=0.5000
18:06:53   [invivo_sampling] n=231 pos=0.3333
18:06:56   ⚠ Domain predictor acc: 0.7611
18:07:02   [ames] 14771 → 13560 (conflicts=169)
18:07:03   [invitro] 1656 → 1619 (conflicts=3)
18:07:04   [invivo] 2199 → 2153 (conflicts=2)
18:07:04   [invitro_sampling] 348 → 345 (conflicts=0)
18:07:04   [invivo_sampling] 231 → 231 (conflicts=0)
18:07:04 STEP 2: Preprocessing Flags
18:07:05     Classified 2000/13560 compounds...
18:07:07     Classified 4000/13560 compounds...
18:07:09     Classified 6000/13560 compounds...
18:07:10     Classified 8000/13560 compounds...
18:07:12     Classified 10000/13560 compounds...
18:07:13     Classified 12000/13560 compounds...
18:07:17     Classified 2000/2153 compounds...
18:07:18 STEP 3: Fixed Split
18:07:24   [ames] train=10848 test=2712 pos_diff=0.0136
18:07:24   [invitro] train=1295 test=324 pos_diff=0.0246
18:07:25   [invivo] train=1722 test=431 pos_diff=0.0087
18:07:25   [invitro_sampling] train=276 test=69 pos_diff=0.1304
18:07:25   [invivo_sampling] train=184 test=47 pos_diff=0.0979
18:07:25 STEP 4: Scenario Selection (Train CV)
18:07:38   [ames] FG features: 618 columns (smi_col=_analysis_smiles)
18:07:41   [ames] Physchem features: 13 columns
18:07:50   [ames/raw_all] CV_MCC=0.6410±0.0512
18:08:01   [ames] FG features: 618 columns (smi_col=_analysis_smiles)
18:08:04   [ames] Physchem features: 13 columns
18:08:12   [ames/no_metal] CV_MCC=0.6288±0.0616
18:08:12   salt_stripped: 6062/13560 SMILES changed
18:08:25   [ames] FG features: 618 columns (smi_col=_analysis_smiles)
18:08:28   [ames] Physchem features: 13 columns
18:08:37   [ames/salt_stripped] CV_MCC=0.6410±0.0526
18:08:37   [ames] ★ Best: raw_all (CV=0.6410)
18:08:38   [invitro] FG features: 618 columns (smi_col=_analysis_smiles)
18:08:38   [invitro] Physchem features: 13 columns
18:08:43   [invitro/raw_all] CV_MCC=0.1667±0.1034
18:08:44   [invitro] FG features: 618 columns (smi_col=_analysis_smiles)
18:08:44   [invitro] Physchem features: 13 columns
18:08:48   [invitro/no_metal] CV_MCC=0.2032±0.1252
18:08:48   salt_stripped: 1317/1619 SMILES changed
18:08:50   [invitro] FG features: 618 columns (smi_col=_analysis_smiles)
18:08:50   [invitro] Physchem features: 13 columns
18:08:54   [invitro/salt_stripped] CV_MCC=0.0913±0.0894
18:08:54   [invitro] ★ Best: no_metal (CV=0.2032)
18:08:56   [invivo] FG features: 618 columns (smi_col=_analysis_smiles)
18:08:57   [invivo] Physchem features: 13 columns
18:09:02   [invivo/raw_all] CV_MCC=0.0794±0.1164
18:09:03   [invivo] FG features: 618 columns (smi_col=_analysis_smiles)
18:09:03   [invivo] Physchem features: 13 columns
18:09:08   [invivo/no_metal] CV_MCC=0.0921±0.1570
18:09:08   salt_stripped: 1785/2153 SMILES changed
18:09:10   [invivo] FG features: 618 columns (smi_col=_analysis_smiles)
18:09:10   [invivo] Physchem features: 13 columns
18:09:15   [invivo/salt_stripped] CV_MCC=0.0884±0.1147
18:09:15   [invivo] ★ Best: no_metal (CV=0.0921)
18:09:15   [invitro_sampling] FG features: 618 columns (smi_col=_analysis_smiles)
18:09:15   [invitro_sampling] Physchem features: 13 columns
18:09:18   [invitro_sampling/raw_all] CV_MCC=0.2991±0.1333
18:09:18   [invitro_sampling] FG features: 618 columns (smi_col=_analysis_smiles)
18:09:18   [invitro_sampling] Physchem features: 13 columns
18:09:20   [invitro_sampling/no_metal] CV_MCC=0.4223±0.1155
18:09:20   salt_stripped: 309/345 SMILES changed
18:09:21   [invitro_sampling] FG features: 618 columns (smi_col=_analysis_smiles)
18:09:21   [invitro_sampling] Physchem features: 13 columns
18:09:23   [invitro_sampling/salt_stripped] CV_MCC=0.2351±0.1524
18:09:23   [invitro_sampling] ★ Best: no_metal (CV=0.4223)
18:09:23   [invivo_sampling] FG features: 618 columns (smi_col=_analysis_smiles)
18:09:24   [invivo_sampling] Physchem features: 13 columns
18:09:25   [invivo_sampling/raw_all] CV_MCC=0.4017±0.1884
18:09:26   [invivo_sampling] FG features: 618 columns (smi_col=_analysis_smiles)
18:09:26   [invivo_sampling] Physchem features: 13 columns
18:09:27   [invivo_sampling/no_metal] CV_MCC=0.2577±0.1887
18:09:27   salt_stripped: 208/231 SMILES changed
18:09:27   [invivo_sampling] FG features: 618 columns (smi_col=_analysis_smiles)
18:09:27   [invivo_sampling] Physchem features: 13 columns
18:09:29   [invivo_sampling/salt_stripped] CV_MCC=0.3232±0.1811
18:09:29   [invivo_sampling] ★ Best: raw_all (CV=0.4017)
18:09:29 STEP 5: Locked Test (all combos)
18:09:29   [ames] Pre-computing features...
18:09:46   [ames] FG features: 618 columns (smi_col=_analysis_smiles)
18:09:51   [ames] Physchem features: 13 columns
18:09:53   [ames] Fingerprint: 512 bits (smi_col=_analysis_smiles)
18:10:05   [ames] Fingerprint: 1024 bits (smi_col=_analysis_smiles)
18:10:17   [ames] Fingerprint: 2048 bits (smi_col=_analysis_smiles)
