13:13:29 Pipeline v11 — Clean Single Run
  C:\Users\Administrator\Documents\GitHub\Genotox_model\genotox_pipeline\runs\20260322_131329_v11_fpbits
13:13:29 STEP 1: Load + Clean
13:13:29   Looking for: C:\Users\Administrator\Documents\GitHub\Genotox_model\genotox_pipeline\data\ames_combine.xlsx
13:13:30   [ames] n=13714 pos=0.3051
13:13:30   Looking for: C:\Users\Administrator\Documents\GitHub\Genotox_model\genotox_pipeline\data\invitro_pre.csv
13:13:30   [invitro] n=1466 pos=0.1119
13:13:30   Looking for: C:\Users\Administrator\Documents\GitHub\Genotox_model\genotox_pipeline\data\invivo_pre.csv
13:13:30   [invivo] n=1935 pos=0.0367
13:13:33   ⚠ Domain predictor acc: 0.7438
13:13:38   [ames] 13714 → 12573 (conflicts=187)
13:13:39   [invitro] 1466 → 1465 (conflicts=0)
13:13:39   [invivo] 1935 → 1932 (conflicts=0)
13:13:39 STEP 2: Preprocessing Flags
13:13:41     Classified 2000/12573 compounds...
13:13:42     Classified 4000/12573 compounds...
13:13:44     Classified 6000/12573 compounds...
13:13:45     Classified 8000/12573 compounds...
13:13:47     Classified 10000/12573 compounds...
13:13:48     Classified 12000/12573 compounds...
13:13:51 STEP 3: Fixed Split
13:13:56   [ames] train=10058 test=2515 pos_diff=0.0027
13:13:57   [invitro] train=1172 test=293 pos_diff=0.006
13:13:57   [invivo] train=1545 test=387 pos_diff=0.0169
13:13:57 STEP 4: Scenario Selection (Train CV)
13:14:09   [ames] FG features: 618 columns
13:14:13   [ames] Physchem features: 13 columns
13:14:16   [ames/raw_all] CV_MCC=0.6325±0.0537 unique_folds=5
13:14:28   [ames] FG features: 618 columns
13:14:32   [ames] Physchem features: 13 columns
13:14:35   [ames/no_metal] CV_MCC=0.6325±0.0487 unique_folds=5
13:14:47   [ames] FG features: 618 columns
13:14:51   [ames] Physchem features: 13 columns
13:14:55   [ames/salt_stripped] CV_MCC=0.6329±0.0497 unique_folds=5
13:14:55   [ames] ★ Best: salt_stripped (CV=0.6329)
13:14:56   [invitro] FG features: 618 columns
13:14:56   [invitro] Physchem features: 13 columns
13:14:59   [invitro/raw_all] CV_MCC=0.1730±0.0900 unique_folds=5
13:15:00   [invitro] FG features: 618 columns
13:15:00   [invitro] Physchem features: 13 columns
13:15:03   [invitro/no_metal] CV_MCC=0.1881±0.1098 unique_folds=5
13:15:04   [invitro] FG features: 618 columns
13:15:04   [invitro] Physchem features: 13 columns
13:15:07   [invitro/salt_stripped] CV_MCC=0.1509±0.0825 unique_folds=5
13:15:07   [invitro] ★ Best: no_metal (CV=0.1881)
13:15:08   [invivo] FG features: 618 columns
13:15:09   [invivo] Physchem features: 13 columns
13:15:11   [invivo/raw_all] CV_MCC=0.1054±0.1385 unique_folds=5
13:15:13   [invivo] FG features: 618 columns
13:15:13   [invivo] Physchem features: 13 columns
13:15:16   [invivo/no_metal] CV_MCC=0.0755±0.1267 unique_folds=5
13:15:17   [invivo] FG features: 618 columns
13:15:18   [invivo] Physchem features: 13 columns
13:15:20   [invivo/salt_stripped] CV_MCC=0.1420±0.1382 unique_folds=5
13:15:20   [invivo] ★ Best: salt_stripped (CV=0.1420)
13:15:20 STEP 5: Locked Test (105 tabular + 3 GNN per ep)
13:15:20   [ames] Pre-computing features...
13:15:36   [ames] FG features: 618 columns
13:15:40   [ames] Physchem features: 13 columns
13:15:43   [ames] Fingerprint: 256 bits
13:15:43     fp256: 394 features (compact=138 + fp=256)
13:15:45   [ames] Fingerprint: 512 bits
13:15:45     fp512: 650 features (compact=138 + fp=512)
13:15:47   [ames] Fingerprint: 1024 bits
13:15:47     fp1024: 1162 features (compact=138 + fp=1024)
13:15:50   [ames] Fingerprint: 2048 bits
13:15:50     fp2048: 2186 features (compact=138 + fp=2048)
13:16:12   ames_raw_all_compact_xgb: MCC=0.3874 [0.3483,0.4251] t=0.54 AD=0.37 HP=0.4196
13:16:12     ⚠ WARNING: test-CV gap=0.245 — possible split luck or CV instability
13:16:59   ames_raw_all_compact_lgbm: MCC=0.4086 [0.3750,0.4417] t=0.48 AD=0.37 HP=0.4064
13:16:59     ⚠ WARNING: test-CV gap=0.224 — possible split luck or CV instability
13:17:19   ames_raw_all_compact_rf: MCC=0.4679 [0.4329,0.4985] t=0.56 AD=0.37 HP=0.5152
13:41:18   ames_raw_all_compact_svm: MCC=0.4374 [0.4008,0.4756] t=0.32 AD=0.37 HP=0.4366
13:42:11   ames_raw_all_compact_logistic: MCC=0.3719 [0.3402,0.4036] t=0.52 AD=0.37 HP=0.3664
13:42:11     ⚠ WARNING: test-CV gap=0.261 — possible split luck or CV instability
13:42:30   ames_raw_all_compact_ann: MCC=0.4213 [0.3867,0.4526] t=0.5 AD=0.37 HP=0.4229
13:42:30     ⚠ WARNING: test-CV gap=0.211 — possible split luck or CV instability
13:43:42   ames_raw_all_compact_dnn: MCC=0.4042 [0.3690,0.4411] t=0.36 AD=0.37 HP=0.4105
13:43:42     ⚠ WARNING: test-CV gap=0.228 — possible split luck or CV instability
13:44:01   ames_raw_all_broad_fp256_xgb: MCC=0.4652 [0.4301,0.5016] t=0.42 AD=0.37 HP=0.5219
13:44:58   ames_raw_all_broad_fp256_lgbm: MCC=0.4756 [0.4372,0.5095] t=0.5 AD=0.37 HP=0.4477
13:45:43   ames_raw_all_broad_fp256_rf: MCC=0.5043 [0.4685,0.5395] t=0.5 AD=0.37 HP=0.5474
