2026-06-01 14:06:08,035 [INFO] ============================================================
2026-06-01 14:06:08,035 [INFO]   DEPLOYMENT PIPELINE (v4-compatible)
2026-06-01 14:06:08,035 [INFO]   Results: runs\20260527_091038_v12_extened
2026-06-01 14:06:08,035 [INFO]   Data:    data
2026-06-01 14:06:08,035 [INFO]   Output:  output\deploy
2026-06-01 14:06:08,035 [INFO] ============================================================
2026-06-01 14:06:08,035 [INFO] 
[1] Identifying best models...
2026-06-01 14:06:08,050 [INFO]   [ames] xgb / salt_stripped / extended (MCC=0.5844)
2026-06-01 14:06:08,051 [INFO]   [invitro] lgbm / no_metal / broad_fp2048 (MCC=0.3549)
2026-06-01 14:06:08,051 [INFO]   [invivo] xgb / salt_stripped / extended (MCC=0.4462)
2026-06-01 14:06:08,052 [INFO]   [invitro_sampling] rf / no_metal / broad_fp1024 (MCC=0.6990)
2026-06-01 14:06:08,053 [INFO]   [invivo_sampling] xgb / raw_all / broad_fp2048 (MCC=0.8882)
2026-06-01 14:06:08,053 [INFO] 
式式式式式式式式式式式式式式式式式式式式式式式式式式式式式式式式式式式式式式式式式式式式式式式式式式
2026-06-01 14:06:08,053 [INFO] [2] Ames (stacking source)
2026-06-01 14:06:08,054 [INFO]   Config: xgb / salt_stripped / extended
2026-06-01 14:06:09,543 [INFO]   [ames] Load: 14771 ⊥ 13560 (conflicts=169)
2026-06-01 14:06:10,999 [INFO]     Classified 2000/13560 compounds...
2026-06-01 14:06:12,593 [INFO]     Classified 4000/13560 compounds...
2026-06-01 14:06:14,262 [INFO]     Classified 6000/13560 compounds...
2026-06-01 14:06:15,889 [INFO]     Classified 8000/13560 compounds...
2026-06-01 14:06:17,372 [INFO]     Classified 10000/13560 compounds...
2026-06-01 14:06:18,880 [INFO]     Classified 12000/13560 compounds...
2026-06-01 14:06:20,084 [INFO]   [ames] Flags: metals=1381, salts=1873
2026-06-01 14:06:27,159 [INFO]   After salt_stripped: 13560 rows
2026-06-01 14:06:33,890 [INFO]   [ames] FG features: 618 columns (smi_col=_analysis_smiles)
2026-06-01 14:06:38,729 [INFO]   [ames] Physchem features: 13 columns
2026-06-01 14:06:42,424 [INFO]   [ames] SA features: 104 columns (mean hits/mol: 1.41)
2026-06-01 14:06:56,677 [INFO]   [ames] Delta features: 34 columns (metal: 1414, severe_distortion: 264)
2026-06-01 14:07:06,177 [INFO]   [ames] Electronic descriptors: 56 columns
2026-06-01 14:07:06,346 [INFO]   Features: 623 cols
2026-06-01 14:07:06,374 [INFO]   Domain weights: ind=1.84, drug=1.00
2026-06-01 14:07:06,374 [INFO]   5-fold OOF CV...
2026-06-01 14:07:11,082 [INFO]   CV MCC: 0.7431 ▽ 0.0095
2026-06-01 14:07:11,473 [INFO]   Threshold: 0.230 ⊥ sens=0.930 spec=0.813 mcc=0.688
2026-06-01 14:07:12,391 [INFO]   Full retrain on 13560 samples...
2026-06-01 14:07:14,727 [INFO]   SHAP: sampling 2000/13560...
2026-06-01 14:07:14,731 [INFO]   SHAP: 2000 samples ▼ 623 features
2026-06-01 14:07:14,734 [INFO]   Trying XGBoost native pred_contribs...
2026-06-01 14:07:14,837 [INFO]   XGB native OK: shape=(2000, 623), base=-0.4583
2026-06-01 14:07:15,552 [INFO]   \u2713 shap_summary.png
2026-06-01 14:07:15,704 [INFO]   \u2713 shap_bar.png
2026-06-01 14:07:16,144 [INFO]   \u2713 shap_waterfall.png
2026-06-01 14:07:16,519 [INFO]   \u2713 shap_top5_dep.png
2026-06-01 14:07:18,096 [INFO]   SHAP complete: 623 features
2026-06-01 14:07:18,126 [INFO]   Saved: output\deploy\ames (70s)
2026-06-01 14:07:18,126 [INFO] 
式式式式式式式式式式式式式式式式式式式式式式式式式式式式式式式式式式式式式式式式式式式式式式式式式式
2026-06-01 14:07:18,126 [INFO] [3] invitro
2026-06-01 14:07:18,126 [INFO]   Config: lgbm / no_metal / broad_fp2048
2026-06-01 14:07:18,353 [INFO]   [invitro] Load: 1656 ⊥ 1619 (conflicts=3)
2026-06-01 14:07:19,706 [INFO]   [invitro] Flags: metals=325, salts=443
2026-06-01 14:07:19,707 [INFO]   After no_metal: 1294 rows
2026-06-01 14:07:20,190 [INFO]   [invitro] FG features: 618 columns (smi_col=_analysis_smiles)
2026-06-01 14:07:20,694 [INFO]   [invitro] Physchem features: 13 columns
2026-06-01 14:07:21,008 [INFO]   [invitro] SA features: 104 columns (mean hits/mol: 0.82)
2026-06-01 14:07:22,444 [INFO]   [invitro] Delta features: 34 columns (metal: 20, severe_distortion: 0)
2026-06-01 14:07:23,436 [INFO]   [invitro] Electronic descriptors: 56 columns
2026-06-01 14:07:23,569 [INFO]   [invitro] Fingerprint: 2048 bits (smi_col=_analysis_smiles)
2026-06-01 14:07:24,739 [INFO]   Ames stacking added (mean=0.187)
2026-06-01 14:07:24,856 [INFO]   Features: 775 cols
2026-06-01 14:07:24,860 [INFO]   5-fold OOF CV...
2026-06-01 14:07:25,681 [INFO]   CV MCC: 0.1568 ▽ 0.0562
2026-06-01 14:07:25,837 [INFO]   Threshold: 0.100 ⊥ sens=0.376 spec=0.869 mcc=0.205
2026-06-01 14:07:25,975 [INFO]   Full retrain on 1294 samples...
2026-06-01 14:07:26,174 [INFO]   SHAP: 1294 samples ▼ 775 features
2026-06-01 14:07:26,175 [INFO]   Trying TreeExplainer...
2026-06-01 14:07:26,464 [INFO]   TreeExplainer OK: shape=(1294, 775)
2026-06-01 14:07:27,049 [INFO]   \u2713 shap_summary.png
2026-06-01 14:07:27,199 [INFO]   \u2713 shap_bar.png
2026-06-01 14:07:27,467 [INFO]   \u2713 shap_waterfall.png
2026-06-01 14:07:27,812 [INFO]   \u2713 shap_top5_dep.png
2026-06-01 14:07:29,131 [INFO]   SHAP complete: 775 features
2026-06-01 14:07:29,147 [INFO]   Saved: output\deploy\invitro (11s)
2026-06-01 14:07:29,148 [INFO] 
式式式式式式式式式式式式式式式式式式式式式式式式式式式式式式式式式式式式式式式式式式式式式式式式式式
2026-06-01 14:07:29,148 [INFO] [3] invivo
2026-06-01 14:07:29,148 [INFO]   Config: xgb / salt_stripped / extended
2026-06-01 14:07:29,429 [INFO]   [invivo] Load: 2199 ⊥ 2153 (conflicts=2)
2026-06-01 14:07:31,114 [INFO]     Classified 2000/2153 compounds...
2026-06-01 14:07:31,244 [INFO]   [invivo] Flags: metals=474, salts=547
2026-06-01 14:07:32,421 [INFO]   After salt_stripped: 2153 rows
2026-06-01 14:07:33,190 [INFO]   [invivo] FG features: 618 columns (smi_col=_analysis_smiles)
2026-06-01 14:07:33,939 [INFO]   [invivo] Physchem features: 13 columns
2026-06-01 14:07:34,445 [INFO]   [invivo] SA features: 104 columns (mean hits/mol: 1.03)
2026-06-01 14:07:36,601 [INFO]   [invivo] Delta features: 34 columns (metal: 486, severe_distortion: 106)
2026-06-01 14:07:38,146 [INFO]   [invivo] Electronic descriptors: 56 columns
2026-06-01 14:07:38,158 [INFO]   Ames stacking added (mean=0.096)
2026-06-01 14:07:38,353 [INFO]   Features: 519 cols
2026-06-01 14:07:38,358 [INFO]   5-fold OOF CV...
2026-06-01 14:07:40,920 [INFO]   CV MCC: 0.2329 ▽ 0.0978
2026-06-01 14:07:41,090 [INFO]   Threshold: 0.105 ⊥ sens=0.387 spec=0.963 mcc=0.296
2026-06-01 14:07:41,246 [INFO]   Full retrain on 2153 samples...
2026-06-01 14:07:41,862 [INFO]   SHAP: sampling 2000/2153...
2026-06-01 14:07:41,865 [INFO]   SHAP: 2000 samples ▼ 519 features
2026-06-01 14:07:41,868 [INFO]   Trying XGBoost native pred_contribs...
2026-06-01 14:07:41,924 [INFO]   XGB native OK: shape=(2000, 519), base=-0.0768
2026-06-01 14:07:42,640 [INFO]   \u2713 shap_summary.png
2026-06-01 14:07:42,799 [INFO]   \u2713 shap_bar.png
2026-06-01 14:07:43,083 [INFO]   \u2713 shap_waterfall.png
2026-06-01 14:07:43,452 [INFO]   \u2713 shap_top5_dep.png
2026-06-01 14:07:44,409 [INFO]   SHAP complete: 519 features
2026-06-01 14:07:44,416 [INFO]   Saved: output\deploy\invivo (15s)
2026-06-01 14:07:44,417 [INFO] 
式式式式式式式式式式式式式式式式式式式式式式式式式式式式式式式式式式式式式式式式式式式式式式式式式式
2026-06-01 14:07:44,417 [INFO] [3] invitro_sampling
2026-06-01 14:07:44,417 [INFO]   Config: rf / no_metal / broad_fp1024
2026-06-01 14:07:44,522 [INFO]   [invitro_sampling] Load: 348 ⊥ 345 (conflicts=0)
2026-06-01 14:07:44,883 [INFO]   [invitro_sampling] Flags: metals=86, salts=118
2026-06-01 14:07:44,883 [INFO]   After no_metal: 259 rows
2026-06-01 14:07:45,014 [INFO]   [invitro_sampling] FG features: 618 columns (smi_col=_analysis_smiles)
2026-06-01 14:07:45,128 [INFO]   [invitro_sampling] Physchem features: 13 columns
2026-06-01 14:07:45,200 [INFO]   [invitro_sampling] SA features: 104 columns (mean hits/mol: 1.06)
2026-06-01 14:07:45,556 [INFO]   [invitro_sampling] Delta features: 34 columns (metal: 9, severe_distortion: 0)
2026-06-01 14:07:45,849 [INFO]   [invitro_sampling] Electronic descriptors: 56 columns
2026-06-01 14:07:45,878 [INFO]   [invitro_sampling] Fingerprint: 1024 bits (smi_col=_analysis_smiles)
2026-06-01 14:07:46,400 [INFO]   Ames stacking added (mean=0.229)
2026-06-01 14:07:46,507 [INFO]   Features: 593 cols
2026-06-01 14:07:46,508 [INFO]   5-fold OOF CV...
2026-06-01 14:07:47,846 [INFO]   CV MCC: 0.5022 ▽ 0.0809
2026-06-01 14:07:47,964 [INFO]   Threshold: 0.495 ⊥ sens=0.852 spec=0.653 mcc=0.517
2026-06-01 14:07:48,104 [INFO]   Full retrain on 259 samples...
2026-06-01 14:07:48,326 [INFO]   SHAP: 259 samples ▼ 593 features
2026-06-01 14:07:48,327 [INFO]   Trying TreeExplainer...
2026-06-01 14:07:49,360 [INFO]   TreeExplainer OK: shape=(259, 593)
2026-06-01 14:07:49,712 [INFO]   \u2713 shap_summary.png
2026-06-01 14:07:49,861 [INFO]   \u2713 shap_bar.png
2026-06-01 14:07:50,149 [INFO]   \u2713 shap_waterfall.png
2026-06-01 14:07:50,477 [INFO]   \u2713 shap_top5_dep.png
2026-06-01 14:07:50,861 [INFO]   SHAP complete: 593 features
2026-06-01 14:07:51,028 [INFO]   Saved: output\deploy\invitro_sampling (7s)
2026-06-01 14:07:51,029 [INFO] 
式式式式式式式式式式式式式式式式式式式式式式式式式式式式式式式式式式式式式式式式式式式式式式式式式式
2026-06-01 14:07:51,029 [INFO] [3] invivo_sampling
2026-06-01 14:07:51,030 [INFO]   Config: xgb / raw_all / broad_fp2048
2026-06-01 14:07:51,082 [INFO]   [invivo_sampling] Load: 231 ⊥ 231 (conflicts=0)
2026-06-01 14:07:51,341 [INFO]   [invivo_sampling] Flags: metals=68, salts=74
2026-06-01 14:07:51,341 [INFO]   After raw_all: 231 rows
2026-06-01 14:07:51,468 [INFO]   [invivo_sampling] FG features: 618 columns (smi_col=_analysis_smiles)
2026-06-01 14:07:51,584 [INFO]   [invivo_sampling] Physchem features: 13 columns
2026-06-01 14:07:51,667 [INFO]   [invivo_sampling] SA features: 104 columns (mean hits/mol: 1.23)
2026-06-01 14:07:52,032 [INFO]   [invivo_sampling] Delta features: 34 columns (metal: 69, severe_distortion: 0)
2026-06-01 14:07:52,381 [INFO]   [invivo_sampling] Electronic descriptors: 56 columns
2026-06-01 14:07:52,416 [INFO]   [invivo_sampling] Fingerprint: 2048 bits (smi_col=_analysis_smiles)
2026-06-01 14:07:52,828 [INFO]   Ames stacking added (mean=0.291)
2026-06-01 14:07:52,943 [INFO]   Features: 735 cols
2026-06-01 14:07:52,943 [INFO]   5-fold OOF CV...
2026-06-01 14:07:53,607 [INFO]   CV MCC: 0.5450 ▽ 0.0900
2026-06-01 14:07:53,736 [INFO]   Threshold: 0.265 ⊥ sens=0.792 spec=0.779 mcc=0.547
2026-06-01 14:07:53,874 [INFO]   Full retrain on 231 samples...
2026-06-01 14:07:54,032 [INFO]   SHAP: 231 samples ▼ 735 features
2026-06-01 14:07:54,033 [INFO]   Trying XGBoost native pred_contribs...
2026-06-01 14:07:54,041 [INFO]   XGB native OK: shape=(231, 735), base=-0.0200
2026-06-01 14:07:54,434 [INFO]   \u2713 shap_summary.png
2026-06-01 14:07:54,593 [INFO]   \u2713 shap_bar.png
2026-06-01 14:07:54,871 [INFO]   \u2713 shap_waterfall.png
2026-06-01 14:07:55,311 [INFO]   \u2713 shap_top5_dep.png
2026-06-01 14:07:55,419 [INFO]   SHAP complete: 735 features
2026-06-01 14:07:55,426 [INFO]   Saved: output\deploy\invivo_sampling (4s)
2026-06-01 14:07:55,429 [INFO] 
[4] Generating feature usage report...
2026-06-01 14:07:55,476 [INFO]   \u2713 feature_usage_matrix.csv (1339 features ▼ 5 endpoints)
2026-06-01 14:07:55,476 [INFO]   \u2713 feature_category_summary.csv (18 categories)
2026-06-01 14:07:55,476 [INFO]     morgan_fp                   :  692 features
2026-06-01 14:07:55,476 [INFO]     physicochemical             :  204 features
2026-06-01 14:07:55,476 [INFO]     structural_alert_step4b     :   88 features
2026-06-01 14:07:55,476 [INFO]     benigni_bossa_rule          :   84 features
2026-06-01 14:07:55,476 [INFO]     benigni_bossa_fg            :   74 features
2026-06-01 14:07:55,476 [INFO]     functional_group            :   62 features
2026-06-01 14:07:55,476 [INFO]     vsa_descriptor              :   34 features
2026-06-01 14:07:55,476 [INFO]     metal_flag                  :   32 features
2026-06-01 14:07:55,476 [INFO]     in_silico_alert             :   16 features
2026-06-01 14:07:55,476 [INFO]     kazius_alert                :   16 features
2026-06-01 14:07:55,476 [INFO]     connectivity_index          :   10 features
2026-06-01 14:07:55,477 [INFO]     micronucleus_alert          :   10 features
2026-06-01 14:07:55,477 [INFO]     gasteiger_charge            :    5 features
2026-06-01 14:07:55,477 [INFO]     alert_score                 :    4 features
2026-06-01 14:07:55,477 [INFO]     estate_descriptor           :    3 features
2026-06-01 14:07:55,477 [INFO]     delta_descriptor            :    2 features
2026-06-01 14:07:55,477 [INFO]     benigni_bossa_summary       :    2 features
2026-06-01 14:07:55,477 [INFO]     cross_endpoint_stacking     :    1 features
2026-06-01 14:07:55,477 [INFO] 
============================================================
2026-06-01 14:07:55,477 [INFO]   DEPLOYMENT COMPLETE
2026-06-01 14:07:55,477 [INFO] ============================================================
2026-06-01 14:07:55,477 [INFO]   [ames                  ] t=0.230 sens=0.930 spec=0.813 mcc=0.688 (CV=0.743)
2026-06-01 14:07:55,477 [INFO]   [invitro               ] t=0.100 sens=0.376 spec=0.869 mcc=0.205 (CV=0.157)
2026-06-01 14:07:55,477 [INFO]   [invivo                ] t=0.105 sens=0.387 spec=0.963 mcc=0.296 (CV=0.233)
2026-06-01 14:07:55,477 [INFO]   [invitro_sampling      ] t=0.495 sens=0.852 spec=0.653 mcc=0.517 (CV=0.502)
2026-06-01 14:07:55,477 [INFO]   [invivo_sampling       ] t=0.265 sens=0.792 spec=0.779 mcc=0.547 (CV=0.545)
2026-06-01 14:07:55,477 [INFO] 
  Total: 107s
