10:15:05 Pipeline v12 — Bug-Fixed Single Run
  C:\Users\Administrator\Documents\GitHub\Genotox_model\genotox_pipeline_v2\runs\20260330_101505_v12.1
10:15:05 STEP 1: Load + Clean
10:15:05   [ames] n=14771 pos=0.2843
10:15:05   [invitro] n=1656 pos=0.1051
10:15:05   [invivo] n=2199 pos=0.0350
10:15:05   [invitro_sampling] n=348 pos=0.5000
10:15:05   [invivo_sampling] n=231 pos=0.3333
10:15:08   ⚠ Domain predictor acc: 0.7611
10:15:14   [ames] 14771 → 13560 (conflicts=169)
10:15:14   [invitro] 1656 → 1619 (conflicts=3)
10:15:15   [invivo] 2199 → 2153 (conflicts=2)
10:15:16   [invitro_sampling] 348 → 345 (conflicts=0)
10:15:16   [invivo_sampling] 231 → 231 (conflicts=0)
10:15:16 STEP 2: Preprocessing Flags
10:15:17     Classified 2000/13560 compounds...
10:15:19     Classified 4000/13560 compounds...
10:15:20     Classified 6000/13560 compounds...
10:15:22     Classified 8000/13560 compounds...
10:15:23     Classified 10000/13560 compounds...
10:15:25     Classified 12000/13560 compounds...
10:15:29     Classified 2000/2153 compounds...
10:15:29 STEP 3: Fixed Split
10:15:35   [ames] train=10848 test=2712 pos_diff=0.0136
10:15:36   [invitro] train=1295 test=324 pos_diff=0.0246
10:15:37   [invivo] train=1722 test=431 pos_diff=0.0087
10:15:37   [invitro_sampling] train=276 test=69 pos_diff=0.1304
10:15:37   [invivo_sampling] train=184 test=47 pos_diff=0.0979
10:15:37 STEP 4: Scenario Selection (Train CV)
10:15:50   [ames] FG features: 618 columns (smi_col=_analysis_smiles)
10:15:53   [ames] Physchem features: 13 columns
10:15:57   [ames/raw_all] CV_MCC=0.6387±0.0476
10:16:09   [ames] FG features: 618 columns (smi_col=_analysis_smiles)
10:16:12   [ames] Physchem features: 13 columns
10:16:16   [ames/no_metal] CV_MCC=0.6204±0.0630
10:16:16   salt_stripped: 6062/13560 SMILES changed
10:16:29   [ames] FG features: 618 columns (smi_col=_analysis_smiles)
10:16:32   [ames] Physchem features: 13 columns
10:16:36   [ames/salt_stripped] CV_MCC=0.6376±0.0534
10:16:36   [ames] ★ Best: raw_all (CV=0.6387)
10:16:38   [invitro] FG features: 618 columns (smi_col=_analysis_smiles)
10:16:38   [invitro] Physchem features: 13 columns
10:16:41   [invitro/raw_all] CV_MCC=0.1389±0.0992
10:16:42   [invitro] FG features: 618 columns (smi_col=_analysis_smiles)
10:16:42   [invitro] Physchem features: 13 columns
10:16:44   [invitro/no_metal] CV_MCC=0.2058±0.1270
10:16:44   salt_stripped: 1317/1619 SMILES changed
10:16:46   [invitro] FG features: 618 columns (smi_col=_analysis_smiles)
10:16:46   [invitro] Physchem features: 13 columns
10:16:48   [invitro/salt_stripped] CV_MCC=0.0942±0.0971
10:16:48   [invitro] ★ Best: no_metal (CV=0.2058)
10:16:50   [invivo] FG features: 618 columns (smi_col=_analysis_smiles)
10:16:51   [invivo] Physchem features: 13 columns
10:16:53   [invivo/raw_all] CV_MCC=0.0677±0.1013
10:16:55   [invivo] FG features: 618 columns (smi_col=_analysis_smiles)
10:16:55   [invivo] Physchem features: 13 columns
10:16:57   [invivo/no_metal] CV_MCC=0.0588±0.1214
10:16:57   salt_stripped: 1785/2153 SMILES changed
10:16:59   [invivo] FG features: 618 columns (smi_col=_analysis_smiles)
10:17:00   [invivo] Physchem features: 13 columns
10:17:02   [invivo/salt_stripped] CV_MCC=0.0984±0.1418
10:17:02   [invivo] ★ Best: salt_stripped (CV=0.0984)
10:17:02   [invitro_sampling] FG features: 618 columns (smi_col=_analysis_smiles)
10:17:02   [invitro_sampling] Physchem features: 13 columns
10:17:04   [invitro_sampling/raw_all] CV_MCC=0.3020±0.1330
10:17:04   [invitro_sampling] FG features: 618 columns (smi_col=_analysis_smiles)
10:17:04   [invitro_sampling] Physchem features: 13 columns
10:17:06   [invitro_sampling/no_metal] CV_MCC=0.4203±0.1203
10:17:06   salt_stripped: 309/345 SMILES changed
10:17:06   [invitro_sampling] FG features: 618 columns (smi_col=_analysis_smiles)
10:17:06   [invitro_sampling] Physchem features: 13 columns
10:17:08   [invitro_sampling/salt_stripped] CV_MCC=0.2370±0.1290
10:17:08   [invitro_sampling] ★ Best: no_metal (CV=0.4203)
10:17:08   [invivo_sampling] FG features: 618 columns (smi_col=_analysis_smiles)
10:17:08   [invivo_sampling] Physchem features: 13 columns
10:17:09   [invivo_sampling/raw_all] CV_MCC=0.4019±0.1729
10:17:09   [invivo_sampling] FG features: 618 columns (smi_col=_analysis_smiles)
10:17:09   [invivo_sampling] Physchem features: 13 columns
10:17:10   [invivo_sampling/no_metal] CV_MCC=0.2594±0.1921
10:17:10   salt_stripped: 208/231 SMILES changed
10:17:11   [invivo_sampling] FG features: 618 columns (smi_col=_analysis_smiles)
10:17:11   [invivo_sampling] Physchem features: 13 columns
10:17:12   [invivo_sampling/salt_stripped] CV_MCC=0.3415±0.1776
10:17:12   [invivo_sampling] ★ Best: raw_all (CV=0.4019)
10:17:12 STEP 5: Locked Test (all combos)
10:17:12   [ames] Pre-computing features...
10:17:29   [ames] FG features: 618 columns (smi_col=_analysis_smiles)
10:17:34   [ames] Physchem features: 13 columns
10:17:36   [ames] Fingerprint: 512 bits (smi_col=_analysis_smiles)
10:17:49   [ames] Fingerprint: 1024 bits (smi_col=_analysis_smiles)
10:18:02   [ames] Fingerprint: 2048 bits (smi_col=_analysis_smiles)
10:18:30     SHAP failed: could not convert string to float: '[5E-1]'
10:18:30   ames_raw_all_compact_xgb: MCC=0.4699 [0.4342,0.5021] t=0.62 AD=0.57 ★
10:18:44   ames_raw_all_compact_lgbm: MCC=0.4791 [0.4431,0.5111] t=0.56 AD=0.57
10:18:53     SHAP failed: Per-column arrays must each be 1-dimensional
10:18:53   ames_raw_all_compact_rf: MCC=0.4920 [0.4522,0.5268] t=0.54 AD=0.57
10:21:27   ames_raw_all_compact_svm: MCC=0.4702 [0.4287,0.5058] t=0.34 AD=0.57
10:21:51   ames_raw_all_compact_logistic: MCC=0.4295 [0.3941,0.4599] t=0.6 AD=0.57
10:22:09   ames_raw_all_compact_ann: MCC=0.4885 [0.4485,0.5246] t=0.4 AD=0.57
10:22:16     SHAP failed: could not convert string to float: '[5E-1]'
10:22:16   ames_raw_all_broad_fp512_xgb: MCC=0.5409 [0.5071,0.5738] t=0.5 AD=0.57
10:22:30   ames_raw_all_broad_fp512_lgbm: MCC=0.5272 [0.4917,0.5597] t=0.66 AD=0.57
10:22:41     SHAP failed: Per-column arrays must each be 1-dimensional
10:22:41   ames_raw_all_broad_fp512_rf: MCC=0.5377 [0.5032,0.5710] t=0.54 AD=0.57
10:28:20   ames_raw_all_broad_fp512_svm: MCC=0.5326 [0.4953,0.5688] t=0.32 AD=0.57
10:29:14   ames_raw_all_broad_fp512_logistic: MCC=0.4692 [0.4338,0.4997] t=0.52 AD=0.57
10:29:33   ames_raw_all_broad_fp512_ann: MCC=0.4743 [0.4378,0.5072] t=0.36 AD=0.57
10:29:41     SHAP failed: could not convert string to float: '[5E-1]'
10:29:41   ames_raw_all_broad_fp1024_xgb: MCC=0.5238 [0.4869,0.5575] t=0.54 AD=0.57
10:29:56   ames_raw_all_broad_fp1024_lgbm: MCC=0.5509 [0.5140,0.5825] t=0.5 AD=0.57
10:30:09     SHAP failed: Per-column arrays must each be 1-dimensional
10:30:09   ames_raw_all_broad_fp1024_rf: MCC=0.5360 [0.4979,0.5699] t=0.54 AD=0.57
10:42:14   ames_raw_all_broad_fp1024_svm: MCC=0.5096 [0.4707,0.5468] t=0.3 AD=0.57
10:43:43   ames_raw_all_broad_fp1024_logistic: MCC=0.4706 [0.4369,0.5066] t=0.6 AD=0.57
10:44:06   ames_raw_all_broad_fp1024_ann: MCC=0.5190 [0.4820,0.5541] t=0.38 AD=0.57
10:44:16     SHAP failed: could not convert string to float: '[5E-1]'
10:44:16   ames_raw_all_broad_fp2048_xgb: MCC=0.5551 [0.5220,0.5882] t=0.56 AD=0.57
10:44:31   ames_raw_all_broad_fp2048_lgbm: MCC=0.5305 [0.4953,0.5642] t=0.56 AD=0.57
10:44:46     SHAP failed: Per-column arrays must each be 1-dimensional
10:44:46   ames_raw_all_broad_fp2048_rf: MCC=0.5096 [0.4720,0.5422] t=0.5 AD=0.57
11:03:52   ames_raw_all_broad_fp2048_svm: MCC=0.5485 [0.5138,0.5832] t=0.3 AD=0.57
11:05:57   ames_raw_all_broad_fp2048_logistic: MCC=0.5080 [0.4744,0.5416] t=0.64 AD=0.57
11:06:19   ames_raw_all_broad_fp2048_ann: MCC=0.5413 [0.5018,0.5782] t=0.36 AD=0.57
15:38:02   ames_raw_all_graph_gnn: MCC=0.4450
15:38:18   [ames] FG features: 618 columns (smi_col=_analysis_smiles)
15:38:23   [ames] Physchem features: 13 columns
15:38:25   [ames] Fingerprint: 512 bits (smi_col=_analysis_smiles)
15:38:40   [ames] Fingerprint: 1024 bits (smi_col=_analysis_smiles)
15:38:53   [ames] Fingerprint: 2048 bits (smi_col=_analysis_smiles)
15:39:28     SHAP failed: could not convert string to float: '[5E-1]'
15:39:28   ames_no_metal_compact_xgb: MCC=0.4105 [0.3779,0.4446] t=0.54 AD=0.56
15:39:43   ames_no_metal_compact_lgbm: MCC=0.4018 [0.3696,0.4369] t=0.5 AD=0.56
15:39:52     SHAP failed: Per-column arrays must each be 1-dimensional
15:39:52   ames_no_metal_compact_rf: MCC=0.4591 [0.4211,0.4977] t=0.54 AD=0.56
15:42:07   ames_no_metal_compact_svm: MCC=0.4341 [0.3975,0.4695] t=0.34 AD=0.56
15:43:01   ames_no_metal_compact_logistic: MCC=0.3971 [0.3624,0.4286] t=0.5 AD=0.56
15:43:18   ames_no_metal_compact_ann: MCC=0.4389 [0.3993,0.4729] t=0.44 AD=0.56
15:43:24     SHAP failed: could not convert string to float: '[5E-1]'
15:43:24   ames_no_metal_broad_fp512_xgb: MCC=0.4948 [0.4604,0.5289] t=0.52 AD=0.56
15:43:39   ames_no_metal_broad_fp512_lgbm: MCC=0.4998 [0.4664,0.5340] t=0.52 AD=0.56
15:43:50     SHAP failed: Per-column arrays must each be 1-dimensional
15:43:50   ames_no_metal_broad_fp512_rf: MCC=0.4989 [0.4614,0.5383] t=0.54 AD=0.56
15:48:28   ames_no_metal_broad_fp512_svm: MCC=0.5135 [0.4728,0.5515] t=0.38 AD=0.56
15:50:03   ames_no_metal_broad_fp512_logistic: MCC=0.4184 [0.3845,0.4499] t=0.54 AD=0.56
15:50:19   ames_no_metal_broad_fp512_ann: MCC=0.4737 [0.4375,0.5087] t=0.28 AD=0.56
15:50:27     SHAP failed: could not convert string to float: '[5E-1]'
15:50:27   ames_no_metal_broad_fp1024_xgb: MCC=0.5205 [0.4865,0.5557] t=0.56 AD=0.56
15:50:42   ames_no_metal_broad_fp1024_lgbm: MCC=0.5473 [0.5115,0.5815] t=0.54 AD=0.56
15:50:54     SHAP failed: Per-column arrays must each be 1-dimensional
15:50:54   ames_no_metal_broad_fp1024_rf: MCC=0.4887 [0.4544,0.5250] t=0.5 AD=0.56
16:00:47   ames_no_metal_broad_fp1024_svm: MCC=0.5137 [0.4783,0.5493] t=0.28 AD=0.56
16:02:37   ames_no_metal_broad_fp1024_logistic: MCC=0.4916 [0.4545,0.5240] t=0.52 AD=0.56
16:02:57   ames_no_metal_broad_fp1024_ann: MCC=0.5101 [0.4727,0.5459] t=0.28 AD=0.56
16:03:07     SHAP failed: could not convert string to float: '[5E-1]'
16:03:07   ames_no_metal_broad_fp2048_xgb: MCC=0.5185 [0.4844,0.5557] t=0.54 AD=0.56
16:03:22   ames_no_metal_broad_fp2048_lgbm: MCC=0.5177 [0.4822,0.5559] t=0.52 AD=0.56
16:03:35     SHAP failed: Per-column arrays must each be 1-dimensional
16:03:35   ames_no_metal_broad_fp2048_rf: MCC=0.5011 [0.4633,0.5414] t=0.48 AD=0.56
16:18:12   ames_no_metal_broad_fp2048_svm: MCC=0.5353 [0.4986,0.5721] t=0.3 AD=0.56
16:20:28   ames_no_metal_broad_fp2048_logistic: MCC=0.4901 [0.4496,0.5234] t=0.56 AD=0.56
16:20:51   ames_no_metal_broad_fp2048_ann: MCC=0.5122 [0.4731,0.5479] t=0.34 AD=0.56
20:28:37   ames_no_metal_graph_gnn: MCC=0.3828
20:28:37   salt_stripped: 6062/13560 SMILES changed
20:28:55   [ames] FG features: 618 columns (smi_col=_analysis_smiles)
20:29:00   [ames] Physchem features: 13 columns
20:29:03   [ames] Fingerprint: 512 bits (smi_col=_analysis_smiles)
20:29:19   [ames] Fingerprint: 1024 bits (smi_col=_analysis_smiles)
20:29:37   [ames] Fingerprint: 2048 bits (smi_col=_analysis_smiles)
20:30:09     SHAP failed: could not convert string to float: '[5E-1]'
20:30:09   ames_salt_stripped_compact_xgb: MCC=0.4546 [0.4191,0.4870] t=0.54 AD=0.57
20:30:23   ames_salt_stripped_compact_lgbm: MCC=0.4391 [0.4074,0.4716] t=0.6 AD=0.57
20:30:33     SHAP failed: Per-column arrays must each be 1-dimensional
20:30:33   ames_salt_stripped_compact_rf: MCC=0.4799 [0.4420,0.5128] t=0.54 AD=0.57
20:33:33   ames_salt_stripped_compact_svm: MCC=0.4637 [0.4204,0.5009] t=0.36 AD=0.57
20:34:08   ames_salt_stripped_compact_logistic: MCC=0.3811 [0.3476,0.4126] t=0.54 AD=0.57
20:34:26   ames_salt_stripped_compact_ann: MCC=0.4775 [0.4391,0.5130] t=0.4 AD=0.57
20:34:33     SHAP failed: could not convert string to float: '[5E-1]'
20:34:33   ames_salt_stripped_broad_fp512_xgb: MCC=0.5093 [0.4733,0.5423] t=0.42 AD=0.57
20:34:48   ames_salt_stripped_broad_fp512_lgbm: MCC=0.5229 [0.4891,0.5531] t=0.54 AD=0.57
20:35:01     SHAP failed: Per-column arrays must each be 1-dimensional
20:35:01   ames_salt_stripped_broad_fp512_rf: MCC=0.5157 [0.4790,0.5476] t=0.48 AD=0.57
20:40:25   ames_salt_stripped_broad_fp512_svm: MCC=0.5420 [0.5060,0.5798] t=0.38 AD=0.57
20:41:35   ames_salt_stripped_broad_fp512_logistic: MCC=0.4636 [0.4283,0.4957] t=0.62 AD=0.57
20:41:55   ames_salt_stripped_broad_fp512_ann: MCC=0.5129 [0.4748,0.5495] t=0.36 AD=0.57
20:42:03     SHAP failed: could not convert string to float: '[5E-1]'
20:42:03   ames_salt_stripped_broad_fp1024_xgb: MCC=0.5449 [0.5105,0.5775] t=0.46 AD=0.57
20:42:18   ames_salt_stripped_broad_fp1024_lgbm: MCC=0.5469 [0.5134,0.5788] t=0.58 AD=0.57
20:42:32     SHAP failed: Per-column arrays must each be 1-dimensional
20:42:32   ames_salt_stripped_broad_fp1024_rf: MCC=0.5190 [0.4804,0.5529] t=0.52 AD=0.57
20:53:16   ames_salt_stripped_broad_fp1024_svm: MCC=0.5344 [0.4980,0.5703] t=0.3 AD=0.57
20:54:56   ames_salt_stripped_broad_fp1024_logistic: MCC=0.4785 [0.4435,0.5132] t=0.6 AD=0.57
20:55:21   ames_salt_stripped_broad_fp1024_ann: MCC=0.5335 [0.4977,0.5698] t=0.38 AD=0.57
20:55:31     SHAP failed: could not convert string to float: '[5E-1]'
20:55:31   ames_salt_stripped_broad_fp2048_xgb: MCC=0.5434 [0.5075,0.5787] t=0.52 AD=0.57
20:55:47   ames_salt_stripped_broad_fp2048_lgbm: MCC=0.5346 [0.4980,0.5672] t=0.54 AD=0.57
20:56:03     SHAP failed: Per-column arrays must each be 1-dimensional
20:56:03   ames_salt_stripped_broad_fp2048_rf: MCC=0.4936 [0.4566,0.5285] t=0.52 AD=0.57
21:12:07   ames_salt_stripped_broad_fp2048_svm: MCC=0.5491 [0.5138,0.5841] t=0.28 AD=0.57
21:14:23   ames_salt_stripped_broad_fp2048_logistic: MCC=0.4886 [0.4545,0.5231] t=0.68 AD=0.57
21:14:48   ames_salt_stripped_broad_fp2048_ann: MCC=0.5409 [0.5069,0.5788] t=0.38 AD=0.57
01:35:07   ames_salt_stripped_graph_gnn: MCC=0.3769
01:35:07   [invitro] Pre-computing features...
01:35:09   [invitro] FG features: 618 columns (smi_col=_analysis_smiles)
01:35:09   [invitro] Physchem features: 13 columns
01:35:10   [invitro] Fingerprint: 512 bits (smi_col=_analysis_smiles)
01:35:11   [invitro] Fingerprint: 1024 bits (smi_col=_analysis_smiles)
01:35:13   [invitro] Fingerprint: 2048 bits (smi_col=_analysis_smiles)
01:35:36     SHAP failed: could not convert string to float: '[5E-1]'
01:35:36   invitro_raw_all_compact_xgb: MCC=0.1140 [-0.0228,0.2700] t=0.3 AD=0.48
01:35:43   invitro_raw_all_compact_lgbm: MCC=0.1217 [-0.0250,0.2721] t=0.22 AD=0.48
01:35:49     SHAP failed: Per-column arrays must each be 1-dimensional
01:35:49   invitro_raw_all_compact_rf: MCC=-0.0101 [-0.0810,0.0948] t=0.42 AD=0.48
01:35:52   invitro_raw_all_compact_svm: MCC=0.0000 [0.0000,0.0000] t=0.16 AD=0.48
01:35:59   invitro_raw_all_compact_logistic: MCC=0.1221 [0.0140,0.2409] t=0.82 AD=0.48
01:36:01   invitro_raw_all_compact_ann: MCC=0.0000 [0.0000,0.0000] t=0.38 AD=0.48
01:36:04     SHAP failed: could not convert string to float: '[5E-1]'
01:36:04   invitro_raw_all_broad_fp512_xgb: MCC=0.1621 [0.0190,0.3153] t=0.22 AD=0.48
01:36:11   invitro_raw_all_broad_fp512_lgbm: MCC=0.1444 [0.0147,0.3003] t=0.46 AD=0.48
01:36:16     SHAP failed: Per-column arrays must each be 1-dimensional
01:36:16   invitro_raw_all_broad_fp512_rf: MCC=0.0719 [-0.0646,0.2335] t=0.34 AD=0.48
01:36:21   invitro_raw_all_broad_fp512_svm: MCC=0.0000 [0.0000,0.0000] t=0.12 AD=0.48
01:36:37   invitro_raw_all_broad_fp512_logistic: MCC=0.1371 [0.0053,0.2724] t=0.74 AD=0.48
01:36:39   invitro_raw_all_broad_fp512_ann: MCC=-0.0493 [-0.0717,-0.0296] t=0.32 AD=0.48
01:36:42     SHAP failed: could not convert string to float: '[5E-1]'
01:36:42   invitro_raw_all_broad_fp1024_xgb: MCC=0.1962 [0.0438,0.3550] t=0.16 AD=0.48
01:36:49   invitro_raw_all_broad_fp1024_lgbm: MCC=0.2269 [0.0691,0.4035] t=0.38 AD=0.48
01:36:54     SHAP failed: Per-column arrays must each be 1-dimensional
01:36:54   invitro_raw_all_broad_fp1024_rf: MCC=0.1279 [-0.0127,0.2866] t=0.4 AD=0.48
01:37:01   invitro_raw_all_broad_fp1024_svm: MCC=-0.0164 [-0.0376,0.0000] t=0.1 AD=0.48
01:37:22   invitro_raw_all_broad_fp1024_logistic: MCC=0.0564 [-0.0645,0.1864] t=0.68 AD=0.48
01:37:25   invitro_raw_all_broad_fp1024_ann: MCC=0.1893 [0.0000,0.3328] t=0.28 AD=0.48
01:37:28     SHAP failed: could not convert string to float: '[5E-1]'
01:37:28   invitro_raw_all_broad_fp2048_xgb: MCC=0.1046 [-0.0322,0.2558] t=0.18 AD=0.48
01:37:35   invitro_raw_all_broad_fp2048_lgbm: MCC=0.1669 [0.0243,0.3349] t=0.16 AD=0.48
01:37:40     SHAP failed: Per-column arrays must each be 1-dimensional
01:37:40   invitro_raw_all_broad_fp2048_rf: MCC=0.0560 [-0.0712,0.2004] t=0.38 AD=0.48
01:37:48   invitro_raw_all_broad_fp2048_svm: MCC=0.0000 [0.0000,0.0000] t=0.1 AD=0.48
01:38:15   invitro_raw_all_broad_fp2048_logistic: MCC=0.1206 [-0.0010,0.2352] t=0.1 AD=0.48
01:38:19   invitro_raw_all_broad_fp2048_ann: MCC=-0.0153 [-0.0408,0.0000] t=0.24 AD=0.48
02:21:27   invitro_raw_all_graph_gnn: MCC=0.0000
02:21:28   [invitro] FG features: 618 columns (smi_col=_analysis_smiles)
02:21:29   [invitro] Physchem features: 13 columns
02:21:29   [invitro] Fingerprint: 512 bits (smi_col=_analysis_smiles)
02:21:31   [invitro] Fingerprint: 1024 bits (smi_col=_analysis_smiles)
02:21:32   [invitro] Fingerprint: 2048 bits (smi_col=_analysis_smiles)
02:21:48     SHAP failed: could not convert string to float: '[5E-1]'
02:21:48   invitro_no_metal_compact_xgb: MCC=0.1078 [-0.0366,0.2744] t=0.36 AD=0.51 ★
02:21:54   invitro_no_metal_compact_lgbm: MCC=0.0716 [-0.0602,0.2334] t=0.1 AD=0.51
02:21:59     SHAP failed: Per-column arrays must each be 1-dimensional
02:21:59   invitro_no_metal_compact_rf: MCC=-0.0105 [-0.0823,0.1231] t=0.3 AD=0.51
02:22:02   invitro_no_metal_compact_svm: MCC=0.0000 [0.0000,0.0000] t=0.1 AD=0.51
02:22:07   invitro_no_metal_compact_logistic: MCC=0.2161 [0.1118,0.3279] t=0.5 AD=0.51
02:22:10   invitro_no_metal_compact_ann: MCC=0.0000 [0.0000,0.0000] t=0.1 AD=0.51
02:22:12     SHAP failed: could not convert string to float: '[5E-1]'
02:22:12   invitro_no_metal_broad_fp512_xgb: MCC=0.1522 [-0.0069,0.3260] t=0.2 AD=0.51
02:22:18   invitro_no_metal_broad_fp512_lgbm: MCC=0.0881 [-0.0657,0.2681] t=0.8 AD=0.51
02:22:23     SHAP failed: Per-column arrays must each be 1-dimensional
02:22:23   invitro_no_metal_broad_fp512_rf: MCC=0.1025 [-0.0547,0.2651] t=0.34 AD=0.51
02:22:27   invitro_no_metal_broad_fp512_svm: MCC=0.0000 [0.0000,0.0000] t=0.1 AD=0.51
02:22:39   invitro_no_metal_broad_fp512_logistic: MCC=-0.0142 [-0.1105,0.1041] t=0.54 AD=0.51
02:22:42   invitro_no_metal_broad_fp512_ann: MCC=0.0000 [0.0000,0.0000] t=0.14 AD=0.51
02:22:45     SHAP failed: could not convert string to float: '[5E-1]'
02:22:45   invitro_no_metal_broad_fp1024_xgb: MCC=0.1213 [-0.0245,0.2878] t=0.22 AD=0.51
02:22:50   invitro_no_metal_broad_fp1024_lgbm: MCC=0.1055 [-0.0450,0.2830] t=0.1 AD=0.51
02:22:55     SHAP failed: Per-column arrays must each be 1-dimensional
02:22:55   invitro_no_metal_broad_fp1024_rf: MCC=0.0894 [-0.0542,0.2457] t=0.36 AD=0.51
02:23:01   invitro_no_metal_broad_fp1024_svm: MCC=0.0000 [0.0000,0.0000] t=0.1 AD=0.51
02:23:19   invitro_no_metal_broad_fp1024_logistic: MCC=0.0858 [-0.0318,0.2186] t=0.12 AD=0.51
02:23:22   invitro_no_metal_broad_fp1024_ann: MCC=0.0223 [-0.0640,0.1895] t=0.52 AD=0.51
02:23:25     SHAP failed: could not convert string to float: '[5E-1]'
02:23:25   invitro_no_metal_broad_fp2048_xgb: MCC=0.1723 [-0.0029,0.3447] t=0.28 AD=0.51
02:23:31   invitro_no_metal_broad_fp2048_lgbm: MCC=0.2577 [0.0961,0.4209] t=0.48 AD=0.51
02:23:36     SHAP failed: Per-column arrays must each be 1-dimensional
02:23:36   invitro_no_metal_broad_fp2048_rf: MCC=0.0472 [-0.0793,0.1868] t=0.34 AD=0.51
02:23:41   invitro_no_metal_broad_fp2048_svm: MCC=0.0000 [0.0000,0.0000] t=0.1 AD=0.51
02:24:02   invitro_no_metal_broad_fp2048_logistic: MCC=0.1263 [0.0000,0.2510] t=0.18 AD=0.51
02:24:05   invitro_no_metal_broad_fp2048_ann: MCC=0.0000 [0.0000,0.0000] t=0.56 AD=0.51
02:58:08   invitro_no_metal_graph_gnn: MCC=0.0000
02:58:08   salt_stripped: 1317/1619 SMILES changed
02:58:10   [invitro] FG features: 618 columns (smi_col=_analysis_smiles)
02:58:11   [invitro] Physchem features: 13 columns
02:58:11   [invitro] Fingerprint: 512 bits (smi_col=_analysis_smiles)
02:58:13   [invitro] Fingerprint: 1024 bits (smi_col=_analysis_smiles)
02:58:14   [invitro] Fingerprint: 2048 bits (smi_col=_analysis_smiles)
02:58:31     SHAP failed: could not convert string to float: '[5E-1]'
02:58:31   invitro_salt_stripped_compact_xgb: MCC=0.1143 [-0.0155,0.2567] t=0.8 AD=0.49
02:58:38   invitro_salt_stripped_compact_lgbm: MCC=0.1643 [0.0171,0.3199] t=0.56 AD=0.49
02:58:43     SHAP failed: Per-column arrays must each be 1-dimensional
02:58:43   invitro_salt_stripped_compact_rf: MCC=-0.0095 [-0.0791,0.0955] t=0.34 AD=0.49
02:58:47   invitro_salt_stripped_compact_svm: MCC=0.0000 [0.0000,0.0000] t=0.12 AD=0.49
02:58:55   invitro_salt_stripped_compact_logistic: MCC=0.1104 [0.0064,0.2226] t=0.68 AD=0.49
02:58:57   invitro_salt_stripped_compact_ann: MCC=0.0000 [0.0000,0.0000] t=0.66 AD=0.49
02:59:00     SHAP failed: could not convert string to float: '[5E-1]'
02:59:00   invitro_salt_stripped_broad_fp512_xgb: MCC=0.0305 [-0.0764,0.1518] t=0.1 AD=0.49
02:59:06   invitro_salt_stripped_broad_fp512_lgbm: MCC=0.0869 [-0.0383,0.2198] t=0.1 AD=0.49
02:59:11     SHAP failed: Per-column arrays must each be 1-dimensional
02:59:11   invitro_salt_stripped_broad_fp512_rf: MCC=0.0935 [-0.0506,0.2525] t=0.26 AD=0.49
02:59:16   invitro_salt_stripped_broad_fp512_svm: MCC=0.0000 [0.0000,0.0000] t=0.12 AD=0.49
02:59:32   invitro_salt_stripped_broad_fp512_logistic: MCC=0.0423 [-0.0660,0.1596] t=0.86 AD=0.49
02:59:34   invitro_salt_stripped_broad_fp512_ann: MCC=-0.0399 [-0.0622,-0.0181] t=0.46 AD=0.49
02:59:37     SHAP failed: could not convert string to float: '[5E-1]'
02:59:37   invitro_salt_stripped_broad_fp1024_xgb: MCC=0.1383 [-0.0026,0.2893] t=0.32 AD=0.49
02:59:44   invitro_salt_stripped_broad_fp1024_lgbm: MCC=0.2966 [0.1310,0.4504] t=0.72 AD=0.49
02:59:50     SHAP failed: Per-column arrays must each be 1-dimensional
02:59:50   invitro_salt_stripped_broad_fp1024_rf: MCC=0.0228 [-0.0850,0.1548] t=0.38 AD=0.49
02:59:56   invitro_salt_stripped_broad_fp1024_svm: MCC=0.0000 [0.0000,0.0000] t=0.12 AD=0.49
03:00:18   invitro_salt_stripped_broad_fp1024_logistic: MCC=0.0433 [-0.0725,0.1633] t=0.12 AD=0.49
03:00:21   invitro_salt_stripped_broad_fp1024_ann: MCC=0.0000 [0.0000,0.0000] t=0.16 AD=0.49
03:00:24     SHAP failed: could not convert string to float: '[5E-1]'
03:00:24   invitro_salt_stripped_broad_fp2048_xgb: MCC=0.0690 [-0.0534,0.2064] t=0.2 AD=0.49
03:00:31   invitro_salt_stripped_broad_fp2048_lgbm: MCC=0.1744 [0.0386,0.3270] t=0.3 AD=0.49
03:00:36     SHAP failed: Per-column arrays must each be 1-dimensional
03:00:36   invitro_salt_stripped_broad_fp2048_rf: MCC=-0.0145 [-0.1092,0.0947] t=0.32 AD=0.49
03:00:45   invitro_salt_stripped_broad_fp2048_svm: MCC=0.0000 [0.0000,0.0000] t=0.1 AD=0.49
03:01:04   invitro_salt_stripped_broad_fp2048_logistic: MCC=0.0903 [-0.0241,0.2122] t=0.12 AD=0.49
03:01:07   invitro_salt_stripped_broad_fp2048_ann: MCC=-0.0264 [-0.0490,0.0000] t=0.14 AD=0.49
03:40:30   invitro_salt_stripped_graph_gnn: MCC=0.0000
03:40:30   [invivo] Pre-computing features...
03:40:33   [invivo] FG features: 618 columns (smi_col=_analysis_smiles)
03:40:33   [invivo] Physchem features: 13 columns
03:40:34   [invivo] Fingerprint: 512 bits (smi_col=_analysis_smiles)
03:40:36   [invivo] Fingerprint: 1024 bits (smi_col=_analysis_smiles)
03:40:38   [invivo] Fingerprint: 2048 bits (smi_col=_analysis_smiles)
03:40:54     SHAP failed: could not convert string to float: '[5E-1]'
03:40:54   invivo_raw_all_compact_xgb: MCC=0.0706 [-0.0285,0.2851] t=0.72 AD=0.57
03:41:01   invivo_raw_all_compact_lgbm: MCC=-0.0194 [-0.0294,-0.0105] t=0.88 AD=0.57
03:41:07     SHAP failed: Per-column arrays must each be 1-dimensional
03:41:07   invivo_raw_all_compact_rf: MCC=0.0000 [0.0000,0.0000] t=0.5 AD=0.57
03:41:11   invivo_raw_all_compact_svm: MCC=0.0000 [0.0000,0.0000] t=0.1 AD=0.57
03:41:21   invivo_raw_all_compact_logistic: MCC=0.1877 [0.0695,0.3028] t=0.72 AD=0.57
03:41:24   invivo_raw_all_compact_ann: MCC=0.0000 [0.0000,0.0000] t=0.34 AD=0.57
03:41:27     SHAP failed: could not convert string to float: '[5E-1]'
03:41:27   invivo_raw_all_broad_fp512_xgb: MCC=0.0862 [-0.0242,0.3264] t=0.86 AD=0.57
03:41:34   invivo_raw_all_broad_fp512_lgbm: MCC=0.1125 [-0.0198,0.3987] t=0.88 AD=0.57
03:41:39     SHAP failed: Per-column arrays must each be 1-dimensional
03:41:39   invivo_raw_all_broad_fp512_rf: MCC=0.0000 [0.0000,0.0000] t=0.48 AD=0.57
03:41:45   invivo_raw_all_broad_fp512_svm: MCC=0.0000 [0.0000,0.0000] t=0.1 AD=0.57
03:42:02   invivo_raw_all_broad_fp512_logistic: MCC=0.1042 [-0.0207,0.2353] t=0.26 AD=0.57
03:42:05   invivo_raw_all_broad_fp512_ann: MCC=0.0000 [0.0000,0.0000] t=0.18 AD=0.57
03:42:08     SHAP failed: could not convert string to float: '[5E-1]'
03:42:08   invivo_raw_all_broad_fp1024_xgb: MCC=0.1811 [-0.0211,0.4653] t=0.84 AD=0.57
03:42:15   invivo_raw_all_broad_fp1024_lgbm: MCC=-0.0102 [-0.0191,0.0000] t=0.7 AD=0.57
03:42:21     SHAP failed: Per-column arrays must each be 1-dimensional
03:42:21   invivo_raw_all_broad_fp1024_rf: MCC=-0.0061 [-0.0149,0.0000] t=0.1 AD=0.57
03:42:31   invivo_raw_all_broad_fp1024_svm: MCC=0.0000 [0.0000,0.0000] t=0.38 AD=0.57
03:43:02   invivo_raw_all_broad_fp1024_logistic: MCC=0.1888 [0.0143,0.3528] t=0.88 AD=0.57
03:43:05   invivo_raw_all_broad_fp1024_ann: MCC=-0.0132 [-0.0234,0.0000] t=0.12 AD=0.57
03:43:09     SHAP failed: could not convert string to float: '[5E-1]'
03:43:09   invivo_raw_all_broad_fp2048_xgb: MCC=0.2359 [-0.0220,0.4964] t=0.74 AD=0.57
03:43:15   invivo_raw_all_broad_fp2048_lgbm: MCC=-0.0193 [-0.0295,-0.0097] t=0.68 AD=0.57
03:43:21     SHAP failed: Per-column arrays must each be 1-dimensional
03:43:21   invivo_raw_all_broad_fp2048_rf: MCC=0.0000 [0.0000,0.0000] t=0.14 AD=0.57
03:43:31   invivo_raw_all_broad_fp2048_svm: MCC=0.0000 [0.0000,0.0000] t=0.26 AD=0.57
03:44:12   invivo_raw_all_broad_fp2048_logistic: MCC=0.1099 [-0.0234,0.2500] t=0.8 AD=0.57
03:44:15   invivo_raw_all_broad_fp2048_ann: MCC=0.0000 [0.0000,0.0000] t=0.26 AD=0.57
04:41:58   invivo_raw_all_graph_gnn: MCC=0.0000
04:42:00   [invivo] FG features: 618 columns (smi_col=_analysis_smiles)
04:42:00   [invivo] Physchem features: 13 columns
04:42:01   [invivo] Fingerprint: 512 bits (smi_col=_analysis_smiles)
04:42:02   [invivo] Fingerprint: 1024 bits (smi_col=_analysis_smiles)
04:42:04   [invivo] Fingerprint: 2048 bits (smi_col=_analysis_smiles)
04:42:20     SHAP failed: could not convert string to float: '[5E-1]'
04:42:20   invivo_no_metal_compact_xgb: MCC=0.1536 [-0.0208,0.4405] t=0.32 AD=0.54
04:42:26   invivo_no_metal_compact_lgbm: MCC=-0.0128 [-0.0253,0.0000] t=0.14 AD=0.54
04:42:31     SHAP failed: Per-column arrays must each be 1-dimensional
04:42:31   invivo_no_metal_compact_rf: MCC=0.0000 [0.0000,0.0000] t=0.14 AD=0.54
04:42:34   invivo_no_metal_compact_svm: MCC=0.0000 [0.0000,0.0000] t=0.1 AD=0.54
04:42:42   invivo_no_metal_compact_logistic: MCC=0.1786 [0.0504,0.3128] t=0.62 AD=0.54
04:42:44   invivo_no_metal_compact_ann: MCC=0.0000 [0.0000,0.0000] t=0.14 AD=0.54
04:42:47     SHAP failed: could not convert string to float: '[5E-1]'
04:42:47   invivo_no_metal_broad_fp512_xgb: MCC=0.1859 [-0.0164,0.4917] t=0.54 AD=0.54
04:42:53   invivo_no_metal_broad_fp512_lgbm: MCC=-0.0128 [-0.0253,0.0000] t=0.1 AD=0.54
04:42:58     SHAP failed: Per-column arrays must each be 1-dimensional
04:42:58   invivo_no_metal_broad_fp512_rf: MCC=0.0000 [0.0000,0.0000] t=0.24 AD=0.54
04:43:02   invivo_no_metal_broad_fp512_svm: MCC=0.0000 [0.0000,0.0000] t=0.1 AD=0.54
04:43:18   invivo_no_metal_broad_fp512_logistic: MCC=0.1602 [0.0016,0.3355] t=0.4 AD=0.54
04:43:21   invivo_no_metal_broad_fp512_ann: MCC=0.0000 [0.0000,0.0000] t=0.18 AD=0.54
04:43:24     SHAP failed: could not convert string to float: '[5E-1]'
04:43:24   invivo_no_metal_broad_fp1024_xgb: MCC=0.2865 [-0.0159,0.5932] t=0.2 AD=0.54
04:43:30   invivo_no_metal_broad_fp1024_lgbm: MCC=-0.0128 [-0.0253,0.0000] t=0.12 AD=0.54
04:43:35     SHAP failed: Per-column arrays must each be 1-dimensional
04:43:35   invivo_no_metal_broad_fp1024_rf: MCC=0.1153 [-0.0259,0.3817] t=0.1 AD=0.54
04:43:42   invivo_no_metal_broad_fp1024_svm: MCC=0.0000 [0.0000,0.0000] t=0.12 AD=0.54
04:44:05   invivo_no_metal_broad_fp1024_logistic: MCC=0.0865 [-0.0478,0.2461] t=0.86 AD=0.54
04:44:08   invivo_no_metal_broad_fp1024_ann: MCC=0.0000 [0.0000,0.0000] t=0.32 AD=0.54
04:44:12     SHAP failed: could not convert string to float: '[5E-1]'
04:44:12   invivo_no_metal_broad_fp2048_xgb: MCC=0.1859 [-0.0164,0.4917] t=0.1 AD=0.54
04:44:18   invivo_no_metal_broad_fp2048_lgbm: MCC=0.1289 [-0.0252,0.3867] t=0.76 AD=0.54
04:44:23     SHAP failed: Per-column arrays must each be 1-dimensional
04:44:23   invivo_no_metal_broad_fp2048_rf: MCC=0.1852 [-0.0160,0.5007] t=0.14 AD=0.54
04:44:32   invivo_no_metal_broad_fp2048_svm: MCC=0.0000 [0.0000,0.0000] t=0.1 AD=0.54
04:45:10   invivo_no_metal_broad_fp2048_logistic: MCC=0.1977 [0.0279,0.3938] t=0.5 AD=0.54
04:45:14   invivo_no_metal_broad_fp2048_ann: MCC=-0.0076 [-0.0198,0.0000] t=0.38 AD=0.54
05:28:08   invivo_no_metal_graph_gnn: MCC=0.0000
05:28:08   salt_stripped: 1785/2153 SMILES changed
05:28:10   [invivo] FG features: 618 columns (smi_col=_analysis_smiles)
05:28:11   [invivo] Physchem features: 13 columns
05:28:12   [invivo] Fingerprint: 512 bits (smi_col=_analysis_smiles)
05:28:13   [invivo] Fingerprint: 1024 bits (smi_col=_analysis_smiles)
05:28:15   [invivo] Fingerprint: 2048 bits (smi_col=_analysis_smiles)
05:28:32     SHAP failed: could not convert string to float: '[5E-1]'
05:28:32   invivo_salt_stripped_compact_xgb: MCC=0.1614 [-0.0261,0.3953] t=0.86 AD=0.59 ★
05:28:39   invivo_salt_stripped_compact_lgbm: MCC=0.1446 [-0.0166,0.4435] t=0.88 AD=0.59
05:28:44     SHAP failed: Per-column arrays must each be 1-dimensional
05:28:44   invivo_salt_stripped_compact_rf: MCC=0.1446 [-0.0155,0.4165] t=0.62 AD=0.59
05:28:50   invivo_salt_stripped_compact_svm: MCC=0.0000 [0.0000,0.0000] t=0.1 AD=0.59
05:28:59   invivo_salt_stripped_compact_logistic: MCC=0.1460 [0.0406,0.2465] t=0.72 AD=0.59
05:29:01   invivo_salt_stripped_compact_ann: MCC=0.0000 [0.0000,0.0000] t=0.32 AD=0.59
05:29:04     SHAP failed: could not convert string to float: '[5E-1]'
05:29:04   invivo_salt_stripped_broad_fp512_xgb: MCC=0.3114 [-0.0137,0.5711] t=0.8 AD=0.59
05:29:11   invivo_salt_stripped_broad_fp512_lgbm: MCC=0.2297 [-0.0160,0.5352] t=0.88 AD=0.59
05:29:16     SHAP failed: Per-column arrays must each be 1-dimensional
05:29:16   invivo_salt_stripped_broad_fp512_rf: MCC=0.1247 [-0.0191,0.3780] t=0.54 AD=0.59
05:29:24   invivo_salt_stripped_broad_fp512_svm: MCC=0.0000 [0.0000,0.0000] t=0.16 AD=0.59
05:29:47   invivo_salt_stripped_broad_fp512_logistic: MCC=0.2067 [0.0525,0.3382] t=0.1 AD=0.59
05:29:50   invivo_salt_stripped_broad_fp512_ann: MCC=0.0000 [0.0000,0.0000] t=0.38 AD=0.59
05:29:54     SHAP failed: could not convert string to float: '[5E-1]'
05:29:54   invivo_salt_stripped_broad_fp1024_xgb: MCC=0.2287 [-0.0224,0.5057] t=0.82 AD=0.59
05:30:00   invivo_salt_stripped_broad_fp1024_lgbm: MCC=0.0886 [-0.0248,0.3130] t=0.86 AD=0.59
05:30:06     SHAP failed: Per-column arrays must each be 1-dimensional
05:30:06   invivo_salt_stripped_broad_fp1024_rf: MCC=0.1247 [-0.0191,0.3780] t=0.6 AD=0.59
05:30:14   invivo_salt_stripped_broad_fp1024_svm: MCC=0.0000 [0.0000,0.0000] t=0.12 AD=0.59
05:30:41   invivo_salt_stripped_broad_fp1024_logistic: MCC=0.2032 [0.0198,0.3762] t=0.16 AD=0.59
05:30:45   invivo_salt_stripped_broad_fp1024_ann: MCC=0.0000 [0.0000,0.0000] t=0.1 AD=0.59
05:30:48     SHAP failed: could not convert string to float: '[5E-1]'
05:30:48   invivo_salt_stripped_broad_fp2048_xgb: MCC=0.3109 [-0.0133,0.5570] t=0.84 AD=0.59
05:30:55   invivo_salt_stripped_broad_fp2048_lgbm: MCC=0.1260 [-0.0194,0.4030] t=0.86 AD=0.59
05:31:01     SHAP failed: Per-column arrays must each be 1-dimensional
05:31:01   invivo_salt_stripped_broad_fp2048_rf: MCC=0.1274 [-0.0186,0.4168] t=0.6 AD=0.59
05:31:12   invivo_salt_stripped_broad_fp2048_svm: MCC=0.0000 [0.0000,0.0000] t=0.18 AD=0.59
05:31:43   invivo_salt_stripped_broad_fp2048_logistic: MCC=0.0879 [-0.0480,0.2359] t=0.88 AD=0.59
05:31:47   invivo_salt_stripped_broad_fp2048_ann: MCC=0.0000 [0.0000,0.0000] t=0.14 AD=0.59
06:34:01   invivo_salt_stripped_graph_gnn: MCC=0.0000
06:34:01   [invitro_sampling] Pre-computing features...
06:34:01   [invitro_sampling] FG features: 618 columns (smi_col=_analysis_smiles)
06:34:01   [invitro_sampling] Physchem features: 13 columns
06:34:02   [invitro_sampling] Fingerprint: 512 bits (smi_col=_analysis_smiles)
06:34:02   [invitro_sampling] Fingerprint: 1024 bits (smi_col=_analysis_smiles)
06:34:03   [invitro_sampling] Fingerprint: 2048 bits (smi_col=_analysis_smiles)
06:34:24   invitro_sampling_raw_all_compact_xgb: MCC=0.4659 [0.2154,0.6710] t=0.34 AD=0.54
06:34:29   invitro_sampling_raw_all_compact_lgbm: MCC=0.5349 [0.3524,0.7448] t=0.12 AD=0.54
06:34:35   invitro_sampling_raw_all_compact_rf: MCC=0.5974 [0.3793,0.7964] t=0.36 AD=0.54
06:34:36   invitro_sampling_raw_all_compact_svm: MCC=0.4000 [0.1443,0.6134] t=0.5 AD=0.54
06:34:39   invitro_sampling_raw_all_compact_logistic: MCC=0.5648 [0.3627,0.7330] t=0.66 AD=0.54
06:34:40   invitro_sampling_raw_all_compact_ann: MCC=0.1590 [-0.0883,0.3962] t=0.6 AD=0.54
06:34:42   invitro_sampling_raw_all_broad_fp512_xgb: MCC=0.5039 [0.2783,0.6976] t=0.2 AD=0.54
06:34:47   invitro_sampling_raw_all_broad_fp512_lgbm: MCC=0.4416 [0.2230,0.6538] t=0.16 AD=0.54
06:34:50   invitro_sampling_raw_all_broad_fp512_rf: MCC=0.6625 [0.4590,0.8392] t=0.38 AD=0.54
06:34:52   invitro_sampling_raw_all_broad_fp512_svm: MCC=0.4712 [0.2575,0.6697] t=0.72 AD=0.54
06:34:55   invitro_sampling_raw_all_broad_fp512_logistic: MCC=0.2081 [-0.0285,0.4146] t=0.12 AD=0.54
06:34:56   invitro_sampling_raw_all_broad_fp512_ann: MCC=0.0178 [-0.2182,0.2702] t=0.36 AD=0.54
06:34:58   invitro_sampling_raw_all_broad_fp1024_xgb: MCC=0.6298 [0.4340,0.7967] t=0.32 AD=0.54
06:35:03   invitro_sampling_raw_all_broad_fp1024_lgbm: MCC=0.4772 [0.2622,0.6883] t=0.14 AD=0.54
06:35:07   invitro_sampling_raw_all_broad_fp1024_rf: MCC=0.6601 [0.4573,0.8299] t=0.48 AD=0.54
06:35:08   invitro_sampling_raw_all_broad_fp1024_svm: MCC=0.4683 [0.2672,0.6688] t=0.56 AD=0.54
06:35:12   invitro_sampling_raw_all_broad_fp1024_logistic: MCC=0.3902 [0.1592,0.5965] t=0.1 AD=0.54
06:35:14   invitro_sampling_raw_all_broad_fp1024_ann: MCC=0.3588 [0.1439,0.5728] t=0.52 AD=0.54
06:35:16   invitro_sampling_raw_all_broad_fp2048_xgb: MCC=0.5391 [0.3218,0.7393] t=0.26 AD=0.54
06:35:20   invitro_sampling_raw_all_broad_fp2048_lgbm: MCC=0.5406 [0.3471,0.7333] t=0.2 AD=0.54
06:35:24   invitro_sampling_raw_all_broad_fp2048_rf: MCC=0.6609 [0.4662,0.8284] t=0.56 AD=0.54
06:35:26   invitro_sampling_raw_all_broad_fp2048_svm: MCC=0.3664 [0.1439,0.5942] t=0.42 AD=0.54
06:35:31   invitro_sampling_raw_all_broad_fp2048_logistic: MCC=0.3376 [0.1116,0.5803] t=0.22 AD=0.54
06:35:33   invitro_sampling_raw_all_broad_fp2048_ann: MCC=0.2589 [0.0329,0.4725] t=0.3 AD=0.54
06:41:49   invitro_sampling_raw_all_graph_gnn: MCC=0.2078
06:41:49   [invitro_sampling] FG features: 618 columns (smi_col=_analysis_smiles)
06:41:49   [invitro_sampling] Physchem features: 13 columns
06:41:49   [invitro_sampling] Fingerprint: 512 bits (smi_col=_analysis_smiles)
06:41:50   [invitro_sampling] Fingerprint: 1024 bits (smi_col=_analysis_smiles)
06:41:50   [invitro_sampling] Fingerprint: 2048 bits (smi_col=_analysis_smiles)
06:42:02   invitro_sampling_no_metal_compact_xgb: MCC=0.5819 [0.3242,0.8120] t=0.56 AD=0.47 ★
06:42:12   invitro_sampling_no_metal_compact_lgbm: MCC=0.4251 [0.1657,0.6747] t=0.52 AD=0.47
06:42:16   invitro_sampling_no_metal_compact_rf: MCC=0.5805 [0.3574,0.7953] t=0.48 AD=0.47
06:42:17   invitro_sampling_no_metal_compact_svm: MCC=0.4323 [0.1671,0.6646] t=0.62 AD=0.47
06:42:19   invitro_sampling_no_metal_compact_logistic: MCC=0.4280 [0.1586,0.6676] t=0.34 AD=0.47
06:42:21   invitro_sampling_no_metal_compact_ann: MCC=0.5785 [0.3598,0.7791] t=0.24 AD=0.47
06:42:23   invitro_sampling_no_metal_broad_fp512_xgb: MCC=0.6578 [0.4345,0.8504] t=0.28 AD=0.47
06:42:26   invitro_sampling_no_metal_broad_fp512_lgbm: MCC=0.5070 [0.2635,0.7226] t=0.2 AD=0.47
06:42:30   invitro_sampling_no_metal_broad_fp512_rf: MCC=0.6573 [0.4680,0.8469] t=0.28 AD=0.47
06:42:31   invitro_sampling_no_metal_broad_fp512_svm: MCC=0.3583 [0.1070,0.5955] t=0.34 AD=0.47
06:42:34   invitro_sampling_no_metal_broad_fp512_logistic: MCC=0.1988 [-0.0775,0.4541] t=0.1 AD=0.47
06:42:35   invitro_sampling_no_metal_broad_fp512_ann: MCC=0.3222 [0.0551,0.5723] t=0.22 AD=0.47
06:42:37   invitro_sampling_no_metal_broad_fp1024_xgb: MCC=0.6202 [0.3836,0.8196] t=0.52 AD=0.47
06:42:40   invitro_sampling_no_metal_broad_fp1024_lgbm: MCC=0.5814 [0.3511,0.7854] t=0.32 AD=0.47
06:42:44   invitro_sampling_no_metal_broad_fp1024_rf: MCC=0.6612 [0.4663,0.8490] t=0.32 AD=0.47
06:42:46   invitro_sampling_no_metal_broad_fp1024_svm: MCC=0.4788 [0.2517,0.7056] t=0.4 AD=0.47
06:42:49   invitro_sampling_no_metal_broad_fp1024_logistic: MCC=0.3177 [0.0682,0.5559] t=0.2 AD=0.47
06:42:51   invitro_sampling_no_metal_broad_fp1024_ann: MCC=0.3305 [0.0779,0.5492] t=0.44 AD=0.47
06:42:53   invitro_sampling_no_metal_broad_fp2048_xgb: MCC=0.5823 [0.3642,0.7909] t=0.24 AD=0.47
06:42:56   invitro_sampling_no_metal_broad_fp2048_lgbm: MCC=0.5058 [0.2594,0.7209] t=0.24 AD=0.47
06:43:00   invitro_sampling_no_metal_broad_fp2048_rf: MCC=0.6210 [0.4060,0.8120] t=0.44 AD=0.47
06:43:01   invitro_sampling_no_metal_broad_fp2048_svm: MCC=0.3681 [0.1159,0.6029] t=0.36 AD=0.47
06:43:05   invitro_sampling_no_metal_broad_fp2048_logistic: MCC=0.3787 [0.1432,0.6213] t=0.12 AD=0.47
06:43:07   invitro_sampling_no_metal_broad_fp2048_ann: MCC=0.5225 [0.3053,0.7344] t=0.38 AD=0.47
06:47:39   invitro_sampling_no_metal_graph_gnn: MCC=0.2258
06:47:39   salt_stripped: 309/345 SMILES changed
06:47:39   [invitro_sampling] FG features: 618 columns (smi_col=_analysis_smiles)
06:47:39   [invitro_sampling] Physchem features: 13 columns
06:47:39   [invitro_sampling] Fingerprint: 512 bits (smi_col=_analysis_smiles)
06:47:40   [invitro_sampling] Fingerprint: 1024 bits (smi_col=_analysis_smiles)
06:47:41   [invitro_sampling] Fingerprint: 2048 bits (smi_col=_analysis_smiles)
06:47:43   invitro_sampling_salt_stripped_compact_xgb: MCC=0.1318 [-0.0935,0.3727] t=0.38 AD=0.55
06:47:47   invitro_sampling_salt_stripped_compact_lgbm: MCC=0.3421 [0.1134,0.5682] t=0.2 AD=0.55
06:47:50   invitro_sampling_salt_stripped_compact_rf: MCC=0.3915 [0.1869,0.6011] t=0.58 AD=0.55
06:47:52   invitro_sampling_salt_stripped_compact_svm: MCC=0.3146 [0.0408,0.5367] t=0.48 AD=0.55
06:47:54   invitro_sampling_salt_stripped_compact_logistic: MCC=0.4614 [0.2228,0.6553] t=0.7 AD=0.55
06:47:56   invitro_sampling_salt_stripped_compact_ann: MCC=0.2907 [0.0562,0.5142] t=0.56 AD=0.55
06:47:57   invitro_sampling_salt_stripped_broad_fp512_xgb: MCC=0.3185 [0.0753,0.5564] t=0.14 AD=0.55
06:48:01   invitro_sampling_salt_stripped_broad_fp512_lgbm: MCC=0.3910 [0.1636,0.6120] t=0.1 AD=0.55
06:48:05   invitro_sampling_salt_stripped_broad_fp512_rf: MCC=0.4383 [0.2209,0.6461] t=0.3 AD=0.55
06:48:07   invitro_sampling_salt_stripped_broad_fp512_svm: MCC=0.3140 [0.0875,0.5479] t=0.3 AD=0.55
06:48:10   invitro_sampling_salt_stripped_broad_fp512_logistic: MCC=0.2707 [0.0386,0.4754] t=0.32 AD=0.55
06:48:11   invitro_sampling_salt_stripped_broad_fp512_ann: MCC=0.4000 [0.1890,0.5981] t=0.3 AD=0.55
06:48:13   invitro_sampling_salt_stripped_broad_fp1024_xgb: MCC=0.4061 [0.1796,0.6184] t=0.14 AD=0.55
06:48:17   invitro_sampling_salt_stripped_broad_fp1024_lgbm: MCC=0.3158 [0.1028,0.5429] t=0.16 AD=0.55
06:48:21   invitro_sampling_salt_stripped_broad_fp1024_rf: MCC=0.4026 [0.1862,0.6185] t=0.32 AD=0.55
06:48:23   invitro_sampling_salt_stripped_broad_fp1024_svm: MCC=0.3109 [0.0639,0.5244] t=0.42 AD=0.55
06:48:26   invitro_sampling_salt_stripped_broad_fp1024_logistic: MCC=0.1359 [-0.0902,0.3712] t=0.1 AD=0.55
06:48:28   invitro_sampling_salt_stripped_broad_fp1024_ann: MCC=0.3185 [0.0711,0.5126] t=0.4 AD=0.55
06:48:31   invitro_sampling_salt_stripped_broad_fp2048_xgb: MCC=0.2524 [0.0217,0.4771] t=0.16 AD=0.55
06:48:34   invitro_sampling_salt_stripped_broad_fp2048_lgbm: MCC=0.3185 [0.0810,0.5467] t=0.1 AD=0.55
06:48:38   invitro_sampling_salt_stripped_broad_fp2048_rf: MCC=0.4831 [0.2699,0.6882] t=0.34 AD=0.55
06:48:40   invitro_sampling_salt_stripped_broad_fp2048_svm: MCC=0.2871 [0.0440,0.5329] t=0.48 AD=0.55
06:48:45   invitro_sampling_salt_stripped_broad_fp2048_logistic: MCC=0.2156 [-0.0114,0.4453] t=0.12 AD=0.55
06:48:47   invitro_sampling_salt_stripped_broad_fp2048_ann: MCC=0.0828 [-0.1448,0.2930] t=0.4 AD=0.55
06:55:16   invitro_sampling_salt_stripped_graph_gnn: MCC=0.2351
06:55:16   [invivo_sampling] Pre-computing features...
06:55:17   [invivo_sampling] FG features: 618 columns (smi_col=_analysis_smiles)
06:55:17   [invivo_sampling] Physchem features: 13 columns
06:55:17   [invivo_sampling] Fingerprint: 512 bits (smi_col=_analysis_smiles)
06:55:17   [invivo_sampling] Fingerprint: 1024 bits (smi_col=_analysis_smiles)
06:55:18   [invivo_sampling] Fingerprint: 2048 bits (smi_col=_analysis_smiles)
06:55:33   invivo_sampling_raw_all_compact_xgb: MCC=0.8278 [0.6400,1.0000] t=0.26 AD=0.38 ★
06:55:37   invivo_sampling_raw_all_compact_lgbm: MCC=0.7288 [0.4945,0.9149] t=0.2 AD=0.38
06:55:41   invivo_sampling_raw_all_compact_rf: MCC=0.5764 [0.2391,0.8446] t=0.38 AD=0.38
06:55:42   invivo_sampling_raw_all_compact_svm: MCC=0.5052 [0.1736,0.7962] t=0.24 AD=0.38
06:55:44   invivo_sampling_raw_all_compact_logistic: MCC=0.4248 [0.0881,0.7215] t=0.6 AD=0.38
06:55:46   invivo_sampling_raw_all_compact_ann: MCC=0.3822 [0.0277,0.6753] t=0.22 AD=0.38
06:55:48   invivo_sampling_raw_all_broad_fp512_xgb: MCC=0.8321 [0.6443,1.0000] t=0.12 AD=0.38
06:55:51   invivo_sampling_raw_all_broad_fp512_lgbm: MCC=0.8303 [0.6189,1.0000] t=0.16 AD=0.38
06:55:55   invivo_sampling_raw_all_broad_fp512_rf: MCC=0.5764 [0.2391,0.8446] t=0.38 AD=0.38
06:55:56   invivo_sampling_raw_all_broad_fp512_svm: MCC=0.3579 [0.0195,0.6587] t=0.24 AD=0.38
06:55:58   invivo_sampling_raw_all_broad_fp512_logistic: MCC=0.3355 [-0.0064,0.6373] t=0.76 AD=0.38
06:56:00   invivo_sampling_raw_all_broad_fp512_ann: MCC=0.4221 [0.0663,0.7329] t=0.22 AD=0.38
06:56:02   invivo_sampling_raw_all_broad_fp1024_xgb: MCC=0.8321 [0.6443,1.0000] t=0.14 AD=0.38
06:56:05   invivo_sampling_raw_all_broad_fp1024_lgbm: MCC=0.7711 [0.5088,0.9777] t=0.1 AD=0.38
06:56:09   invivo_sampling_raw_all_broad_fp1024_rf: MCC=0.7590 [0.4787,0.9424] t=0.34 AD=0.38
06:56:10   invivo_sampling_raw_all_broad_fp1024_svm: MCC=0.4316 [0.0792,0.7329] t=0.12 AD=0.38
06:56:13   invivo_sampling_raw_all_broad_fp1024_logistic: MCC=0.2924 [-0.0497,0.6212] t=0.64 AD=0.38
06:56:15   invivo_sampling_raw_all_broad_fp1024_ann: MCC=0.4446 [0.0908,0.7329] t=0.2 AD=0.38
06:56:17   invivo_sampling_raw_all_broad_fp2048_xgb: MCC=0.8321 [0.6443,1.0000] t=0.12 AD=0.38
06:56:20   invivo_sampling_raw_all_broad_fp2048_lgbm: MCC=0.7163 [0.4466,0.9273] t=0.18 AD=0.38
06:56:24   invivo_sampling_raw_all_broad_fp2048_rf: MCC=0.6982 [0.4288,0.9044] t=0.32 AD=0.38
06:56:25   invivo_sampling_raw_all_broad_fp2048_svm: MCC=0.4156 [0.0361,0.6938] t=0.14 AD=0.38
06:56:29   invivo_sampling_raw_all_broad_fp2048_logistic: MCC=0.3350 [-0.0046,0.6366] t=0.14 AD=0.38
06:56:30   invivo_sampling_raw_all_broad_fp2048_ann: MCC=0.0996 [-0.1443,0.4260] t=0.12 AD=0.38
07:02:23   invivo_sampling_raw_all_graph_gnn: MCC=0.4230
07:02:23   [invivo_sampling] FG features: 618 columns (smi_col=_analysis_smiles)
07:02:23   [invivo_sampling] Physchem features: 13 columns
07:02:23   [invivo_sampling] Fingerprint: 512 bits (smi_col=_analysis_smiles)
07:02:24   [invivo_sampling] Fingerprint: 1024 bits (smi_col=_analysis_smiles)
07:02:24   [invivo_sampling] Fingerprint: 2048 bits (smi_col=_analysis_smiles)
07:02:39   invivo_sampling_no_metal_compact_xgb: MCC=0.5295 [0.1969,0.8345] t=0.4 AD=0.26
07:02:42   invivo_sampling_no_metal_compact_lgbm: MCC=0.7012 [0.4031,0.9350] t=0.22 AD=0.26
07:02:46   invivo_sampling_no_metal_compact_rf: MCC=0.5418 [0.1413,0.8486] t=0.36 AD=0.26
07:02:48   invivo_sampling_no_metal_compact_svm: MCC=0.3771 [-0.0111,0.7072] t=0.46 AD=0.26
07:02:49   invivo_sampling_no_metal_compact_logistic: MCC=0.1979 [-0.1698,0.5538] t=0.3 AD=0.26
07:02:51   invivo_sampling_no_metal_compact_ann: MCC=0.0000 [0.0000,0.0000] t=0.24 AD=0.26
07:02:52   invivo_sampling_no_metal_broad_fp512_xgb: MCC=0.5281 [0.2017,0.8345] t=0.1 AD=0.26
07:02:55   invivo_sampling_no_metal_broad_fp512_lgbm: MCC=0.6343 [0.3173,0.9034] t=0.1 AD=0.26
07:02:59   invivo_sampling_no_metal_broad_fp512_rf: MCC=0.6096 [0.3126,0.8970] t=0.3 AD=0.26
07:03:00   invivo_sampling_no_metal_broad_fp512_svm: MCC=0.2480 [-0.1333,0.5966] t=0.42 AD=0.26
07:03:02   invivo_sampling_no_metal_broad_fp512_logistic: MCC=0.0201 [-0.2933,0.4104] t=0.68 AD=0.26
07:03:04   invivo_sampling_no_metal_broad_fp512_ann: MCC=0.1054 [-0.2191,0.4914] t=0.44 AD=0.26
07:03:05   invivo_sampling_no_metal_broad_fp1024_xgb: MCC=0.6935 [0.4701,0.9295] t=0.26 AD=0.26
07:03:08   invivo_sampling_no_metal_broad_fp1024_lgbm: MCC=0.7076 [0.4726,0.9295] t=0.12 AD=0.26
07:03:12   invivo_sampling_no_metal_broad_fp1024_rf: MCC=0.7102 [0.4502,0.9295] t=0.38 AD=0.26
07:03:14   invivo_sampling_no_metal_broad_fp1024_svm: MCC=0.4483 [0.0711,0.7861] t=0.24 AD=0.26
07:03:16   invivo_sampling_no_metal_broad_fp1024_logistic: MCC=0.2060 [-0.1302,0.5623] t=0.36 AD=0.26
07:03:17   invivo_sampling_no_metal_broad_fp1024_ann: MCC=0.1879 [-0.1701,0.4868] t=0.18 AD=0.26
07:03:19   invivo_sampling_no_metal_broad_fp2048_xgb: MCC=0.5326 [0.1947,0.8419] t=0.14 AD=0.26
07:03:22   invivo_sampling_no_metal_broad_fp2048_lgbm: MCC=0.7076 [0.4726,0.9295] t=0.1 AD=0.26
07:03:26   invivo_sampling_no_metal_broad_fp2048_rf: MCC=0.7841 [0.5463,1.0000] t=0.46 AD=0.26
07:03:27   invivo_sampling_no_metal_broad_fp2048_svm: MCC=0.3276 [-0.0190,0.6712] t=0.5 AD=0.26
07:03:30   invivo_sampling_no_metal_broad_fp2048_logistic: MCC=0.2312 [-0.1292,0.6050] t=0.28 AD=0.26
07:03:32   invivo_sampling_no_metal_broad_fp2048_ann: MCC=0.2352 [-0.1397,0.6135] t=0.14 AD=0.26
07:07:13   invivo_sampling_no_metal_graph_gnn: MCC=0.2354
07:07:13   salt_stripped: 208/231 SMILES changed
07:07:13   [invivo_sampling] FG features: 618 columns (smi_col=_analysis_smiles)
07:07:13   [invivo_sampling] Physchem features: 13 columns
07:07:13   [invivo_sampling] Fingerprint: 512 bits (smi_col=_analysis_smiles)
07:07:14   [invivo_sampling] Fingerprint: 1024 bits (smi_col=_analysis_smiles)
07:07:15   [invivo_sampling] Fingerprint: 2048 bits (smi_col=_analysis_smiles)
07:07:17   invivo_sampling_salt_stripped_compact_xgb: MCC=0.5258 [0.2182,0.7864] t=0.18 AD=0.40
07:07:20   invivo_sampling_salt_stripped_compact_lgbm: MCC=0.6496 [0.3672,0.8582] t=0.44 AD=0.40
07:07:24   invivo_sampling_salt_stripped_compact_rf: MCC=0.5055 [0.1449,0.7923] t=0.24 AD=0.40
07:07:25   invivo_sampling_salt_stripped_compact_svm: MCC=0.4277 [0.0000,0.6964] t=0.34 AD=0.40
07:07:27   invivo_sampling_salt_stripped_compact_logistic: MCC=0.2690 [-0.0857,0.5747] t=0.6 AD=0.40
07:07:28   invivo_sampling_salt_stripped_compact_ann: MCC=0.3012 [-0.0542,0.5947] t=0.22 AD=0.40
07:07:30   invivo_sampling_salt_stripped_broad_fp512_xgb: MCC=0.7035 [0.4601,0.9129] t=0.38 AD=0.40
07:07:34   invivo_sampling_salt_stripped_broad_fp512_lgbm: MCC=0.6496 [0.3672,0.8582] t=0.16 AD=0.40
07:07:37   invivo_sampling_salt_stripped_broad_fp512_rf: MCC=0.5003 [0.1385,0.7814] t=0.44 AD=0.40
07:07:39   invivo_sampling_salt_stripped_broad_fp512_svm: MCC=0.1936 [0.0000,0.5023] t=0.18 AD=0.40
07:07:41   invivo_sampling_salt_stripped_broad_fp512_logistic: MCC=0.3738 [0.0414,0.6515] t=0.28 AD=0.40
07:07:43   invivo_sampling_salt_stripped_broad_fp512_ann: MCC=0.0306 [-0.1977,0.3490] t=0.22 AD=0.40
07:07:44   invivo_sampling_salt_stripped_broad_fp1024_xgb: MCC=0.7738 [0.5793,0.9456] t=0.16 AD=0.40
07:07:48   invivo_sampling_salt_stripped_broad_fp1024_lgbm: MCC=0.6496 [0.3672,0.8582] t=0.46 AD=0.40
07:07:51   invivo_sampling_salt_stripped_broad_fp1024_rf: MCC=0.5003 [0.1385,0.7814] t=0.4 AD=0.40
07:07:53   invivo_sampling_salt_stripped_broad_fp1024_svm: MCC=0.3475 [-0.0748,0.6267] t=0.22 AD=0.40
07:07:57   invivo_sampling_salt_stripped_broad_fp1024_logistic: MCC=0.0007 [-0.2577,0.3303] t=0.18 AD=0.40
07:07:58   invivo_sampling_salt_stripped_broad_fp1024_ann: MCC=0.2143 [-0.1297,0.5368] t=0.38 AD=0.40
07:08:00   invivo_sampling_salt_stripped_broad_fp2048_xgb: MCC=0.7093 [0.4932,0.9085] t=0.14 AD=0.40
07:08:03   invivo_sampling_salt_stripped_broad_fp2048_lgbm: MCC=0.5810 [0.2885,0.8288] t=0.18 AD=0.40
07:08:07   invivo_sampling_salt_stripped_broad_fp2048_rf: MCC=0.5120 [0.2384,0.7618] t=0.3 AD=0.40
07:08:08   invivo_sampling_salt_stripped_broad_fp2048_svm: MCC=0.1608 [-0.1529,0.5180] t=0.32 AD=0.40
07:08:12   invivo_sampling_salt_stripped_broad_fp2048_logistic: MCC=0.1796 [-0.1200,0.5117] t=0.14 AD=0.40
07:08:14   invivo_sampling_salt_stripped_broad_fp2048_ann: MCC=-0.0531 [-0.2592,0.2676] t=0.2 AD=0.40
07:13:34   invivo_sampling_salt_stripped_graph_gnn: MCC=0.2711
07:13:34 STEP 5b: Statistical Comparisons
07:13:34   [ames] 21 pairwise comparisons saved
07:13:34   [invitro] 21 pairwise comparisons saved
07:13:34   [invivo] 21 pairwise comparisons saved
07:13:34   [invitro_sampling] 21 pairwise comparisons saved
07:13:34   [invivo_sampling] 21 pairwise comparisons saved
07:13:34   [ames] McNemar ames_raw_all_broad_fp2048_xgb vs ames_raw_all_broad_fp1024_lgbm: p=0.3902
07:13:34   [invivo] McNemar invivo_salt_stripped_broad_fp512_xgb vs invivo_salt_stripped_broad_fp2048_xgb: p=0.7237
07:13:34   [invivo_sampling] McNemar invivo_sampling_raw_all_broad_fp512_xgb vs invivo_sampling_raw_all_broad_fp1024_xgb: p=1.0000
07:13:34 STEP 5c: Learning Curves
07:13:48   [ames] FG features: 618 columns (smi_col=_analysis_smiles)
07:13:52   [ames] Physchem features: 13 columns
07:13:56   [ames] Learning curve: 6 points
07:13:57   [invitro] FG features: 618 columns (smi_col=_analysis_smiles)
07:13:57   [invitro] Physchem features: 13 columns
07:13:59   [invitro] Learning curve: 6 points
07:13:59   salt_stripped: 1785/2153 SMILES changed
07:14:01   [invivo] FG features: 618 columns (smi_col=_analysis_smiles)
07:14:02   [invivo] Physchem features: 13 columns
07:14:04   [invivo] Learning curve: 6 points
07:14:04   [invitro_sampling] FG features: 618 columns (smi_col=_analysis_smiles)
07:14:04   [invitro_sampling] Physchem features: 13 columns
07:14:05   [invitro_sampling] Learning curve: 6 points
07:14:06   [invivo_sampling] FG features: 618 columns (smi_col=_analysis_smiles)
07:14:06   [invivo_sampling] Physchem features: 13 columns
07:14:07   [invivo_sampling] Learning curve: 6 points
07:14:07 STEP 6: LDO + Domain Analysis
07:14:15   [ames] FG features: 618 columns (smi_col=SMILES)
07:14:18   [ames] Physchem features: 13 columns
07:14:27   [ames] FG features: 618 columns (smi_col=SMILES)
07:14:30   [ames] Physchem features: 13 columns
07:14:42   [ames] FG features: 618 columns (smi_col=SMILES)
07:14:45   [ames] Physchem features: 13 columns
07:14:53   [ames] FG features: 618 columns (smi_col=SMILES)
07:14:56   [ames] Physchem features: 13 columns
07:14:58   LDO [xgb] drug→industrial: MCC=0.2341
07:14:58   LDO [xgb] industrial→drug: MCC=0.1222
07:15:07   [ames] FG features: 618 columns (smi_col=SMILES)
07:15:09   [ames] Physchem features: 13 columns
07:15:18   [ames] FG features: 618 columns (smi_col=SMILES)
07:15:22   [ames] Physchem features: 13 columns
07:15:33   [ames] FG features: 618 columns (smi_col=SMILES)
07:15:36   [ames] Physchem features: 13 columns
07:15:44   [ames] FG features: 618 columns (smi_col=SMILES)
07:15:47   [ames] Physchem features: 13 columns
07:15:49   LDO [lgbm] drug→industrial: MCC=0.2321
07:15:49   LDO [lgbm] industrial→drug: MCC=0.1340
07:15:57   [ames] FG features: 618 columns (smi_col=SMILES)
07:16:00   [ames] Physchem features: 13 columns
07:16:09   [ames] FG features: 618 columns (smi_col=SMILES)
07:16:12   [ames] Physchem features: 13 columns
07:16:24   [ames] FG features: 618 columns (smi_col=SMILES)
07:16:27   [ames] Physchem features: 13 columns
07:16:35   [ames] FG features: 618 columns (smi_col=SMILES)
07:16:37   [ames] Physchem features: 13 columns
07:16:40   LDO [rf] drug→industrial: MCC=0.2355
07:16:40   LDO [rf] industrial→drug: MCC=0.3251
07:16:40 STEP 7: SHAP Summary Aggregation
07:16:41   [ames] SHAP top-3: bb_n_genotox_alerts, MW, RingCount
07:16:41   [invitro] SHAP top-3: LogP, FractionCSP3, MW
07:16:41   [invivo] SHAP top-3: MW, NumValenceElectrons, bb_n_genotox_alerts
07:16:41   Total SHAP files aggregated: 36
07:16:41 
Checklist (13/13):
07:16:41   [✓] fixed_split
07:16:41   [✓] conflicts
07:16:41   [✓] domain_diagnosed
07:16:41   [✓] domain_ldo
07:16:41   [✓] cross_ep
07:16:41   [✓] cv_selection
07:16:41   [✓] salt_stripped_verified
07:16:41   [✓] statistical_tests
07:16:41   [✓] learning_curves
07:16:41   [✓] bootstrap_ci
07:16:41   [✓] ad_computed
07:16:41   [✓] calibration
07:16:41   [✓] shap_computed
07:16:41 
DONE in 75696s: C:\Users\Administrator\Documents\GitHub\Genotox_model\genotox_pipeline_v2\runs\20260330_101505_v12.1
