2026-03-18 13:43:41,332 [INFO] step5: ============================================================
2026-03-18 13:43:41,332 [INFO] step5: Step 5: Ablation / Robustness Study
2026-03-18 13:43:41,332 [INFO] step5: ============================================================
2026-03-18 13:43:41,332 [INFO] step5: 
--- ames ---
2026-03-18 13:43:41,625 [INFO] step5:   Feature subsets: ['compact', 'broad_tabular', 'broad_fp', 'broad_fp_qm']
2026-03-18 13:43:41,625 [INFO] step5:   Running: compact / xgb
2026-03-18 13:43:41,981 [ERROR] step5: Ablation failed: ames/compact/xgb: "value" parameter must be a scalar, dict or Series, but you passed a "Index"
2026-03-18 13:43:41,987 [INFO] step5:     ¡æ failed, MCC=?
2026-03-18 13:43:41,987 [INFO] step5:   Running: compact / logreg
2026-03-18 13:43:42,350 [ERROR] step5: Ablation failed: ames/compact/logreg: "value" parameter must be a scalar, dict or Series, but you passed a "Index"
2026-03-18 13:43:42,356 [INFO] step5:     ¡æ failed, MCC=?
2026-03-18 13:43:42,356 [INFO] step5:   Running: broad_tabular / xgb
2026-03-18 13:43:42,713 [ERROR] step5: Ablation failed: ames/broad_tabular/xgb: "value" parameter must be a scalar, dict or Series, but you passed a "Index"
2026-03-18 13:43:42,718 [INFO] step5:     ¡æ failed, MCC=?
2026-03-18 13:43:42,719 [INFO] step5:   Running: broad_tabular / logreg
2026-03-18 13:43:43,079 [ERROR] step5: Ablation failed: ames/broad_tabular/logreg: "value" parameter must be a scalar, dict or Series, but you passed a "Index"
2026-03-18 13:43:43,085 [INFO] step5:     ¡æ failed, MCC=?
2026-03-18 13:43:43,085 [INFO] step5:   Running: broad_fp / xgb
2026-03-18 13:43:43,444 [ERROR] step5: Ablation failed: ames/broad_fp/xgb: "value" parameter must be a scalar, dict or Series, but you passed a "Index"
2026-03-18 13:43:43,449 [INFO] step5:     ¡æ failed, MCC=?
2026-03-18 13:43:43,449 [INFO] step5:   Running: broad_fp / logreg
2026-03-18 13:43:43,816 [ERROR] step5: Ablation failed: ames/broad_fp/logreg: "value" parameter must be a scalar, dict or Series, but you passed a "Index"
2026-03-18 13:43:43,821 [INFO] step5:     ¡æ failed, MCC=?
2026-03-18 13:43:43,821 [INFO] step5:   Running: broad_fp_qm / xgb
2026-03-18 13:43:44,182 [ERROR] step5: Ablation failed: ames/broad_fp_qm/xgb: "value" parameter must be a scalar, dict or Series, but you passed a "Index"
2026-03-18 13:43:44,188 [INFO] step5:     ¡æ failed, MCC=?
2026-03-18 13:43:44,188 [INFO] step5:   Running: broad_fp_qm / logreg
2026-03-18 13:43:44,556 [ERROR] step5: Ablation failed: ames/broad_fp_qm/logreg: "value" parameter must be a scalar, dict or Series, but you passed a "Index"
2026-03-18 13:43:44,562 [INFO] step5:     ¡æ failed, MCC=?
2026-03-18 13:43:44,562 [INFO] step5: 
--- invitro ---
2026-03-18 13:43:44,604 [INFO] step5:   Feature subsets: ['compact', 'broad_tabular', 'broad_fp', 'broad_fp_qm']
2026-03-18 13:43:44,604 [INFO] step5:   Running: compact / xgb
2026-03-18 13:43:44,658 [ERROR] step5: Ablation failed: invitro/compact/xgb: "value" parameter must be a scalar, dict or Series, but you passed a "Index"
2026-03-18 13:43:44,659 [INFO] step5:     ¡æ failed, MCC=?
2026-03-18 13:43:44,659 [INFO] step5:   Running: compact / logreg
2026-03-18 13:43:44,706 [ERROR] step5: Ablation failed: invitro/compact/logreg: "value" parameter must be a scalar, dict or Series, but you passed a "Index"
2026-03-18 13:43:44,706 [INFO] step5:     ¡æ failed, MCC=?
2026-03-18 13:43:44,706 [INFO] step5:   Running: broad_tabular / xgb
2026-03-18 13:43:44,786 [ERROR] step5: Ablation failed: invitro/broad_tabular/xgb: "value" parameter must be a scalar, dict or Series, but you passed a "Index"
2026-03-18 13:43:44,786 [INFO] step5:     ¡æ failed, MCC=?
2026-03-18 13:43:44,786 [INFO] step5:   Running: broad_tabular / logreg
2026-03-18 13:43:44,831 [ERROR] step5: Ablation failed: invitro/broad_tabular/logreg: "value" parameter must be a scalar, dict or Series, but you passed a "Index"
2026-03-18 13:43:44,831 [INFO] step5:     ¡æ failed, MCC=?
2026-03-18 13:43:44,831 [INFO] step5:   Running: broad_fp / xgb
2026-03-18 13:43:44,878 [ERROR] step5: Ablation failed: invitro/broad_fp/xgb: "value" parameter must be a scalar, dict or Series, but you passed a "Index"
2026-03-18 13:43:44,879 [INFO] step5:     ¡æ failed, MCC=?
2026-03-18 13:43:44,879 [INFO] step5:   Running: broad_fp / logreg
2026-03-18 13:43:44,923 [ERROR] step5: Ablation failed: invitro/broad_fp/logreg: "value" parameter must be a scalar, dict or Series, but you passed a "Index"
2026-03-18 13:43:44,924 [INFO] step5:     ¡æ failed, MCC=?
2026-03-18 13:43:44,924 [INFO] step5:   Running: broad_fp_qm / xgb
2026-03-18 13:43:44,970 [ERROR] step5: Ablation failed: invitro/broad_fp_qm/xgb: "value" parameter must be a scalar, dict or Series, but you passed a "Index"
2026-03-18 13:43:44,970 [INFO] step5:     ¡æ failed, MCC=?
2026-03-18 13:43:44,970 [INFO] step5:   Running: broad_fp_qm / logreg
2026-03-18 13:43:45,015 [ERROR] step5: Ablation failed: invitro/broad_fp_qm/logreg: "value" parameter must be a scalar, dict or Series, but you passed a "Index"
2026-03-18 13:43:45,017 [INFO] step5:     ¡æ failed, MCC=?
2026-03-18 13:43:45,017 [INFO] step5: 
--- invivo ---
2026-03-18 13:43:45,061 [INFO] step5:   Feature subsets: ['compact', 'broad_tabular', 'broad_fp', 'broad_fp_qm']
2026-03-18 13:43:45,061 [INFO] step5:   Running: compact / xgb
2026-03-18 13:43:45,118 [ERROR] step5: Ablation failed: invivo/compact/xgb: "value" parameter must be a scalar, dict or Series, but you passed a "Index"
2026-03-18 13:43:45,118 [INFO] step5:     ¡æ failed, MCC=?
2026-03-18 13:43:45,118 [INFO] step5:   Running: compact / logreg
2026-03-18 13:43:45,173 [ERROR] step5: Ablation failed: invivo/compact/logreg: "value" parameter must be a scalar, dict or Series, but you passed a "Index"
2026-03-18 13:43:45,173 [INFO] step5:     ¡æ failed, MCC=?
2026-03-18 13:43:45,173 [INFO] step5:   Running: broad_tabular / xgb
2026-03-18 13:43:45,228 [ERROR] step5: Ablation failed: invivo/broad_tabular/xgb: "value" parameter must be a scalar, dict or Series, but you passed a "Index"
2026-03-18 13:43:45,229 [INFO] step5:     ¡æ failed, MCC=?
2026-03-18 13:43:45,229 [INFO] step5:   Running: broad_tabular / logreg
2026-03-18 13:43:45,284 [ERROR] step5: Ablation failed: invivo/broad_tabular/logreg: "value" parameter must be a scalar, dict or Series, but you passed a "Index"
2026-03-18 13:43:45,284 [INFO] step5:     ¡æ failed, MCC=?
2026-03-18 13:43:45,284 [INFO] step5:   Running: broad_fp / xgb
2026-03-18 13:43:45,340 [ERROR] step5: Ablation failed: invivo/broad_fp/xgb: "value" parameter must be a scalar, dict or Series, but you passed a "Index"
2026-03-18 13:43:45,341 [INFO] step5:     ¡æ failed, MCC=?
2026-03-18 13:43:45,342 [INFO] step5:   Running: broad_fp / logreg
2026-03-18 13:43:45,397 [ERROR] step5: Ablation failed: invivo/broad_fp/logreg: "value" parameter must be a scalar, dict or Series, but you passed a "Index"
2026-03-18 13:43:45,398 [INFO] step5:     ¡æ failed, MCC=?
2026-03-18 13:43:45,398 [INFO] step5:   Running: broad_fp_qm / xgb
2026-03-18 13:43:45,454 [ERROR] step5: Ablation failed: invivo/broad_fp_qm/xgb: "value" parameter must be a scalar, dict or Series, but you passed a "Index"
2026-03-18 13:43:45,455 [INFO] step5:     ¡æ failed, MCC=?
2026-03-18 13:43:45,455 [INFO] step5:   Running: broad_fp_qm / logreg
2026-03-18 13:43:45,511 [ERROR] step5: Ablation failed: invivo/broad_fp_qm/logreg: "value" parameter must be a scalar, dict or Series, but you passed a "Index"
2026-03-18 13:43:45,512 [INFO] step5:     ¡æ failed, MCC=?
2026-03-18 13:43:45,514 [INFO] step5: 
Ablation summary saved: C:\Users\Administrator\Documents\GitHub\Genotox_model\model\output\summary\ablation\ablation_summary.csv
2026-03-18 13:43:45,515 [INFO] step5: 
Ablation study complete. Output: C:\Users\Administrator\Documents\GitHub\Genotox_model\model\output\summary\ablation
