2026-03-18 13:43:50,024 [INFO] step8: ============================================================
2026-03-18 13:43:50,025 [INFO] step8: Step 8: Comprehensive Analysis & Visualization
2026-03-18 13:43:50,025 [INFO] step8: ============================================================
2026-03-18 13:43:50,025 [INFO] step8: 
--- Confusion Matrices ---
2026-03-18 13:43:50,272 [INFO] step8: 
--- Model Comparisons ---
2026-03-18 13:43:50,274 [INFO] step8: 
--- Feature Analysis ---
2026-03-18 13:43:50,276 [INFO] step8: 
--- Chemical Space ---
2026-03-18 13:43:50,301 [INFO] step8:   Chemical space: ames
2026-03-18 13:43:50,691 [INFO] utils.chemical_space: Computing t-SNE chemical space map...
2026-03-18 13:43:50,738 [ERROR] step8:   FAILED: TSNE.__init__() got an unexpected keyword argument 'n_iter'
2026-03-18 13:43:50,749 [INFO] step8: 
--- QM Analysis ---
2026-03-18 13:43:51,132 [INFO] step8: 
--- CV Stability ---
2026-03-18 13:43:51,134 [INFO] step8: 
--- Hyperparam Landscape ---
2026-03-18 13:43:51,135 [INFO] step8: 
--- Endpoint Panel ---
2026-03-18 13:43:51,137 [INFO] step8:   Endpoint summary panel generated
2026-03-18 13:43:51,137 [INFO] step8: 
============================================================
2026-03-18 13:43:51,137 [INFO] step8: ANALYSIS COMPLETE
2026-03-18 13:43:51,137 [INFO] step8: ============================================================
2026-03-18 13:43:51,139 [INFO] step8: 
Output: C:\Users\Administrator\Documents\GitHub\Genotox_model\model\output\analysis
2026-03-18 13:43:51,140 [INFO] step8: Total files generated: 0
