2026-03-18 13:43:35,215 [INFO] step3: ============================================================
2026-03-18 13:43:35,215 [INFO] step3: Step 3: Training Pipeline
2026-03-18 13:43:35,215 [INFO] step3:   shortlist_only=False
2026-03-18 13:43:35,215 [INFO] step3: ============================================================
2026-03-18 13:43:35,215 [INFO] step3: 
[1/24] ames_logreg_none
2026-03-18 13:43:35,215 [INFO] step3: 
############################################################
2026-03-18 13:43:35,215 [INFO] step3: Experiment: ames_logreg_none (seed=536987300)
2026-03-18 13:43:35,215 [INFO] step3: ############################################################
2026-03-18 13:43:35,586 [INFO] step3:   Data: train=(10964, 587), test=(2741, 587)
2026-03-18 13:43:35,588 [ERROR] step3:   FAILED: module 'config' has no attribute 'QM_COLS'
Traceback (most recent call last):
  File "C:\Users\Administrator\Documents\GitHub\Genotox_model\genotox_pipeline\step3_train.py", line 111, in run_single_experiment
    feature_cols = get_clean_feature_cols(df_train, include_fp=True)
                   ^^^^^^^^^^^^^^^^^^^^^^^^^^^^^^^^^^^^^^^^^^^^^^^^^
  File "C:\Users\Administrator\Documents\GitHub\Genotox_model\genotox_pipeline\utils\feature_utils.py", line 225, in get_clean_feature_cols
    if not include_qm and col.lower() in [q.lower() for q in cfg.QM_COLS]:
                                                             ^^^^^^^^^^^
AttributeError: module 'config' has no attribute 'QM_COLS'

2026-03-18 13:43:35,593 [INFO] step3:   ¡æ failed (0.4s)
2026-03-18 13:43:35,593 [INFO] step3: 
[2/24] ames_logreg_alert_bootstrap
2026-03-18 13:43:35,593 [INFO] step3: 
############################################################
2026-03-18 13:43:35,593 [INFO] step3: Experiment: ames_logreg_alert_bootstrap (seed=1944468666)
2026-03-18 13:43:35,593 [INFO] step3: ############################################################
2026-03-18 13:43:35,962 [INFO] step3:   Data: train=(10964, 587), test=(2741, 587)
2026-03-18 13:43:35,963 [ERROR] step3:   FAILED: module 'config' has no attribute 'QM_COLS'
Traceback (most recent call last):
  File "C:\Users\Administrator\Documents\GitHub\Genotox_model\genotox_pipeline\step3_train.py", line 111, in run_single_experiment
    feature_cols = get_clean_feature_cols(df_train, include_fp=True)
                   ^^^^^^^^^^^^^^^^^^^^^^^^^^^^^^^^^^^^^^^^^^^^^^^^^
  File "C:\Users\Administrator\Documents\GitHub\Genotox_model\genotox_pipeline\utils\feature_utils.py", line 225, in get_clean_feature_cols
    if not include_qm and col.lower() in [q.lower() for q in cfg.QM_COLS]:
                                                             ^^^^^^^^^^^
AttributeError: module 'config' has no attribute 'QM_COLS'

2026-03-18 13:43:35,968 [INFO] step3:   ¡æ failed (0.4s)
2026-03-18 13:43:35,968 [INFO] step3: 
[3/24] ames_logreg_smotenc
2026-03-18 13:43:35,968 [INFO] step3: 
############################################################
2026-03-18 13:43:35,968 [INFO] step3: Experiment: ames_logreg_smotenc (seed=233227757)
2026-03-18 13:43:35,968 [INFO] step3: ############################################################
2026-03-18 13:43:36,332 [INFO] step3:   Data: train=(10964, 587), test=(2741, 587)
2026-03-18 13:43:36,333 [ERROR] step3:   FAILED: module 'config' has no attribute 'QM_COLS'
Traceback (most recent call last):
  File "C:\Users\Administrator\Documents\GitHub\Genotox_model\genotox_pipeline\step3_train.py", line 111, in run_single_experiment
    feature_cols = get_clean_feature_cols(df_train, include_fp=True)
                   ^^^^^^^^^^^^^^^^^^^^^^^^^^^^^^^^^^^^^^^^^^^^^^^^^
  File "C:\Users\Administrator\Documents\GitHub\Genotox_model\genotox_pipeline\utils\feature_utils.py", line 225, in get_clean_feature_cols
    if not include_qm and col.lower() in [q.lower() for q in cfg.QM_COLS]:
                                                             ^^^^^^^^^^^
AttributeError: module 'config' has no attribute 'QM_COLS'

2026-03-18 13:43:36,338 [INFO] step3:   ¡æ failed (0.4s)
2026-03-18 13:43:36,338 [INFO] step3: 
[4/24] ames_logreg_hybrid
2026-03-18 13:43:36,338 [INFO] step3: 
############################################################
2026-03-18 13:43:36,338 [INFO] step3: Experiment: ames_logreg_hybrid (seed=1129302213)
2026-03-18 13:43:36,339 [INFO] step3: ############################################################
2026-03-18 13:43:36,708 [INFO] step3:   Data: train=(10964, 587), test=(2741, 587)
2026-03-18 13:43:36,709 [ERROR] step3:   FAILED: module 'config' has no attribute 'QM_COLS'
Traceback (most recent call last):
  File "C:\Users\Administrator\Documents\GitHub\Genotox_model\genotox_pipeline\step3_train.py", line 111, in run_single_experiment
    feature_cols = get_clean_feature_cols(df_train, include_fp=True)
                   ^^^^^^^^^^^^^^^^^^^^^^^^^^^^^^^^^^^^^^^^^^^^^^^^^
  File "C:\Users\Administrator\Documents\GitHub\Genotox_model\genotox_pipeline\utils\feature_utils.py", line 225, in get_clean_feature_cols
    if not include_qm and col.lower() in [q.lower() for q in cfg.QM_COLS]:
                                                             ^^^^^^^^^^^
AttributeError: module 'config' has no attribute 'QM_COLS'

2026-03-18 13:43:36,714 [INFO] step3:   ¡æ failed (0.4s)
2026-03-18 13:43:36,714 [INFO] step3: 
[5/24] ames_xgb_none
2026-03-18 13:43:36,714 [INFO] step3: 
############################################################
2026-03-18 13:43:36,714 [INFO] step3: Experiment: ames_xgb_none (seed=1496786006)
2026-03-18 13:43:36,714 [INFO] step3: ############################################################
2026-03-18 13:43:37,098 [INFO] step3:   Data: train=(10964, 587), test=(2741, 587)
2026-03-18 13:43:37,098 [ERROR] step3:   FAILED: module 'config' has no attribute 'QM_COLS'
Traceback (most recent call last):
  File "C:\Users\Administrator\Documents\GitHub\Genotox_model\genotox_pipeline\step3_train.py", line 111, in run_single_experiment
    feature_cols = get_clean_feature_cols(df_train, include_fp=True)
                   ^^^^^^^^^^^^^^^^^^^^^^^^^^^^^^^^^^^^^^^^^^^^^^^^^
  File "C:\Users\Administrator\Documents\GitHub\Genotox_model\genotox_pipeline\utils\feature_utils.py", line 225, in get_clean_feature_cols
    if not include_qm and col.lower() in [q.lower() for q in cfg.QM_COLS]:
                                                             ^^^^^^^^^^^
AttributeError: module 'config' has no attribute 'QM_COLS'

2026-03-18 13:43:37,105 [INFO] step3:   ¡æ failed (0.4s)
2026-03-18 13:43:37,105 [INFO] step3: 
[6/24] ames_xgb_alert_bootstrap
2026-03-18 13:43:37,106 [INFO] step3: 
############################################################
2026-03-18 13:43:37,106 [INFO] step3: Experiment: ames_xgb_alert_bootstrap (seed=1206282609)
2026-03-18 13:43:37,106 [INFO] step3: ############################################################
2026-03-18 13:43:37,531 [INFO] step3:   Data: train=(10964, 587), test=(2741, 587)
2026-03-18 13:43:37,531 [ERROR] step3:   FAILED: module 'config' has no attribute 'QM_COLS'
Traceback (most recent call last):
  File "C:\Users\Administrator\Documents\GitHub\Genotox_model\genotox_pipeline\step3_train.py", line 111, in run_single_experiment
    feature_cols = get_clean_feature_cols(df_train, include_fp=True)
                   ^^^^^^^^^^^^^^^^^^^^^^^^^^^^^^^^^^^^^^^^^^^^^^^^^
  File "C:\Users\Administrator\Documents\GitHub\Genotox_model\genotox_pipeline\utils\feature_utils.py", line 225, in get_clean_feature_cols
    if not include_qm and col.lower() in [q.lower() for q in cfg.QM_COLS]:
                                                             ^^^^^^^^^^^
AttributeError: module 'config' has no attribute 'QM_COLS'

2026-03-18 13:43:37,538 [INFO] step3:   ¡æ failed (0.4s)
2026-03-18 13:43:37,539 [INFO] step3: 
[7/24] ames_xgb_smotenc
2026-03-18 13:43:37,539 [INFO] step3: 
############################################################
2026-03-18 13:43:37,540 [INFO] step3: Experiment: ames_xgb_smotenc (seed=1395586263)
2026-03-18 13:43:37,540 [INFO] step3: ############################################################
2026-03-18 13:43:37,939 [INFO] step3:   Data: train=(10964, 587), test=(2741, 587)
2026-03-18 13:43:37,940 [ERROR] step3:   FAILED: module 'config' has no attribute 'QM_COLS'
Traceback (most recent call last):
  File "C:\Users\Administrator\Documents\GitHub\Genotox_model\genotox_pipeline\step3_train.py", line 111, in run_single_experiment
    feature_cols = get_clean_feature_cols(df_train, include_fp=True)
                   ^^^^^^^^^^^^^^^^^^^^^^^^^^^^^^^^^^^^^^^^^^^^^^^^^
  File "C:\Users\Administrator\Documents\GitHub\Genotox_model\genotox_pipeline\utils\feature_utils.py", line 225, in get_clean_feature_cols
    if not include_qm and col.lower() in [q.lower() for q in cfg.QM_COLS]:
                                                             ^^^^^^^^^^^
AttributeError: module 'config' has no attribute 'QM_COLS'

2026-03-18 13:43:37,946 [INFO] step3:   ¡æ failed (0.4s)
2026-03-18 13:43:37,946 [INFO] step3: 
[8/24] ames_xgb_hybrid
2026-03-18 13:43:37,947 [INFO] step3: 
############################################################
2026-03-18 13:43:37,947 [INFO] step3: Experiment: ames_xgb_hybrid (seed=1332204362)
2026-03-18 13:43:37,948 [INFO] step3: ############################################################
2026-03-18 13:43:38,349 [INFO] step3:   Data: train=(10964, 587), test=(2741, 587)
2026-03-18 13:43:38,350 [ERROR] step3:   FAILED: module 'config' has no attribute 'QM_COLS'
Traceback (most recent call last):
  File "C:\Users\Administrator\Documents\GitHub\Genotox_model\genotox_pipeline\step3_train.py", line 111, in run_single_experiment
    feature_cols = get_clean_feature_cols(df_train, include_fp=True)
                   ^^^^^^^^^^^^^^^^^^^^^^^^^^^^^^^^^^^^^^^^^^^^^^^^^
  File "C:\Users\Administrator\Documents\GitHub\Genotox_model\genotox_pipeline\utils\feature_utils.py", line 225, in get_clean_feature_cols
    if not include_qm and col.lower() in [q.lower() for q in cfg.QM_COLS]:
                                                             ^^^^^^^^^^^
AttributeError: module 'config' has no attribute 'QM_COLS'

2026-03-18 13:43:38,356 [INFO] step3:   ¡æ failed (0.4s)
2026-03-18 13:43:38,356 [INFO] step3: 
[9/24] invitro_logreg_none
2026-03-18 13:43:38,356 [INFO] step3: 
############################################################
2026-03-18 13:43:38,357 [INFO] step3: Experiment: invitro_logreg_none (seed=877132087)
2026-03-18 13:43:38,357 [INFO] step3: ############################################################
2026-03-18 13:43:38,421 [INFO] step3:   Data: train=(1170, 575), test=(295, 575)
2026-03-18 13:43:38,422 [ERROR] step3:   FAILED: module 'config' has no attribute 'QM_COLS'
Traceback (most recent call last):
  File "C:\Users\Administrator\Documents\GitHub\Genotox_model\genotox_pipeline\step3_train.py", line 111, in run_single_experiment
    feature_cols = get_clean_feature_cols(df_train, include_fp=True)
                   ^^^^^^^^^^^^^^^^^^^^^^^^^^^^^^^^^^^^^^^^^^^^^^^^^
  File "C:\Users\Administrator\Documents\GitHub\Genotox_model\genotox_pipeline\utils\feature_utils.py", line 225, in get_clean_feature_cols
    if not include_qm and col.lower() in [q.lower() for q in cfg.QM_COLS]:
                                                             ^^^^^^^^^^^
AttributeError: module 'config' has no attribute 'QM_COLS'

2026-03-18 13:43:38,423 [INFO] step3:   ¡æ failed (0.1s)
2026-03-18 13:43:38,423 [INFO] step3: 
[10/24] invitro_logreg_alert_bootstrap
2026-03-18 13:43:38,423 [INFO] step3: 
############################################################
2026-03-18 13:43:38,424 [INFO] step3: Experiment: invitro_logreg_alert_bootstrap (seed=1244265337)
2026-03-18 13:43:38,424 [INFO] step3: ############################################################
2026-03-18 13:43:38,484 [INFO] step3:   Data: train=(1170, 575), test=(295, 575)
2026-03-18 13:43:38,484 [ERROR] step3:   FAILED: module 'config' has no attribute 'QM_COLS'
Traceback (most recent call last):
  File "C:\Users\Administrator\Documents\GitHub\Genotox_model\genotox_pipeline\step3_train.py", line 111, in run_single_experiment
    feature_cols = get_clean_feature_cols(df_train, include_fp=True)
                   ^^^^^^^^^^^^^^^^^^^^^^^^^^^^^^^^^^^^^^^^^^^^^^^^^
  File "C:\Users\Administrator\Documents\GitHub\Genotox_model\genotox_pipeline\utils\feature_utils.py", line 225, in get_clean_feature_cols
    if not include_qm and col.lower() in [q.lower() for q in cfg.QM_COLS]:
                                                             ^^^^^^^^^^^
AttributeError: module 'config' has no attribute 'QM_COLS'

2026-03-18 13:43:38,485 [INFO] step3:   ¡æ failed (0.1s)
2026-03-18 13:43:38,485 [INFO] step3: 
[11/24] invitro_logreg_smotenc
2026-03-18 13:43:38,486 [INFO] step3: 
############################################################
2026-03-18 13:43:38,486 [INFO] step3: Experiment: invitro_logreg_smotenc (seed=592703044)
2026-03-18 13:43:38,486 [INFO] step3: ############################################################
2026-03-18 13:43:38,544 [INFO] step3:   Data: train=(1170, 575), test=(295, 575)
2026-03-18 13:43:38,544 [ERROR] step3:   FAILED: module 'config' has no attribute 'QM_COLS'
Traceback (most recent call last):
  File "C:\Users\Administrator\Documents\GitHub\Genotox_model\genotox_pipeline\step3_train.py", line 111, in run_single_experiment
    feature_cols = get_clean_feature_cols(df_train, include_fp=True)
                   ^^^^^^^^^^^^^^^^^^^^^^^^^^^^^^^^^^^^^^^^^^^^^^^^^
  File "C:\Users\Administrator\Documents\GitHub\Genotox_model\genotox_pipeline\utils\feature_utils.py", line 225, in get_clean_feature_cols
    if not include_qm and col.lower() in [q.lower() for q in cfg.QM_COLS]:
                                                             ^^^^^^^^^^^
AttributeError: module 'config' has no attribute 'QM_COLS'

2026-03-18 13:43:38,545 [INFO] step3:   ¡æ failed (0.1s)
2026-03-18 13:43:38,545 [INFO] step3: 
[12/24] invitro_logreg_hybrid
2026-03-18 13:43:38,546 [INFO] step3: 
############################################################
2026-03-18 13:43:38,546 [INFO] step3: Experiment: invitro_logreg_hybrid (seed=1737489324)
2026-03-18 13:43:38,546 [INFO] step3: ############################################################
2026-03-18 13:43:38,603 [INFO] step3:   Data: train=(1170, 575), test=(295, 575)
2026-03-18 13:43:38,603 [ERROR] step3:   FAILED: module 'config' has no attribute 'QM_COLS'
Traceback (most recent call last):
  File "C:\Users\Administrator\Documents\GitHub\Genotox_model\genotox_pipeline\step3_train.py", line 111, in run_single_experiment
    feature_cols = get_clean_feature_cols(df_train, include_fp=True)
                   ^^^^^^^^^^^^^^^^^^^^^^^^^^^^^^^^^^^^^^^^^^^^^^^^^
  File "C:\Users\Administrator\Documents\GitHub\Genotox_model\genotox_pipeline\utils\feature_utils.py", line 225, in get_clean_feature_cols
    if not include_qm and col.lower() in [q.lower() for q in cfg.QM_COLS]:
                                                             ^^^^^^^^^^^
AttributeError: module 'config' has no attribute 'QM_COLS'

2026-03-18 13:43:38,604 [INFO] step3:   ¡æ failed (0.1s)
2026-03-18 13:43:38,604 [INFO] step3: 
[13/24] invitro_xgb_none
2026-03-18 13:43:38,604 [INFO] step3: 
############################################################
2026-03-18 13:43:38,606 [INFO] step3: Experiment: invitro_xgb_none (seed=829139639)
2026-03-18 13:43:38,606 [INFO] step3: ############################################################
2026-03-18 13:43:38,664 [INFO] step3:   Data: train=(1170, 575), test=(295, 575)
2026-03-18 13:43:38,664 [ERROR] step3:   FAILED: module 'config' has no attribute 'QM_COLS'
Traceback (most recent call last):
  File "C:\Users\Administrator\Documents\GitHub\Genotox_model\genotox_pipeline\step3_train.py", line 111, in run_single_experiment
    feature_cols = get_clean_feature_cols(df_train, include_fp=True)
                   ^^^^^^^^^^^^^^^^^^^^^^^^^^^^^^^^^^^^^^^^^^^^^^^^^
  File "C:\Users\Administrator\Documents\GitHub\Genotox_model\genotox_pipeline\utils\feature_utils.py", line 225, in get_clean_feature_cols
    if not include_qm and col.lower() in [q.lower() for q in cfg.QM_COLS]:
                                                             ^^^^^^^^^^^
AttributeError: module 'config' has no attribute 'QM_COLS'

2026-03-18 13:43:38,665 [INFO] step3:   ¡æ failed (0.1s)
2026-03-18 13:43:38,665 [INFO] step3: 
[14/24] invitro_xgb_alert_bootstrap
2026-03-18 13:43:38,665 [INFO] step3: 
############################################################
2026-03-18 13:43:38,665 [INFO] step3: Experiment: invitro_xgb_alert_bootstrap (seed=398083708)
2026-03-18 13:43:38,665 [INFO] step3: ############################################################
2026-03-18 13:43:38,726 [INFO] step3:   Data: train=(1170, 575), test=(295, 575)
2026-03-18 13:43:38,726 [ERROR] step3:   FAILED: module 'config' has no attribute 'QM_COLS'
Traceback (most recent call last):
  File "C:\Users\Administrator\Documents\GitHub\Genotox_model\genotox_pipeline\step3_train.py", line 111, in run_single_experiment
    feature_cols = get_clean_feature_cols(df_train, include_fp=True)
                   ^^^^^^^^^^^^^^^^^^^^^^^^^^^^^^^^^^^^^^^^^^^^^^^^^
  File "C:\Users\Administrator\Documents\GitHub\Genotox_model\genotox_pipeline\utils\feature_utils.py", line 225, in get_clean_feature_cols
    if not include_qm and col.lower() in [q.lower() for q in cfg.QM_COLS]:
                                                             ^^^^^^^^^^^
AttributeError: module 'config' has no attribute 'QM_COLS'

2026-03-18 13:43:38,727 [INFO] step3:   ¡æ failed (0.1s)
2026-03-18 13:43:38,727 [INFO] step3: 
[15/24] invitro_xgb_smotenc
2026-03-18 13:43:38,727 [INFO] step3: 
############################################################
2026-03-18 13:43:38,728 [INFO] step3: Experiment: invitro_xgb_smotenc (seed=570914453)
2026-03-18 13:43:38,728 [INFO] step3: ############################################################
2026-03-18 13:43:38,787 [INFO] step3:   Data: train=(1170, 575), test=(295, 575)
2026-03-18 13:43:38,787 [ERROR] step3:   FAILED: module 'config' has no attribute 'QM_COLS'
Traceback (most recent call last):
  File "C:\Users\Administrator\Documents\GitHub\Genotox_model\genotox_pipeline\step3_train.py", line 111, in run_single_experiment
    feature_cols = get_clean_feature_cols(df_train, include_fp=True)
                   ^^^^^^^^^^^^^^^^^^^^^^^^^^^^^^^^^^^^^^^^^^^^^^^^^
  File "C:\Users\Administrator\Documents\GitHub\Genotox_model\genotox_pipeline\utils\feature_utils.py", line 225, in get_clean_feature_cols
    if not include_qm and col.lower() in [q.lower() for q in cfg.QM_COLS]:
                                                             ^^^^^^^^^^^
AttributeError: module 'config' has no attribute 'QM_COLS'

2026-03-18 13:43:38,788 [INFO] step3:   ¡æ failed (0.1s)
2026-03-18 13:43:38,788 [INFO] step3: 
[16/24] invitro_xgb_hybrid
2026-03-18 13:43:38,789 [INFO] step3: 
############################################################
2026-03-18 13:43:38,789 [INFO] step3: Experiment: invitro_xgb_hybrid (seed=176092387)
2026-03-18 13:43:38,789 [INFO] step3: ############################################################
2026-03-18 13:43:38,852 [INFO] step3:   Data: train=(1170, 575), test=(295, 575)
2026-03-18 13:43:38,852 [ERROR] step3:   FAILED: module 'config' has no attribute 'QM_COLS'
Traceback (most recent call last):
  File "C:\Users\Administrator\Documents\GitHub\Genotox_model\genotox_pipeline\step3_train.py", line 111, in run_single_experiment
    feature_cols = get_clean_feature_cols(df_train, include_fp=True)
                   ^^^^^^^^^^^^^^^^^^^^^^^^^^^^^^^^^^^^^^^^^^^^^^^^^
  File "C:\Users\Administrator\Documents\GitHub\Genotox_model\genotox_pipeline\utils\feature_utils.py", line 225, in get_clean_feature_cols
    if not include_qm and col.lower() in [q.lower() for q in cfg.QM_COLS]:
                                                             ^^^^^^^^^^^
AttributeError: module 'config' has no attribute 'QM_COLS'

2026-03-18 13:43:38,853 [INFO] step3:   ¡æ failed (0.1s)
2026-03-18 13:43:38,853 [INFO] step3: 
[17/24] invivo_logreg_none
2026-03-18 13:43:38,853 [INFO] step3: 
############################################################
2026-03-18 13:43:38,853 [INFO] step3: Experiment: invivo_logreg_none (seed=1380564738)
2026-03-18 13:43:38,853 [INFO] step3: ############################################################
2026-03-18 13:43:38,953 [INFO] step3:   Data: train=(1546, 572), test=(386, 572)
2026-03-18 13:43:38,953 [ERROR] step3:   FAILED: module 'config' has no attribute 'QM_COLS'
Traceback (most recent call last):
  File "C:\Users\Administrator\Documents\GitHub\Genotox_model\genotox_pipeline\step3_train.py", line 111, in run_single_experiment
    feature_cols = get_clean_feature_cols(df_train, include_fp=True)
                   ^^^^^^^^^^^^^^^^^^^^^^^^^^^^^^^^^^^^^^^^^^^^^^^^^
  File "C:\Users\Administrator\Documents\GitHub\Genotox_model\genotox_pipeline\utils\feature_utils.py", line 225, in get_clean_feature_cols
    if not include_qm and col.lower() in [q.lower() for q in cfg.QM_COLS]:
                                                             ^^^^^^^^^^^
AttributeError: module 'config' has no attribute 'QM_COLS'

2026-03-18 13:43:38,954 [INFO] step3:   ¡æ failed (0.1s)
2026-03-18 13:43:38,954 [INFO] step3: 
[18/24] invivo_logreg_alert_bootstrap
2026-03-18 13:43:38,955 [INFO] step3: 
############################################################
2026-03-18 13:43:38,955 [INFO] step3: Experiment: invivo_logreg_alert_bootstrap (seed=569531098)
2026-03-18 13:43:38,955 [INFO] step3: ############################################################
2026-03-18 13:43:39,025 [INFO] step3:   Data: train=(1546, 572), test=(386, 572)
2026-03-18 13:43:39,025 [ERROR] step3:   FAILED: module 'config' has no attribute 'QM_COLS'
Traceback (most recent call last):
  File "C:\Users\Administrator\Documents\GitHub\Genotox_model\genotox_pipeline\step3_train.py", line 111, in run_single_experiment
    feature_cols = get_clean_feature_cols(df_train, include_fp=True)
                   ^^^^^^^^^^^^^^^^^^^^^^^^^^^^^^^^^^^^^^^^^^^^^^^^^
  File "C:\Users\Administrator\Documents\GitHub\Genotox_model\genotox_pipeline\utils\feature_utils.py", line 225, in get_clean_feature_cols
    if not include_qm and col.lower() in [q.lower() for q in cfg.QM_COLS]:
                                                             ^^^^^^^^^^^
AttributeError: module 'config' has no attribute 'QM_COLS'

2026-03-18 13:43:39,026 [INFO] step3:   ¡æ failed (0.1s)
2026-03-18 13:43:39,026 [INFO] step3: 
[19/24] invivo_logreg_smotenc
2026-03-18 13:43:39,026 [INFO] step3: 
############################################################
2026-03-18 13:43:39,028 [INFO] step3: Experiment: invivo_logreg_smotenc (seed=1337295874)
2026-03-18 13:43:39,028 [INFO] step3: ############################################################
2026-03-18 13:43:39,095 [INFO] step3:   Data: train=(1546, 572), test=(386, 572)
2026-03-18 13:43:39,095 [ERROR] step3:   FAILED: module 'config' has no attribute 'QM_COLS'
Traceback (most recent call last):
  File "C:\Users\Administrator\Documents\GitHub\Genotox_model\genotox_pipeline\step3_train.py", line 111, in run_single_experiment
    feature_cols = get_clean_feature_cols(df_train, include_fp=True)
                   ^^^^^^^^^^^^^^^^^^^^^^^^^^^^^^^^^^^^^^^^^^^^^^^^^
  File "C:\Users\Administrator\Documents\GitHub\Genotox_model\genotox_pipeline\utils\feature_utils.py", line 225, in get_clean_feature_cols
    if not include_qm and col.lower() in [q.lower() for q in cfg.QM_COLS]:
                                                             ^^^^^^^^^^^
AttributeError: module 'config' has no attribute 'QM_COLS'

2026-03-18 13:43:39,096 [INFO] step3:   ¡æ failed (0.1s)
2026-03-18 13:43:39,096 [INFO] step3: 
[20/24] invivo_logreg_hybrid
2026-03-18 13:43:39,096 [INFO] step3: 
############################################################
2026-03-18 13:43:39,097 [INFO] step3: Experiment: invivo_logreg_hybrid (seed=612016888)
2026-03-18 13:43:39,097 [INFO] step3: ############################################################
2026-03-18 13:43:39,167 [INFO] step3:   Data: train=(1546, 572), test=(386, 572)
2026-03-18 13:43:39,168 [ERROR] step3:   FAILED: module 'config' has no attribute 'QM_COLS'
Traceback (most recent call last):
  File "C:\Users\Administrator\Documents\GitHub\Genotox_model\genotox_pipeline\step3_train.py", line 111, in run_single_experiment
    feature_cols = get_clean_feature_cols(df_train, include_fp=True)
                   ^^^^^^^^^^^^^^^^^^^^^^^^^^^^^^^^^^^^^^^^^^^^^^^^^
  File "C:\Users\Administrator\Documents\GitHub\Genotox_model\genotox_pipeline\utils\feature_utils.py", line 225, in get_clean_feature_cols
    if not include_qm and col.lower() in [q.lower() for q in cfg.QM_COLS]:
                                                             ^^^^^^^^^^^
AttributeError: module 'config' has no attribute 'QM_COLS'

2026-03-18 13:43:39,168 [INFO] step3:   ¡æ failed (0.1s)
2026-03-18 13:43:39,170 [INFO] step3: 
[21/24] invivo_xgb_none
2026-03-18 13:43:39,170 [INFO] step3: 
############################################################
2026-03-18 13:43:39,170 [INFO] step3: Experiment: invivo_xgb_none (seed=232150720)
2026-03-18 13:43:39,170 [INFO] step3: ############################################################
2026-03-18 13:43:39,239 [INFO] step3:   Data: train=(1546, 572), test=(386, 572)
2026-03-18 13:43:39,239 [ERROR] step3:   FAILED: module 'config' has no attribute 'QM_COLS'
Traceback (most recent call last):
  File "C:\Users\Administrator\Documents\GitHub\Genotox_model\genotox_pipeline\step3_train.py", line 111, in run_single_experiment
    feature_cols = get_clean_feature_cols(df_train, include_fp=True)
                   ^^^^^^^^^^^^^^^^^^^^^^^^^^^^^^^^^^^^^^^^^^^^^^^^^
  File "C:\Users\Administrator\Documents\GitHub\Genotox_model\genotox_pipeline\utils\feature_utils.py", line 225, in get_clean_feature_cols
    if not include_qm and col.lower() in [q.lower() for q in cfg.QM_COLS]:
                                                             ^^^^^^^^^^^
AttributeError: module 'config' has no attribute 'QM_COLS'

2026-03-18 13:43:39,240 [INFO] step3:   ¡æ failed (0.1s)
2026-03-18 13:43:39,240 [INFO] step3: 
[22/24] invivo_xgb_alert_bootstrap
2026-03-18 13:43:39,240 [INFO] step3: 
############################################################
2026-03-18 13:43:39,241 [INFO] step3: Experiment: invivo_xgb_alert_bootstrap (seed=176623028)
2026-03-18 13:43:39,241 [INFO] step3: ############################################################
2026-03-18 13:43:39,312 [INFO] step3:   Data: train=(1546, 572), test=(386, 572)
2026-03-18 13:43:39,313 [ERROR] step3:   FAILED: module 'config' has no attribute 'QM_COLS'
Traceback (most recent call last):
  File "C:\Users\Administrator\Documents\GitHub\Genotox_model\genotox_pipeline\step3_train.py", line 111, in run_single_experiment
    feature_cols = get_clean_feature_cols(df_train, include_fp=True)
                   ^^^^^^^^^^^^^^^^^^^^^^^^^^^^^^^^^^^^^^^^^^^^^^^^^
  File "C:\Users\Administrator\Documents\GitHub\Genotox_model\genotox_pipeline\utils\feature_utils.py", line 225, in get_clean_feature_cols
    if not include_qm and col.lower() in [q.lower() for q in cfg.QM_COLS]:
                                                             ^^^^^^^^^^^
AttributeError: module 'config' has no attribute 'QM_COLS'

2026-03-18 13:43:39,314 [INFO] step3:   ¡æ failed (0.1s)
2026-03-18 13:43:39,314 [INFO] step3: 
[23/24] invivo_xgb_smotenc
2026-03-18 13:43:39,314 [INFO] step3: 
############################################################
2026-03-18 13:43:39,314 [INFO] step3: Experiment: invivo_xgb_smotenc (seed=1658700540)
2026-03-18 13:43:39,314 [INFO] step3: ############################################################
2026-03-18 13:43:39,382 [INFO] step3:   Data: train=(1546, 572), test=(386, 572)
2026-03-18 13:43:39,382 [ERROR] step3:   FAILED: module 'config' has no attribute 'QM_COLS'
Traceback (most recent call last):
  File "C:\Users\Administrator\Documents\GitHub\Genotox_model\genotox_pipeline\step3_train.py", line 111, in run_single_experiment
    feature_cols = get_clean_feature_cols(df_train, include_fp=True)
                   ^^^^^^^^^^^^^^^^^^^^^^^^^^^^^^^^^^^^^^^^^^^^^^^^^
  File "C:\Users\Administrator\Documents\GitHub\Genotox_model\genotox_pipeline\utils\feature_utils.py", line 225, in get_clean_feature_cols
    if not include_qm and col.lower() in [q.lower() for q in cfg.QM_COLS]:
                                                             ^^^^^^^^^^^
AttributeError: module 'config' has no attribute 'QM_COLS'

2026-03-18 13:43:39,383 [INFO] step3:   ¡æ failed (0.1s)
2026-03-18 13:43:39,383 [INFO] step3: 
[24/24] invivo_xgb_hybrid
2026-03-18 13:43:39,383 [INFO] step3: 
############################################################
2026-03-18 13:43:39,384 [INFO] step3: Experiment: invivo_xgb_hybrid (seed=609942288)
2026-03-18 13:43:39,384 [INFO] step3: ############################################################
2026-03-18 13:43:39,452 [INFO] step3:   Data: train=(1546, 572), test=(386, 572)
2026-03-18 13:43:39,453 [ERROR] step3:   FAILED: module 'config' has no attribute 'QM_COLS'
Traceback (most recent call last):
  File "C:\Users\Administrator\Documents\GitHub\Genotox_model\genotox_pipeline\step3_train.py", line 111, in run_single_experiment
    feature_cols = get_clean_feature_cols(df_train, include_fp=True)
                   ^^^^^^^^^^^^^^^^^^^^^^^^^^^^^^^^^^^^^^^^^^^^^^^^^
  File "C:\Users\Administrator\Documents\GitHub\Genotox_model\genotox_pipeline\utils\feature_utils.py", line 225, in get_clean_feature_cols
    if not include_qm and col.lower() in [q.lower() for q in cfg.QM_COLS]:
                                                             ^^^^^^^^^^^
AttributeError: module 'config' has no attribute 'QM_COLS'

2026-03-18 13:43:39,454 [INFO] step3:   ¡æ failed (0.1s)
2026-03-18 13:43:39,456 [INFO] step3: 
Summary saved: C:\Users\Administrator\Documents\GitHub\Genotox_model\model\output\summary\summary_metrics.csv
2026-03-18 13:43:39,458 [INFO] step3: 
============================================================
2026-03-18 13:43:39,458 [INFO] step3: DONE: 0 completed, 24 failed
2026-03-18 13:43:39,458 [WARNING] step3:   FAILED: ames_logreg_none
2026-03-18 13:43:39,458 [WARNING] step3:   FAILED: ames_logreg_alert_bootstrap
2026-03-18 13:43:39,458 [WARNING] step3:   FAILED: ames_logreg_smotenc
2026-03-18 13:43:39,458 [WARNING] step3:   FAILED: ames_logreg_hybrid
2026-03-18 13:43:39,458 [WARNING] step3:   FAILED: ames_xgb_none
2026-03-18 13:43:39,458 [WARNING] step3:   FAILED: ames_xgb_alert_bootstrap
2026-03-18 13:43:39,458 [WARNING] step3:   FAILED: ames_xgb_smotenc
2026-03-18 13:43:39,458 [WARNING] step3:   FAILED: ames_xgb_hybrid
2026-03-18 13:43:39,458 [WARNING] step3:   FAILED: invitro_logreg_none
2026-03-18 13:43:39,458 [WARNING] step3:   FAILED: invitro_logreg_alert_bootstrap
2026-03-18 13:43:39,458 [WARNING] step3:   FAILED: invitro_logreg_smotenc
2026-03-18 13:43:39,458 [WARNING] step3:   FAILED: invitro_logreg_hybrid
2026-03-18 13:43:39,458 [WARNING] step3:   FAILED: invitro_xgb_none
2026-03-18 13:43:39,458 [WARNING] step3:   FAILED: invitro_xgb_alert_bootstrap
2026-03-18 13:43:39,458 [WARNING] step3:   FAILED: invitro_xgb_smotenc
2026-03-18 13:43:39,458 [WARNING] step3:   FAILED: invitro_xgb_hybrid
2026-03-18 13:43:39,458 [WARNING] step3:   FAILED: invivo_logreg_none
2026-03-18 13:43:39,458 [WARNING] step3:   FAILED: invivo_logreg_alert_bootstrap
2026-03-18 13:43:39,458 [WARNING] step3:   FAILED: invivo_logreg_smotenc
2026-03-18 13:43:39,458 [WARNING] step3:   FAILED: invivo_logreg_hybrid
2026-03-18 13:43:39,458 [WARNING] step3:   FAILED: invivo_xgb_none
2026-03-18 13:43:39,458 [WARNING] step3:   FAILED: invivo_xgb_alert_bootstrap
2026-03-18 13:43:39,458 [WARNING] step3:   FAILED: invivo_xgb_smotenc
2026-03-18 13:43:39,458 [WARNING] step3:   FAILED: invivo_xgb_hybrid
2026-03-18 13:43:39,458 [INFO] step3: ============================================================
