2026-03-18 13:43:32,362 [INFO] step1: ============================================================
2026-03-18 13:43:32,362 [INFO] step1: Step 1: Raw Data Audit
2026-03-18 13:43:32,362 [INFO] step1: Data dir: C:\Users\Administrator\Documents\GitHub\Genotox_model\model\data
2026-03-18 13:43:32,362 [INFO] step1: ============================================================
2026-03-18 13:43:32,363 [INFO] step1: Files in data dir: 24
2026-03-18 13:43:32,363 [INFO] step1:   ames_broadfp_test.csv (4921 KB)
2026-03-18 13:43:32,363 [INFO] step1:   ames_broadfp_train.csv (20105 KB)
2026-03-18 13:43:32,363 [INFO] step1:   ames_recommended_union_test.csv (550 KB)
2026-03-18 13:43:32,363 [INFO] step1:   ames_recommended_union_train.csv (2447 KB)
2026-03-18 13:43:32,363 [INFO] step1:   ames_recommended_union_with_split.csv (2995 KB)
2026-03-18 13:43:32,363 [INFO] step1:   ames_split_assignments.csv (1317 KB)
2026-03-18 13:43:32,363 [INFO] step1:   feature_manifest.json (9 KB)
2026-03-18 13:43:32,363 [INFO] step1:   fg_descriptor_analysis (4 KB)
2026-03-18 13:43:32,363 [INFO] step1:   fg_descriptor_analysis.zip (2878 KB)
2026-03-18 13:43:32,364 [INFO] step1:   invitro_broadfp_test.csv (551 KB)
2026-03-18 13:43:32,364 [INFO] step1:   invitro_broadfp_train.csv (2144 KB)
2026-03-18 13:43:32,364 [INFO] step1:   invitro_recommended_union_test.csv (58 KB)
2026-03-18 13:43:32,364 [INFO] step1:   invitro_recommended_union_train.csv (226 KB)
2026-03-18 13:43:32,364 [INFO] step1:   invitro_recommended_union_with_split.csv (283 KB)
2026-03-18 13:43:32,364 [INFO] step1:   invitro_split_assignments.csv (140 KB)
2026-03-18 13:43:32,364 [INFO] step1:   invivo_broadfp_test.csv (725 KB)
2026-03-18 13:43:32,364 [INFO] step1:   invivo_broadfp_train.csv (2812 KB)
2026-03-18 13:43:32,364 [INFO] step1:   invivo_recommended_union_test.csv (69 KB)
2026-03-18 13:43:32,364 [INFO] step1:   invivo_recommended_union_train.csv (257 KB)
2026-03-18 13:43:32,364 [INFO] step1:   invivo_recommended_union_with_split.csv (326 KB)
2026-03-18 13:43:32,364 [INFO] step1:   invivo_split_assignments.csv (182 KB)
2026-03-18 13:43:32,364 [INFO] step1:   leakage_check.csv (0 KB)
2026-03-18 13:43:32,365 [INFO] step1:   README.txt (0 KB)
2026-03-18 13:43:32,365 [INFO] step1:   split_summary.csv (0 KB)
2026-03-18 13:43:32,365 [INFO] step1: FG analysis dir: C:\Users\Administrator\Documents\GitHub\Genotox_model\model\data\fg_descriptor_analysis
2026-03-18 13:43:32,366 [INFO] step1:   [ames] canonical=C:\Users\Administrator\Documents\GitHub\Genotox_model\model\data\fg_descriptor_analysis\ames_combine\ames_combine_canonical_analysis.csv, views=C:\Users\Administrator\Documents\GitHub\Genotox_model\model\data\fg_descriptor_analysis\ames_combine\ames_combine_preprocessed_views.csv
2026-03-18 13:43:32,367 [INFO] step1:   [invitro] canonical=C:\Users\Administrator\Documents\GitHub\Genotox_model\model\data\fg_descriptor_analysis\invitro_pre\invitro_pre_canonical_analysis.csv, views=C:\Users\Administrator\Documents\GitHub\Genotox_model\model\data\fg_descriptor_analysis\invitro_pre\invitro_pre_preprocessed_views.csv
2026-03-18 13:43:32,367 [INFO] step1:   [invivo] canonical=C:\Users\Administrator\Documents\GitHub\Genotox_model\model\data\fg_descriptor_analysis\invivo_pre\invivo_pre_canonical_analysis.csv, views=C:\Users\Administrator\Documents\GitHub\Genotox_model\model\data\fg_descriptor_analysis\invivo_pre\invivo_pre_preprocessed_views.csv
2026-03-18 13:43:32,367 [INFO] step1: 
--- Auditing: ames ---
2026-03-18 13:43:32,368 [INFO] utils.data_utils: [ames] train=ames_recommended_union_train.csv, test=ames_recommended_union_test.csv
2026-03-18 13:43:32,411 [INFO] step1: [ames] train=10964 rows, test=2741 rows
2026-03-18 13:43:32,412 [INFO] step1: 
--- Auditing: invitro ---
2026-03-18 13:43:32,412 [INFO] utils.data_utils: [invitro] train=invitro_recommended_union_train.csv, test=invitro_recommended_union_test.csv
2026-03-18 13:43:32,420 [INFO] step1: [invitro] train=1170 rows, test=295 rows
2026-03-18 13:43:32,420 [INFO] step1: 
--- Auditing: invivo ---
2026-03-18 13:43:32,420 [INFO] utils.data_utils: [invivo] train=invivo_recommended_union_train.csv, test=invivo_recommended_union_test.csv
2026-03-18 13:43:32,428 [INFO] step1: [invivo] train=1546 rows, test=386 rows
2026-03-18 13:43:32,430 [INFO] step1: 
Audit summary saved: C:\Users\Administrator\Documents\GitHub\Genotox_model\model\output\summary\data_audit_summary.csv
2026-03-18 13:43:32,430 [INFO] step1: Schema manifest saved: C:\Users\Administrator\Documents\GitHub\Genotox_model\model\output\summary\schema_manifest.json
2026-03-18 13:43:32,431 [INFO] step1: 
============================================================
2026-03-18 13:43:32,431 [INFO] step1: AUDIT SUMMARY
2026-03-18 13:43:32,431 [INFO] step1: ============================================================
2026-03-18 13:43:32,431 [INFO] step1:   ames: train=10964, test=2741, pos_rate=0.3053
2026-03-18 13:43:32,431 [INFO] step1:   invitro: train=1170, test=295, pos_rate=0.1111
2026-03-18 13:43:32,431 [INFO] step1:   invivo: train=1546, test=386, pos_rate=0.0369
