14:56:55 Pipeline v12 -- Bug-Fixed Single Run
  C:\Users\Administrator\Documents\GitHub\Genotox_model\genotox_pipeline_v4\runs\20260526_145655_v12
14:56:55 STEP 1: Load + Clean
14:56:55   [ames] n=14771 pos=0.2843
14:56:55   [invitro] n=1656 pos=0.1051
14:56:55   [invivo] n=2199 pos=0.0350
14:56:55   [invitro_sampling] n=348 pos=0.5000
14:56:55   [invivo_sampling] n=231 pos=0.3333
14:56:58   ⚠ Domain predictor acc: 0.7611
14:57:05   [ames] 14771 → 13560 (conflicts=169)
14:57:06   [invitro] 1656 → 1619 (conflicts=3)
14:57:07   [invivo] 2199 → 2153 (conflicts=2)
14:57:07   [invitro_sampling] 348 → 345 (conflicts=0)
14:57:07   [invivo_sampling] 231 → 231 (conflicts=0)
14:57:07 STEP 2: Preprocessing Flags
14:57:09     Classified 2000/13560 compounds...
14:57:11     Classified 4000/13560 compounds...
14:57:13     Classified 6000/13560 compounds...
14:57:15     Classified 8000/13560 compounds...
14:57:16     Classified 10000/13560 compounds...
14:57:18     Classified 12000/13560 compounds...
14:57:23     Classified 2000/2153 compounds...
14:57:24 STEP 3: Fixed Split
14:57:31   [ames] train=10848 test=2712 pos_diff=0.0136
14:57:32   [invitro] train=1295 test=324 pos_diff=0.0246
14:57:33   [invivo] train=1722 test=431 pos_diff=0.0087
14:57:33   [invitro_sampling] train=276 test=69 pos_diff=0.1304
14:57:33   [invivo_sampling] train=184 test=47 pos_diff=0.0979
14:57:33 STEP 4: Scenario Selection (Train CV)
14:57:38   [ames] FG features: 618 columns (smi_col=_analysis_smiles)
14:57:42   [ames] Physchem features: 13 columns
14:57:51   [ames/raw_all] CV_MCC=0.6410±0.0512
14:57:55   [ames] FG features: 618 columns (smi_col=_analysis_smiles)
14:57:58   [ames] Physchem features: 13 columns
14:58:07   [ames/no_metal] CV_MCC=0.6288±0.0616
14:58:07   salt_stripped: 6062/13560 SMILES changed
14:58:11   [ames] FG features: 618 columns (smi_col=_analysis_smiles)
14:58:15   [ames] Physchem features: 13 columns
14:58:24   [ames/salt_stripped] CV_MCC=0.6410±0.0526
14:58:24   [ames] * Best: raw_all (CV=0.6410)
14:58:24   [invitro] FG features: 618 columns (smi_col=_analysis_smiles)
14:58:25   [invitro] Physchem features: 13 columns
14:58:29   [invitro/raw_all] CV_MCC=0.1667±0.1034
14:58:29   [invitro] FG features: 618 columns (smi_col=_analysis_smiles)
14:58:30   [invitro] Physchem features: 13 columns
14:58:34   [invitro/no_metal] CV_MCC=0.2032±0.1252
14:58:34   salt_stripped: 1317/1619 SMILES changed
14:58:34   [invitro] FG features: 618 columns (smi_col=_analysis_smiles)
14:58:35   [invitro] Physchem features: 13 columns
14:58:39   [invitro/salt_stripped] CV_MCC=0.0913±0.0894
14:58:39   [invitro] * Best: no_metal (CV=0.2032)
14:58:40   [invivo] FG features: 618 columns (smi_col=_analysis_smiles)
14:58:41   [invivo] Physchem features: 13 columns
14:58:46   [invivo/raw_all] CV_MCC=0.0794±0.1164
14:58:46   [invivo] FG features: 618 columns (smi_col=_analysis_smiles)
14:58:47   [invivo] Physchem features: 13 columns
14:58:51   [invivo/no_metal] CV_MCC=0.0921±0.1570
14:58:51   salt_stripped: 1785/2153 SMILES changed
14:58:52   [invivo] FG features: 618 columns (smi_col=_analysis_smiles)
14:58:52   [invivo] Physchem features: 13 columns
14:58:57   [invivo/salt_stripped] CV_MCC=0.0884±0.1147
14:58:57   [invivo] * Best: no_metal (CV=0.0921)
14:58:57   [invitro_sampling] FG features: 618 columns (smi_col=_analysis_smiles)
14:58:57   [invitro_sampling] Physchem features: 13 columns
14:59:00   [invitro_sampling/raw_all] CV_MCC=0.2991±0.1333
14:59:00   [invitro_sampling] FG features: 618 columns (smi_col=_analysis_smiles)
14:59:00   [invitro_sampling] Physchem features: 13 columns
14:59:02   [invitro_sampling/no_metal] CV_MCC=0.4223±0.1155
14:59:02   salt_stripped: 309/345 SMILES changed
14:59:02   [invitro_sampling] FG features: 618 columns (smi_col=_analysis_smiles)
14:59:03   [invitro_sampling] Physchem features: 13 columns
14:59:05   [invitro_sampling/salt_stripped] CV_MCC=0.2351±0.1524
14:59:05   [invitro_sampling] * Best: no_metal (CV=0.4223)
14:59:05   [invivo_sampling] FG features: 618 columns (smi_col=_analysis_smiles)
14:59:05   [invivo_sampling] Physchem features: 13 columns
14:59:07   [invivo_sampling/raw_all] CV_MCC=0.4017±0.1884
14:59:07   [invivo_sampling] FG features: 618 columns (smi_col=_analysis_smiles)
14:59:07   [invivo_sampling] Physchem features: 13 columns
14:59:09   [invivo_sampling/no_metal] CV_MCC=0.2577±0.1887
14:59:09   salt_stripped: 208/231 SMILES changed
14:59:09   [invivo_sampling] FG features: 618 columns (smi_col=_analysis_smiles)
14:59:09   [invivo_sampling] Physchem features: 13 columns
14:59:11   [invivo_sampling/salt_stripped] CV_MCC=0.3232±0.1811
14:59:11   [invivo_sampling] * Best: raw_all (CV=0.4017)
14:59:11 STEP 5: Locked Test (all combos)
14:59:11   [ames] Pre-computing features...
14:59:17   [ames] FG features: 618 columns (smi_col=_analysis_smiles)
14:59:23   [ames] Physchem features: 13 columns
14:59:26   [ames] Fingerprint: 512 bits (smi_col=_analysis_smiles)
14:59:41   [ames] Fingerprint: 1024 bits (smi_col=_analysis_smiles)
14:59:57   [ames] Fingerprint: 2048 bits (smi_col=_analysis_smiles)
15:00:15   [ames] Fingerprint: 1024 bits (smi_col=_analysis_smiles)
15:00:23   [ames] MACCS keys: 167 bits
15:00:25   [ames] AtomPair FP: 512 bits
15:00:27   [ames] TopTorsion FP: 512 bits
15:00:27   [ames] Multi-FP union: 2215 total features
15:01:01   Domain stats: industrial n=5821 pos=0.0283 | drug n=5027 pos=0.5902
15:01:01   Prior shift ratio: 20.82x → w_ind range: 1.0~4.56 | w_drug range: 0.22~1.0
15:02:05     Domain weight grid: best w_ind=1.00 w_drug=0.30 mcc=0.7099 (searched 36 combos)
15:02:05   Domain sample weights were selected via 5-fold OOF CV grid search (36 combinations). The candidate range for w_industrial was log-uniformly derived from the empirical prior shift ratio (p_drug / p_industrial), capped at the square-root of the ratio to avoid over-correction. The criterion was OOF mcc. Optimal: w_industrial=1.0, w_drug=0.3.
15:02:05   [ames] n_train=10848 > 10k -- HP tuning skipped for svm
15:02:28     SHAP failed: could not convert string to float: '[3.040162E-1]'
15:02:28   ames_raw_all_compact_xgb: MCC=0.5267 [0.4877,0.5621] t=0.54 AD=0.57 * (23s)
15:02:44   ames_raw_all_compact_lgbm: MCC=0.5226 [0.4860,0.5562] t=0.6 AD=0.57 (16s)
15:02:57     SHAP failed: Per-column arrays must each be 1-dimensional
15:02:57   ames_raw_all_compact_rf: MCC=0.5168 [0.4796,0.5533] t=0.52 AD=0.57 (13s)
15:04:48   ames_raw_all_compact_svm: MCC=0.4324 [0.3939,0.4680] t=0.38 AD=0.57 (111s)
15:09:24   ames_raw_all_compact_logistic: MCC=0.4260 [0.3921,0.4589] t=0.62 AD=0.57 (276s)
15:10:06   ames_raw_all_compact_ann: MCC=0.5105 [0.4743,0.5454] t=0.34 AD=0.57 (42s)
15:10:06   Domain stats: industrial n=5821 pos=0.0283 | drug n=5027 pos=0.5902
15:10:06   Prior shift ratio: 20.82x → w_ind range: 1.0~4.56 | w_drug range: 0.22~1.0
15:11:21     Domain weight grid: best w_ind=1.84 w_drug=0.54 mcc=0.7200 (searched 36 combos)
15:11:21   Domain sample weights were selected via 5-fold OOF CV grid search (36 combinations). The candidate range for w_industrial was log-uniformly derived from the empirical prior shift ratio (p_drug / p_industrial), capped at the square-root of the ratio to avoid over-correction. The criterion was OOF mcc. Optimal: w_industrial=1.84, w_drug=0.54.
15:11:21   [ames] n_train=10848 > 10k -- HP tuning skipped for svm
15:11:36     SHAP failed: could not convert string to float: '[3.0116454E-1]'
15:11:36   ames_raw_all_broad_fp512_xgb: MCC=0.5695 [0.5303,0.6027] t=0.46 AD=0.57 (15s)
15:11:52   ames_raw_all_broad_fp512_lgbm: MCC=0.5612 [0.5240,0.5995] t=0.62 AD=0.57 (16s)
15:12:14     SHAP failed: Per-column arrays must each be 1-dimensional
15:12:14   ames_raw_all_broad_fp512_rf: MCC=0.5369 [0.5005,0.5766] t=0.5 AD=0.57 (22s)
15:13:53   ames_raw_all_broad_fp512_svm: MCC=0.4986 [0.4628,0.5351] t=0.4 AD=0.57 (100s)
15:19:50   ⚠ logistic took 356s on ames/broad_fp512 (n=10848)
15:19:50   ames_raw_all_broad_fp512_logistic: MCC=0.4714 [0.4386,0.5029] t=0.68 AD=0.57 (356s)
15:20:26   ames_raw_all_broad_fp512_ann: MCC=0.5410 [0.5054,0.5762] t=0.36 AD=0.57 (36s)
15:20:26   Domain stats: industrial n=5821 pos=0.0283 | drug n=5027 pos=0.5902
15:20:26   Prior shift ratio: 20.82x → w_ind range: 1.0~4.56 | w_drug range: 0.22~1.0
15:21:45     Domain weight grid: best w_ind=1.00 w_drug=0.40 mcc=0.7272 (searched 36 combos)
15:21:45   Domain sample weights were selected via 5-fold OOF CV grid search (36 combinations). The candidate range for w_industrial was log-uniformly derived from the empirical prior shift ratio (p_drug / p_industrial), capped at the square-root of the ratio to avoid over-correction. The criterion was OOF mcc. Optimal: w_industrial=1.0, w_drug=0.4.
15:21:45   [ames] n_train=10848 > 10k -- HP tuning skipped for svm
15:22:01     SHAP failed: could not convert string to float: '[3.4476703E-1]'
15:22:01   ames_raw_all_broad_fp1024_xgb: MCC=0.5549 [0.5178,0.5893] t=0.58 AD=0.57 (16s)
15:22:19   ames_raw_all_broad_fp1024_lgbm: MCC=0.5687 [0.5307,0.6015] t=0.52 AD=0.57 (18s)
15:22:45     SHAP failed: Per-column arrays must each be 1-dimensional
15:22:45   ames_raw_all_broad_fp1024_rf: MCC=0.5294 [0.4927,0.5647] t=0.54 AD=0.57 (25s)
15:24:20   ames_raw_all_broad_fp1024_svm: MCC=0.5199 [0.4854,0.5558] t=0.42 AD=0.57 (95s)
15:29:36   ⚠ logistic took 316s on ames/broad_fp1024 (n=10848)
15:29:36   ames_raw_all_broad_fp1024_logistic: MCC=0.4999 [0.4668,0.5324] t=0.58 AD=0.57 (316s)
15:30:21   ames_raw_all_broad_fp1024_ann: MCC=0.5641 [0.5283,0.6012] t=0.32 AD=0.57 (45s)
15:30:21   Domain stats: industrial n=5821 pos=0.0283 | drug n=5027 pos=0.5902
15:30:21   Prior shift ratio: 20.82x → w_ind range: 1.0~4.56 | w_drug range: 0.22~1.0
15:31:47     Domain weight grid: best w_ind=1.35 w_drug=0.40 mcc=0.7242 (searched 36 combos)
15:31:47   Domain sample weights were selected via 5-fold OOF CV grid search (36 combinations). The candidate range for w_industrial was log-uniformly derived from the empirical prior shift ratio (p_drug / p_industrial), capped at the square-root of the ratio to avoid over-correction. The criterion was OOF mcc. Optimal: w_industrial=1.35, w_drug=0.4.
15:31:47   [ames] n_train=10848 > 10k -- HP tuning skipped for svm
15:32:04     SHAP failed: could not convert string to float: '[3.0239972E-1]'
15:32:04   ames_raw_all_broad_fp2048_xgb: MCC=0.5752 [0.5393,0.6100] t=0.58 AD=0.57 (17s)
15:32:22   ames_raw_all_broad_fp2048_lgbm: MCC=0.5790 [0.5431,0.6137] t=0.58 AD=0.57 (19s)
15:32:52     SHAP failed: Per-column arrays must each be 1-dimensional
15:32:52   ames_raw_all_broad_fp2048_rf: MCC=0.5231 [0.4819,0.5590] t=0.5 AD=0.57 (30s)
15:34:43   ames_raw_all_broad_fp2048_svm: MCC=0.5339 [0.4989,0.5704] t=0.4 AD=0.57 (111s)
15:40:46   ⚠ logistic took 363s on ames/broad_fp2048 (n=10848)
15:40:46   ames_raw_all_broad_fp2048_logistic: MCC=0.5072 [0.4721,0.5401] t=0.66 AD=0.57 (363s)
15:41:59   ames_raw_all_broad_fp2048_ann: MCC=0.5406 [0.5042,0.5757] t=0.38 AD=0.57 (73s)
15:41:59   Domain stats: industrial n=5821 pos=0.0283 | drug n=5027 pos=0.5902
15:41:59   Prior shift ratio: 20.82x → w_ind range: 1.0~4.56 | w_drug range: 0.22~1.0
15:43:34     Domain weight grid: best w_ind=1.84 w_drug=1.00 mcc=0.7386 (searched 36 combos)
15:43:34   Domain sample weights were selected via 5-fold OOF CV grid search (36 combinations). The candidate range for w_industrial was log-uniformly derived from the empirical prior shift ratio (p_drug / p_industrial), capped at the square-root of the ratio to avoid over-correction. The criterion was OOF mcc. Optimal: w_industrial=1.84, w_drug=1.0.
15:43:34   [ames] n_train=10848 > 10k -- HP tuning skipped for svm
15:43:54     SHAP failed: could not convert string to float: '[3.9420038E-1]'
15:43:54   ames_raw_all_multi_fp_xgb: MCC=0.5401 [0.5014,0.5733] t=0.5 AD=0.57 (20s)
15:44:15   ames_raw_all_multi_fp_lgbm: MCC=0.5578 [0.5222,0.5911] t=0.52 AD=0.57 (21s)
15:44:44     SHAP failed: Per-column arrays must each be 1-dimensional
15:44:44   ames_raw_all_multi_fp_rf: MCC=0.5365 [0.4992,0.5710] t=0.52 AD=0.57 (29s)
15:46:33   ames_raw_all_multi_fp_svm: MCC=0.5076 [0.4693,0.5442] t=0.4 AD=0.57 (108s)
15:52:24   ⚠ logistic took 351s on ames/multi_fp (n=10848)
15:52:24   ames_raw_all_multi_fp_logistic: MCC=0.4971 [0.4598,0.5324] t=0.58 AD=0.57 (351s)
15:53:28   ames_raw_all_multi_fp_ann: MCC=0.5725 [0.5352,0.6083] t=0.4 AD=0.57 (65s)
20:22:51   ames_raw_all_graph_gnn: MCC=0.4450
20:22:56   [ames] FG features: 618 columns (smi_col=_analysis_smiles)
20:23:01   [ames] Physchem features: 13 columns
20:23:04   [ames] Fingerprint: 512 bits (smi_col=_analysis_smiles)
20:23:17   [ames] Fingerprint: 1024 bits (smi_col=_analysis_smiles)
20:23:32   [ames] Fingerprint: 2048 bits (smi_col=_analysis_smiles)
20:23:48   [ames] Fingerprint: 1024 bits (smi_col=_analysis_smiles)
20:23:55   [ames] MACCS keys: 167 bits
20:23:57   [ames] AtomPair FP: 512 bits
20:23:58   [ames] TopTorsion FP: 512 bits
20:23:58   [ames] Multi-FP union: 2215 total features
20:24:29   Domain stats: industrial n=4707 pos=0.0321 | drug n=5027 pos=0.5902
20:24:29   Prior shift ratio: 18.40x → w_ind range: 1.0~4.29 | w_drug range: 0.23~1.0
20:25:30     Domain weight grid: best w_ind=1.34 w_drug=0.75 mcc=0.7012 (searched 36 combos)
20:25:30   Domain sample weights were selected via 5-fold OOF CV grid search (36 combinations). The candidate range for w_industrial was log-uniformly derived from the empirical prior shift ratio (p_drug / p_industrial), capped at the square-root of the ratio to avoid over-correction. The criterion was OOF mcc. Optimal: w_industrial=1.34, w_drug=0.75.
20:26:01     SHAP failed: could not convert string to float: '[4.0361226E-1]'
20:26:01   ames_no_metal_compact_xgb: MCC=0.4160 [0.3791,0.4503] t=0.5 AD=0.56 (31s)
20:26:16   ames_no_metal_compact_lgbm: MCC=0.4113 [0.3745,0.4443] t=0.46 AD=0.56 (15s)
20:26:33     SHAP failed: Per-column arrays must each be 1-dimensional
20:26:33   ames_no_metal_compact_rf: MCC=0.4462 [0.4085,0.4841] t=0.52 AD=0.56 (16s)
20:27:24   ames_no_metal_compact_svm: MCC=0.4104 [0.3705,0.4468] t=0.42 AD=0.56 (51s)
20:30:51   ames_no_metal_compact_logistic: MCC=0.4064 [0.3717,0.4401] t=0.6 AD=0.56 (207s)
20:31:31   ames_no_metal_compact_ann: MCC=0.4356 [0.3984,0.4708] t=0.38 AD=0.56 (41s)
20:31:31   Domain stats: industrial n=4707 pos=0.0321 | drug n=5027 pos=0.5902
20:31:31   Prior shift ratio: 18.40x → w_ind range: 1.0~4.29 | w_drug range: 0.23~1.0
20:32:42     Domain weight grid: best w_ind=1.34 w_drug=0.75 mcc=0.7142 (searched 36 combos)
20:32:42   Domain sample weights were selected via 5-fold OOF CV grid search (36 combinations). The candidate range for w_industrial was log-uniformly derived from the empirical prior shift ratio (p_drug / p_industrial), capped at the square-root of the ratio to avoid over-correction. The criterion was OOF mcc. Optimal: w_industrial=1.34, w_drug=0.75.
20:32:55     SHAP failed: could not convert string to float: '[4.0361226E-1]'
20:32:55   ames_no_metal_broad_fp512_xgb: MCC=0.5270 [0.4904,0.5649] t=0.52 AD=0.56 (13s)
20:33:10   ames_no_metal_broad_fp512_lgbm: MCC=0.4963 [0.4602,0.5326] t=0.54 AD=0.56 (16s)
20:33:28     SHAP failed: Per-column arrays must each be 1-dimensional
20:33:28   ames_no_metal_broad_fp512_rf: MCC=0.4998 [0.4623,0.5380] t=0.54 AD=0.56 (18s)
20:34:27   ames_no_metal_broad_fp512_svm: MCC=0.4531 [0.4148,0.4913] t=0.4 AD=0.56 (59s)
20:38:32   ames_no_metal_broad_fp512_logistic: MCC=0.4355 [0.4007,0.4705] t=0.62 AD=0.56 (245s)
20:39:15   ames_no_metal_broad_fp512_ann: MCC=0.5144 [0.4780,0.5504] t=0.36 AD=0.56 (43s)
20:39:15   Domain stats: industrial n=4707 pos=0.0321 | drug n=5027 pos=0.5902
20:39:15   Prior shift ratio: 18.40x → w_ind range: 1.0~4.29 | w_drug range: 0.23~1.0
20:40:33     Domain weight grid: best w_ind=2.40 w_drug=0.75 mcc=0.7190 (searched 36 combos)
20:40:33   Domain sample weights were selected via 5-fold OOF CV grid search (36 combinations). The candidate range for w_industrial was log-uniformly derived from the empirical prior shift ratio (p_drug / p_industrial), capped at the square-root of the ratio to avoid over-correction. The criterion was OOF mcc. Optimal: w_industrial=2.4, w_drug=0.75.
20:40:48     SHAP failed: could not convert string to float: '[3.1478995E-1]'
20:40:48   ames_no_metal_broad_fp1024_xgb: MCC=0.5369 [0.5015,0.5693] t=0.52 AD=0.56 (14s)
20:41:04   ames_no_metal_broad_fp1024_lgbm: MCC=0.5547 [0.5221,0.5871] t=0.52 AD=0.56 (17s)
20:41:25     SHAP failed: Per-column arrays must each be 1-dimensional
20:41:25   ames_no_metal_broad_fp1024_rf: MCC=0.5111 [0.4720,0.5461] t=0.52 AD=0.56 (21s)
20:42:37   ames_no_metal_broad_fp1024_svm: MCC=0.4860 [0.4491,0.5231] t=0.34 AD=0.56 (72s)
20:47:23   ames_no_metal_broad_fp1024_logistic: MCC=0.4772 [0.4383,0.5112] t=0.46 AD=0.56 (286s)
20:48:12   ames_no_metal_broad_fp1024_ann: MCC=0.5324 [0.4987,0.5671] t=0.34 AD=0.56 (49s)
20:48:12   Domain stats: industrial n=4707 pos=0.0321 | drug n=5027 pos=0.5902
20:48:12   Prior shift ratio: 18.40x → w_ind range: 1.0~4.29 | w_drug range: 0.23~1.0
20:49:36     Domain weight grid: best w_ind=1.79 w_drug=0.75 mcc=0.7176 (searched 36 combos)
20:49:36   Domain sample weights were selected via 5-fold OOF CV grid search (36 combinations). The candidate range for w_industrial was log-uniformly derived from the empirical prior shift ratio (p_drug / p_industrial), capped at the square-root of the ratio to avoid over-correction. The criterion was OOF mcc. Optimal: w_industrial=1.79, w_drug=0.75.
20:49:52     SHAP failed: could not convert string to float: '[3.5720545E-1]'
20:49:52   ames_no_metal_broad_fp2048_xgb: MCC=0.5467 [0.5128,0.5850] t=0.52 AD=0.56 (16s)
20:50:09   ames_no_metal_broad_fp2048_lgbm: MCC=0.5458 [0.5097,0.5833] t=0.5 AD=0.56 (17s)
20:50:33     SHAP failed: Per-column arrays must each be 1-dimensional
20:50:33   ames_no_metal_broad_fp2048_rf: MCC=0.5054 [0.4689,0.5432] t=0.48 AD=0.56 (24s)
20:51:52   ames_no_metal_broad_fp2048_svm: MCC=0.5253 [0.4858,0.5593] t=0.42 AD=0.56 (79s)
20:57:22   ⚠ logistic took 330s on ames/broad_fp2048 (n=9734)
20:57:22   ames_no_metal_broad_fp2048_logistic: MCC=0.4911 [0.4522,0.5250] t=0.52 AD=0.56 (330s)
20:58:26   ames_no_metal_broad_fp2048_ann: MCC=0.5450 [0.5091,0.5790] t=0.38 AD=0.56 (64s)
20:58:26   Domain stats: industrial n=4707 pos=0.0321 | drug n=5027 pos=0.5902
20:58:26   Prior shift ratio: 18.40x → w_ind range: 1.0~4.29 | w_drug range: 0.23~1.0
21:00:01     Domain weight grid: best w_ind=1.79 w_drug=1.00 mcc=0.7315 (searched 36 combos)
21:00:01   Domain sample weights were selected via 5-fold OOF CV grid search (36 combinations). The candidate range for w_industrial was log-uniformly derived from the empirical prior shift ratio (p_drug / p_industrial), capped at the square-root of the ratio to avoid over-correction. The criterion was OOF mcc. Optimal: w_industrial=1.79, w_drug=1.0.
21:00:19     SHAP failed: could not convert string to float: '[4.033039E-1]'
21:00:19   ames_no_metal_multi_fp_xgb: MCC=0.5320 [0.4982,0.5686] t=0.5 AD=0.56 (18s)
21:00:38   ames_no_metal_multi_fp_lgbm: MCC=0.5199 [0.4819,0.5548] t=0.44 AD=0.56 (19s)
21:01:01     SHAP failed: Per-column arrays must each be 1-dimensional
21:01:01   ames_no_metal_multi_fp_rf: MCC=0.5001 [0.4650,0.5365] t=0.48 AD=0.56 (23s)
21:02:14   ames_no_metal_multi_fp_svm: MCC=0.4964 [0.4600,0.5338] t=0.44 AD=0.56 (73s)
21:07:51   ⚠ logistic took 338s on ames/multi_fp (n=9734)
21:07:51   ames_no_metal_multi_fp_logistic: MCC=0.4793 [0.4447,0.5174] t=0.66 AD=0.56 (338s)
21:08:58   ames_no_metal_multi_fp_ann: MCC=0.5400 [0.5047,0.5764] t=0.38 AD=0.56 (67s)
01:20:30   ames_no_metal_graph_gnn: MCC=0.3828
01:20:30   salt_stripped: 6062/13560 SMILES changed
01:20:36   [ames] FG features: 618 columns (smi_col=_analysis_smiles)
01:20:42   [ames] Physchem features: 13 columns
01:20:45   [ames] Fingerprint: 512 bits (smi_col=_analysis_smiles)
01:20:59   [ames] Fingerprint: 1024 bits (smi_col=_analysis_smiles)
01:21:15   [ames] Fingerprint: 2048 bits (smi_col=_analysis_smiles)
01:21:32   [ames] Fingerprint: 1024 bits (smi_col=_analysis_smiles)
01:21:40   [ames] MACCS keys: 167 bits
01:21:42   [ames] AtomPair FP: 512 bits
01:21:44   [ames] TopTorsion FP: 512 bits
01:21:44   [ames] Multi-FP union: 2215 total features
01:22:17   Domain stats: industrial n=5821 pos=0.0283 | drug n=5027 pos=0.5902
01:22:17   Prior shift ratio: 20.82x → w_ind range: 1.0~4.56 | w_drug range: 0.22~1.0
01:23:21     Domain weight grid: best w_ind=1.00 w_drug=0.40 mcc=0.7076 (searched 36 combos)
01:23:21   Domain sample weights were selected via 5-fold OOF CV grid search (36 combinations). The candidate range for w_industrial was log-uniformly derived from the empirical prior shift ratio (p_drug / p_industrial), capped at the square-root of the ratio to avoid over-correction. The criterion was OOF mcc. Optimal: w_industrial=1.0, w_drug=0.4.
01:23:21   [ames] n_train=10848 > 10k -- HP tuning skipped for svm
01:23:52     SHAP failed: could not convert string to float: '[3.4476703E-1]'
01:23:52   ames_salt_stripped_compact_xgb: MCC=0.4925 [0.4562,0.5284] t=0.58 AD=0.57 (30s)
01:24:08   ames_salt_stripped_compact_lgbm: MCC=0.4922 [0.4579,0.5236] t=0.56 AD=0.57 (16s)
01:24:28     SHAP failed: Per-column arrays must each be 1-dimensional
01:24:28   ames_salt_stripped_compact_rf: MCC=0.5077 [0.4716,0.5438] t=0.52 AD=0.57 (20s)
01:25:42   ames_salt_stripped_compact_svm: MCC=0.4181 [0.3826,0.4523] t=0.42 AD=0.57 (74s)
01:29:29   ames_salt_stripped_compact_logistic: MCC=0.4050 [0.3690,0.4398] t=0.62 AD=0.57 (228s)
01:30:20   ames_salt_stripped_compact_ann: MCC=0.4892 [0.4514,0.5258] t=0.4 AD=0.57 (50s)
01:30:20   Domain stats: industrial n=5821 pos=0.0283 | drug n=5027 pos=0.5902
01:30:20   Prior shift ratio: 20.82x → w_ind range: 1.0~4.56 | w_drug range: 0.22~1.0
01:31:33     Domain weight grid: best w_ind=1.00 w_drug=0.40 mcc=0.7206 (searched 36 combos)
01:31:33   Domain sample weights were selected via 5-fold OOF CV grid search (36 combinations). The candidate range for w_industrial was log-uniformly derived from the empirical prior shift ratio (p_drug / p_industrial), capped at the square-root of the ratio to avoid over-correction. The criterion was OOF mcc. Optimal: w_industrial=1.0, w_drug=0.4.
01:31:33   [ames] n_train=10848 > 10k -- HP tuning skipped for svm
01:31:47     SHAP failed: could not convert string to float: '[3.4476703E-1]'
01:31:47   ames_salt_stripped_broad_fp512_xgb: MCC=0.5430 [0.5050,0.5763] t=0.52 AD=0.57 (14s)
01:32:03   ames_salt_stripped_broad_fp512_lgbm: MCC=0.5452 [0.5078,0.5776] t=0.58 AD=0.57 (16s)
01:32:24     SHAP failed: Per-column arrays must each be 1-dimensional
01:32:24   ames_salt_stripped_broad_fp512_rf: MCC=0.5259 [0.4895,0.5629] t=0.54 AD=0.57 (21s)
01:33:38   ames_salt_stripped_broad_fp512_svm: MCC=0.5034 [0.4645,0.5382] t=0.32 AD=0.57 (74s)
01:38:18   ames_salt_stripped_broad_fp512_logistic: MCC=0.4653 [0.4332,0.5002] t=0.54 AD=0.57 (280s)
01:39:05   ames_salt_stripped_broad_fp512_ann: MCC=0.5161 [0.4801,0.5517] t=0.3 AD=0.57 (47s)
01:39:05   Domain stats: industrial n=5821 pos=0.0283 | drug n=5027 pos=0.5902
01:39:05   Prior shift ratio: 20.82x → w_ind range: 1.0~4.56 | w_drug range: 0.22~1.0
01:40:26     Domain weight grid: best w_ind=2.49 w_drug=1.00 mcc=0.7214 (searched 36 combos)
01:40:26   Domain sample weights were selected via 5-fold OOF CV grid search (36 combinations). The candidate range for w_industrial was log-uniformly derived from the empirical prior shift ratio (p_drug / p_industrial), capped at the square-root of the ratio to avoid over-correction. The criterion was OOF mcc. Optimal: w_industrial=2.49, w_drug=1.0.
01:40:26   [ames] n_train=10848 > 10k -- HP tuning skipped for svm
01:40:42     SHAP failed: could not convert string to float: '[3.4537727E-1]'
01:40:42   ames_salt_stripped_broad_fp1024_xgb: MCC=0.5589 [0.5227,0.5907] t=0.46 AD=0.57 (15s)
01:40:58   ames_salt_stripped_broad_fp1024_lgbm: MCC=0.5808 [0.5482,0.6137] t=0.52 AD=0.57 (17s)
01:41:23     SHAP failed: Per-column arrays must each be 1-dimensional
01:41:23   ames_salt_stripped_broad_fp1024_rf: MCC=0.5339 [0.4998,0.5692] t=0.54 AD=0.57 (25s)
01:42:50   ames_salt_stripped_broad_fp1024_svm: MCC=0.5213 [0.4862,0.5573] t=0.36 AD=0.57 (87s)
01:48:20   ⚠ logistic took 329s on ames/broad_fp1024 (n=10848)
01:48:20   ames_salt_stripped_broad_fp1024_logistic: MCC=0.4758 [0.4425,0.5109] t=0.5 AD=0.57 (329s)
01:49:21   ames_salt_stripped_broad_fp1024_ann: MCC=0.5606 [0.5230,0.5966] t=0.28 AD=0.57 (62s)
01:49:22   Domain stats: industrial n=5821 pos=0.0283 | drug n=5027 pos=0.5902
01:49:22   Prior shift ratio: 20.82x → w_ind range: 1.0~4.56 | w_drug range: 0.22~1.0
01:50:49     Domain weight grid: best w_ind=1.00 w_drug=0.22 mcc=0.7209 (searched 36 combos)
01:50:49   Domain sample weights were selected via 5-fold OOF CV grid search (36 combinations). The candidate range for w_industrial was log-uniformly derived from the empirical prior shift ratio (p_drug / p_industrial), capped at the square-root of the ratio to avoid over-correction. The criterion was OOF mcc. Optimal: w_industrial=1.0, w_drug=0.22.
01:50:49   [ames] n_train=10848 > 10k -- HP tuning skipped for svm
01:51:06     SHAP failed: could not convert string to float: '[2.673605E-1]'
01:51:06   ames_salt_stripped_broad_fp2048_xgb: MCC=0.5774 [0.5402,0.6113] t=0.56 AD=0.57 (17s)
01:51:24   ames_salt_stripped_broad_fp2048_lgbm: MCC=0.5744 [0.5350,0.6089] t=0.52 AD=0.57 (18s)
01:51:53     SHAP failed: Per-column arrays must each be 1-dimensional
01:51:53   ames_salt_stripped_broad_fp2048_rf: MCC=0.5234 [0.4866,0.5561] t=0.5 AD=0.57 (29s)
01:53:35   ames_salt_stripped_broad_fp2048_svm: MCC=0.5127 [0.4780,0.5493] t=0.4 AD=0.57 (102s)
01:59:56   ⚠ logistic took 381s on ames/broad_fp2048 (n=10848)
01:59:56   ames_salt_stripped_broad_fp2048_logistic: MCC=0.4827 [0.4434,0.5174] t=0.56 AD=0.57 (381s)
02:00:59   ames_salt_stripped_broad_fp2048_ann: MCC=0.5659 [0.5322,0.6021] t=0.38 AD=0.57 (63s)
02:00:59   Domain stats: industrial n=5821 pos=0.0283 | drug n=5027 pos=0.5902
02:00:59   Prior shift ratio: 20.82x → w_ind range: 1.0~4.56 | w_drug range: 0.22~1.0
02:02:36     Domain weight grid: best w_ind=2.49 w_drug=1.00 mcc=0.7328 (searched 36 combos)
02:02:36   Domain sample weights were selected via 5-fold OOF CV grid search (36 combinations). The candidate range for w_industrial was log-uniformly derived from the empirical prior shift ratio (p_drug / p_industrial), capped at the square-root of the ratio to avoid over-correction. The criterion was OOF mcc. Optimal: w_industrial=2.49, w_drug=1.0.
02:02:36   [ames] n_train=10848 > 10k -- HP tuning skipped for svm
02:02:55     SHAP failed: could not convert string to float: '[3.4537727E-1]'
02:02:55   ames_salt_stripped_multi_fp_xgb: MCC=0.5495 [0.5135,0.5815] t=0.42 AD=0.57 (19s)
02:03:16   ames_salt_stripped_multi_fp_lgbm: MCC=0.5342 [0.4981,0.5698] t=0.6 AD=0.57 (21s)
02:03:44     SHAP failed: Per-column arrays must each be 1-dimensional
02:03:44   ames_salt_stripped_multi_fp_rf: MCC=0.5319 [0.4946,0.5686] t=0.5 AD=0.57 (28s)
02:05:12   ames_salt_stripped_multi_fp_svm: MCC=0.4999 [0.4594,0.5362] t=0.4 AD=0.57 (88s)
02:11:30   ⚠ logistic took 378s on ames/multi_fp (n=10848)
02:11:30   ames_salt_stripped_multi_fp_logistic: MCC=0.4648 [0.4245,0.4997] t=0.56 AD=0.57 (378s)
02:12:42   ames_salt_stripped_multi_fp_ann: MCC=0.5174 [0.4818,0.5536] t=0.4 AD=0.57 (73s)
06:38:28   ames_salt_stripped_graph_gnn: MCC=0.3769
06:38:28   [Stacking] Retraining best Ames model: lgbm/salt_stripped/broad_fp1024 (MCC=0.5808)
06:38:28   salt_stripped: 6062/13560 SMILES changed
06:38:34   [ames] FG features: 618 columns (smi_col=_analysis_smiles)
06:38:40   [ames] Physchem features: 13 columns
06:38:40   Domain stats: industrial n=5821 pos=0.0283 | drug n=5027 pos=0.5902
06:38:40   Prior shift ratio: 20.82x → w_ind range: 1.0~4.56 | w_drug range: 0.22~1.0
06:39:05     Domain weight grid: best w_ind=3.37 w_drug=1.00 mcc=0.7097 (searched 36 combos)
06:39:05   [Stacking] Domain weights: ind=3.37, drug=1.00
06:39:05   [Stacking] Ames model stored for cross-endpoint use
06:39:05   [invitro] Pre-computing features...
06:39:06   [invitro] FG features: 618 columns (smi_col=_analysis_smiles)
06:39:06   [invitro] Physchem features: 13 columns
06:39:07   [invitro] Fingerprint: 512 bits (smi_col=_analysis_smiles)
06:39:08   [invitro] Fingerprint: 1024 bits (smi_col=_analysis_smiles)
06:39:10   [invitro] Fingerprint: 2048 bits (smi_col=_analysis_smiles)
06:39:12   [invitro] Fingerprint: 1024 bits (smi_col=_analysis_smiles)
06:39:13   [invitro] MACCS keys: 167 bits
06:39:13   [invitro] AtomPair FP: 512 bits
06:39:13   [invitro] TopTorsion FP: 512 bits
06:39:13   [invitro] Multi-FP union: 2215 total features
06:39:17   [invitro] Ames stacking feature added (mean=0.123)
06:39:40     SHAP failed: could not convert string to float: '[5E-1]'
06:39:40   invitro_raw_all_compact_xgb: MCC=0.1518 [0.0125,0.2939] t=0.3 AD=0.48 (23s)
06:39:48   invitro_raw_all_compact_lgbm: MCC=0.1139 [-0.0201,0.2518] t=0.36 AD=0.48 (8s)
06:39:55     SHAP failed: Per-column arrays must each be 1-dimensional
06:39:55   invitro_raw_all_compact_rf: MCC=0.0505 [-0.0723,0.1954] t=0.34 AD=0.48 (7s)
06:40:01   invitro_raw_all_compact_svm: MCC=0.0000 [0.0000,0.0000] t=0.12 AD=0.48 (7s)
06:40:40   invitro_raw_all_compact_logistic: MCC=0.0091 [-0.0984,0.1204] t=0.78 AD=0.48 (38s)
06:40:45   invitro_raw_all_compact_ann: MCC=0.0000 [0.0000,0.0000] t=0.1 AD=0.48 (5s)
06:40:49     SHAP failed: could not convert string to float: '[5E-1]'
06:40:49   invitro_raw_all_broad_fp512_xgb: MCC=0.1261 [-0.0233,0.2716] t=0.22 AD=0.48 (4s)
06:40:56   invitro_raw_all_broad_fp512_lgbm: MCC=0.1126 [-0.0210,0.2470] t=0.4 AD=0.48 (8s)
06:41:02     SHAP failed: Per-column arrays must each be 1-dimensional
06:41:02   invitro_raw_all_broad_fp512_rf: MCC=-0.0048 [-0.0949,0.1331] t=0.34 AD=0.48 (6s)
06:41:09   invitro_raw_all_broad_fp512_svm: MCC=0.0000 [0.0000,0.0000] t=0.1 AD=0.48 (7s)
06:41:55   invitro_raw_all_broad_fp512_logistic: MCC=0.1193 [-0.0108,0.2473] t=0.2 AD=0.48 (46s)
06:42:00   invitro_raw_all_broad_fp512_ann: MCC=0.0081 [-0.0671,0.1385] t=0.36 AD=0.48 (5s)
06:42:05     SHAP failed: could not convert string to float: '[5E-1]'
06:42:05   invitro_raw_all_broad_fp1024_xgb: MCC=0.2276 [0.0752,0.3921] t=0.58 AD=0.48 (5s)
06:42:13   invitro_raw_all_broad_fp1024_lgbm: MCC=0.2522 [0.0988,0.4098] t=0.56 AD=0.48 (8s)
06:42:18     SHAP failed: Per-column arrays must each be 1-dimensional
06:42:18   invitro_raw_all_broad_fp1024_rf: MCC=0.0411 [-0.0783,0.1888] t=0.42 AD=0.48 (5s)
06:42:24   invitro_raw_all_broad_fp1024_svm: MCC=0.0000 [0.0000,0.0000] t=0.14 AD=0.48 (6s)
06:43:16   invitro_raw_all_broad_fp1024_logistic: MCC=0.0961 [-0.0242,0.2186] t=0.7 AD=0.48 (52s)
06:43:22   invitro_raw_all_broad_fp1024_ann: MCC=0.0224 [-0.0792,0.1540] t=0.12 AD=0.48 (6s)
06:43:27     SHAP failed: could not convert string to float: '[5E-1]'
06:43:27   invitro_raw_all_broad_fp2048_xgb: MCC=0.1516 [0.0093,0.3074] t=0.72 AD=0.48 (5s)
06:43:35   invitro_raw_all_broad_fp2048_lgbm: MCC=0.1994 [0.0603,0.3381] t=0.24 AD=0.48 (8s)
06:43:40     SHAP failed: Per-column arrays must each be 1-dimensional
06:43:40   invitro_raw_all_broad_fp2048_rf: MCC=0.0834 [-0.0391,0.2306] t=0.42 AD=0.48 (6s)
06:43:47   invitro_raw_all_broad_fp2048_svm: MCC=0.0000 [0.0000,0.0000] t=0.14 AD=0.48 (7s)
06:44:45   invitro_raw_all_broad_fp2048_logistic: MCC=0.1083 [-0.0141,0.2265] t=0.1 AD=0.48 (58s)
06:44:53   invitro_raw_all_broad_fp2048_ann: MCC=0.0000 [0.0000,0.0000] t=0.18 AD=0.48 (8s)
06:44:58     SHAP failed: could not convert string to float: '[5E-1]'
06:44:58   invitro_raw_all_multi_fp_xgb: MCC=0.1343 [-0.0145,0.3073] t=0.2 AD=0.48 (5s)
06:45:06   invitro_raw_all_multi_fp_lgbm: MCC=0.1076 [-0.0309,0.2503] t=0.24 AD=0.48 (8s)
06:45:12     SHAP failed: Per-column arrays must each be 1-dimensional
06:45:12   invitro_raw_all_multi_fp_rf: MCC=0.0041 [-0.0675,0.1381] t=0.26 AD=0.48 (6s)
06:45:20   invitro_raw_all_multi_fp_svm: MCC=0.0000 [0.0000,0.0000] t=0.12 AD=0.48 (8s)
06:46:15   invitro_raw_all_multi_fp_logistic: MCC=0.1002 [-0.0324,0.2285] t=0.12 AD=0.48 (55s)
06:46:22   invitro_raw_all_multi_fp_ann: MCC=-0.0157 [-0.0383,0.0000] t=0.28 AD=0.48 (7s)
07:30:15   invitro_raw_all_graph_gnn: MCC=0.0000
07:30:15   [invitro] FG features: 618 columns (smi_col=_analysis_smiles)
07:30:16   [invitro] Physchem features: 13 columns
07:30:16   [invitro] Fingerprint: 512 bits (smi_col=_analysis_smiles)
07:30:18   [invitro] Fingerprint: 1024 bits (smi_col=_analysis_smiles)
07:30:19   [invitro] Fingerprint: 2048 bits (smi_col=_analysis_smiles)
07:30:21   [invitro] Fingerprint: 1024 bits (smi_col=_analysis_smiles)
07:30:22   [invitro] MACCS keys: 167 bits
07:30:22   [invitro] AtomPair FP: 512 bits
07:30:22   [invitro] TopTorsion FP: 512 bits
07:30:22   [invitro] Multi-FP union: 2215 total features
07:30:25   [invitro] Ames stacking feature added (mean=0.113)
07:30:42     SHAP failed: could not convert string to float: '[5E-1]'
07:30:42   invitro_no_metal_compact_xgb: MCC=0.1692 [0.0119,0.3312] t=0.22 AD=0.51 * (17s)
07:30:49   invitro_no_metal_compact_lgbm: MCC=0.1995 [0.0402,0.3584] t=0.24 AD=0.51 (7s)
07:30:54     SHAP failed: Per-column arrays must each be 1-dimensional
07:30:54   invitro_no_metal_compact_rf: MCC=0.0008 [-0.0970,0.1456] t=0.32 AD=0.51 (5s)
07:31:00   invitro_no_metal_compact_svm: MCC=0.0000 [0.0000,0.0000] t=0.12 AD=0.51 (6s)
07:31:36   invitro_no_metal_compact_logistic: MCC=0.1045 [-0.0015,0.2247] t=0.56 AD=0.51 (36s)
07:31:40   invitro_no_metal_compact_ann: MCC=-0.0163 [-0.0390,0.0000] t=0.12 AD=0.51 (4s)
07:31:43     SHAP failed: could not convert string to float: '[5E-1]'
07:31:43   invitro_no_metal_broad_fp512_xgb: MCC=0.2080 [0.0365,0.3676] t=0.4 AD=0.51 (4s)
07:31:50   invitro_no_metal_broad_fp512_lgbm: MCC=0.1318 [-0.0227,0.2944] t=0.6 AD=0.51 (7s)
07:31:56     SHAP failed: Per-column arrays must each be 1-dimensional
07:31:56   invitro_no_metal_broad_fp512_rf: MCC=0.1945 [0.0342,0.3668] t=0.3 AD=0.51 (5s)
07:32:00   invitro_no_metal_broad_fp512_svm: MCC=0.0000 [0.0000,0.0000] t=0.22 AD=0.51 (4s)
07:32:37   invitro_no_metal_broad_fp512_logistic: MCC=-0.0231 [-0.1231,0.0883] t=0.1 AD=0.51 (37s)
07:32:41   invitro_no_metal_broad_fp512_ann: MCC=0.0000 [0.0000,0.0000] t=0.4 AD=0.51 (5s)
07:32:45     SHAP failed: could not convert string to float: '[5E-1]'
07:32:45   invitro_no_metal_broad_fp1024_xgb: MCC=0.1058 [-0.0350,0.2636] t=0.46 AD=0.51 (4s)
07:32:52   invitro_no_metal_broad_fp1024_lgbm: MCC=0.3256 [0.1537,0.4863] t=0.1 AD=0.51 (7s)
07:32:58     SHAP failed: Per-column arrays must each be 1-dimensional
07:32:58   invitro_no_metal_broad_fp1024_rf: MCC=0.0051 [-0.0945,0.1362] t=0.34 AD=0.51 (5s)
07:33:02   invitro_no_metal_broad_fp1024_svm: MCC=0.0000 [0.0000,0.0000] t=0.12 AD=0.51 (4s)
07:33:51   invitro_no_metal_broad_fp1024_logistic: MCC=0.0155 [-0.1044,0.1425] t=0.44 AD=0.51 (49s)
07:33:56   invitro_no_metal_broad_fp1024_ann: MCC=0.0983 [-0.0328,0.2960] t=0.1 AD=0.51 (5s)
07:34:01     SHAP failed: could not convert string to float: '[5E-1]'
07:34:01   invitro_no_metal_broad_fp2048_xgb: MCC=0.1516 [0.0061,0.3085] t=0.68 AD=0.51 (5s)
07:34:08   invitro_no_metal_broad_fp2048_lgbm: MCC=0.2318 [0.0586,0.4064] t=0.2 AD=0.51 (7s)
07:34:14     SHAP failed: Per-column arrays must each be 1-dimensional
07:34:14   invitro_no_metal_broad_fp2048_rf: MCC=0.0315 [-0.0897,0.1761] t=0.34 AD=0.51 (6s)
07:34:18   invitro_no_metal_broad_fp2048_svm: MCC=0.0000 [0.0000,0.0000] t=0.12 AD=0.51 (4s)
07:35:04   invitro_no_metal_broad_fp2048_logistic: MCC=0.0785 [-0.0586,0.1976] t=0.2 AD=0.51 (46s)
07:35:10   invitro_no_metal_broad_fp2048_ann: MCC=0.0648 [-0.0729,0.2306] t=0.18 AD=0.51 (6s)
07:35:15     SHAP failed: could not convert string to float: '[5E-1]'
07:35:15   invitro_no_metal_multi_fp_xgb: MCC=0.1347 [-0.0406,0.2958] t=0.12 AD=0.51 (5s)
07:35:23   invitro_no_metal_multi_fp_lgbm: MCC=0.1464 [-0.0094,0.2988] t=0.3 AD=0.51 (8s)
07:35:29     SHAP failed: Per-column arrays must each be 1-dimensional
07:35:29   invitro_no_metal_multi_fp_rf: MCC=0.0176 [-0.0678,0.1789] t=0.22 AD=0.51 (6s)
07:35:33   invitro_no_metal_multi_fp_svm: MCC=0.0000 [0.0000,0.0000] t=0.16 AD=0.51 (4s)
07:36:21   invitro_no_metal_multi_fp_logistic: MCC=0.1502 [0.0269,0.2831] t=0.1 AD=0.51 (48s)
07:36:28   invitro_no_metal_multi_fp_ann: MCC=-0.0272 [-0.0495,0.0000] t=0.36 AD=0.51 (7s)
08:11:05   invitro_no_metal_graph_gnn: MCC=0.0000
08:11:05   salt_stripped: 1317/1619 SMILES changed
08:11:06   [invitro] FG features: 618 columns (smi_col=_analysis_smiles)
08:11:07   [invitro] Physchem features: 13 columns
08:11:07   [invitro] Fingerprint: 512 bits (smi_col=_analysis_smiles)
08:11:09   [invitro] Fingerprint: 1024 bits (smi_col=_analysis_smiles)
08:11:10   [invitro] Fingerprint: 2048 bits (smi_col=_analysis_smiles)
08:11:12   [invitro] Fingerprint: 1024 bits (smi_col=_analysis_smiles)
08:11:13   [invitro] MACCS keys: 167 bits
08:11:13   [invitro] AtomPair FP: 512 bits
08:11:13   [invitro] TopTorsion FP: 512 bits
08:11:13   [invitro] Multi-FP union: 2215 total features
08:11:17   [invitro] Ames stacking feature added (mean=0.094)
08:11:34     SHAP failed: could not convert string to float: '[5E-1]'
08:11:34   invitro_salt_stripped_compact_xgb: MCC=0.1698 [0.0304,0.3016] t=0.1 AD=0.49 (17s)
08:11:42   invitro_salt_stripped_compact_lgbm: MCC=0.2119 [0.0614,0.3476] t=0.1 AD=0.49 (8s)
08:11:48     SHAP failed: Per-column arrays must each be 1-dimensional
08:11:48   invitro_salt_stripped_compact_rf: MCC=0.0249 [-0.0786,0.1596] t=0.32 AD=0.49 (6s)
08:11:54   invitro_salt_stripped_compact_svm: MCC=0.0000 [0.0000,0.0000] t=0.14 AD=0.49 (7s)
08:12:35   invitro_salt_stripped_compact_logistic: MCC=0.0166 [-0.0953,0.1248] t=0.9 AD=0.49 (41s)
08:12:40   invitro_salt_stripped_compact_ann: MCC=0.0000 [0.0000,0.0000] t=0.44 AD=0.49 (5s)
08:12:44     SHAP failed: could not convert string to float: '[5E-1]'
08:12:44   invitro_salt_stripped_broad_fp512_xgb: MCC=0.1193 [-0.0095,0.2501] t=0.22 AD=0.49 (4s)
08:12:52   invitro_salt_stripped_broad_fp512_lgbm: MCC=0.1274 [-0.0045,0.2491] t=0.16 AD=0.49 (8s)
08:12:58     SHAP failed: Per-column arrays must each be 1-dimensional
08:12:58   invitro_salt_stripped_broad_fp512_rf: MCC=0.0562 [-0.0534,0.1890] t=0.28 AD=0.49 (6s)
08:13:05   invitro_salt_stripped_broad_fp512_svm: MCC=0.0000 [0.0000,0.0000] t=0.12 AD=0.49 (7s)
08:13:48   invitro_salt_stripped_broad_fp512_logistic: MCC=-0.0570 [-0.1436,0.0409] t=0.88 AD=0.49 (43s)
08:13:53   invitro_salt_stripped_broad_fp512_ann: MCC=0.0605 [-0.0536,0.2133] t=0.38 AD=0.49 (5s)
08:13:57     SHAP failed: could not convert string to float: '[5E-1]'
08:13:57   invitro_salt_stripped_broad_fp1024_xgb: MCC=0.1578 [-0.0001,0.2951] t=0.18 AD=0.49 (4s)
08:14:05   invitro_salt_stripped_broad_fp1024_lgbm: MCC=0.2276 [0.0722,0.3553] t=0.14 AD=0.49 (8s)
08:14:11     SHAP failed: Per-column arrays must each be 1-dimensional
08:14:11   invitro_salt_stripped_broad_fp1024_rf: MCC=0.0996 [-0.0330,0.2414] t=0.3 AD=0.49 (6s)
08:14:20   invitro_salt_stripped_broad_fp1024_svm: MCC=0.0000 [0.0000,0.0000] t=0.18 AD=0.49 (9s)
08:15:15   invitro_salt_stripped_broad_fp1024_logistic: MCC=0.0609 [-0.0702,0.1836] t=0.16 AD=0.49 (56s)
08:15:20   invitro_salt_stripped_broad_fp1024_ann: MCC=0.1317 [-0.0209,0.2938] t=0.22 AD=0.49 (5s)
08:15:25     SHAP failed: could not convert string to float: '[5E-1]'
08:15:25   invitro_salt_stripped_broad_fp2048_xgb: MCC=0.1087 [-0.0319,0.2396] t=0.14 AD=0.49 (5s)
08:15:33   invitro_salt_stripped_broad_fp2048_lgbm: MCC=0.1737 [0.0360,0.3160] t=0.1 AD=0.49 (8s)
08:15:38     SHAP failed: Per-column arrays must each be 1-dimensional
08:15:38   invitro_salt_stripped_broad_fp2048_rf: MCC=0.0674 [-0.0525,0.1992] t=0.36 AD=0.49 (6s)
08:15:48   invitro_salt_stripped_broad_fp2048_svm: MCC=0.0000 [0.0000,0.0000] t=0.1 AD=0.49 (10s)
08:16:43   invitro_salt_stripped_broad_fp2048_logistic: MCC=0.1353 [0.0222,0.2652] t=0.12 AD=0.49 (55s)
08:16:49   invitro_salt_stripped_broad_fp2048_ann: MCC=0.0000 [0.0000,0.0000] t=0.48 AD=0.49 (6s)
08:16:54     SHAP failed: could not convert string to float: '[5E-1]'
08:16:54   invitro_salt_stripped_multi_fp_xgb: MCC=0.0902 [-0.0285,0.2130] t=0.6 AD=0.49 (5s)
08:17:02   invitro_salt_stripped_multi_fp_lgbm: MCC=0.1160 [-0.0160,0.2408] t=0.82 AD=0.49 (8s)
08:17:08     SHAP failed: Per-column arrays must each be 1-dimensional
08:17:08   invitro_salt_stripped_multi_fp_rf: MCC=0.0043 [-0.0877,0.1232] t=0.26 AD=0.49 (6s)
08:17:19   invitro_salt_stripped_multi_fp_svm: MCC=0.0000 [0.0000,0.0000] t=0.1 AD=0.49 (11s)
08:18:14   invitro_salt_stripped_multi_fp_logistic: MCC=0.0410 [-0.0725,0.1571] t=0.68 AD=0.49 (55s)
08:18:21   invitro_salt_stripped_multi_fp_ann: MCC=-0.0167 [-0.0410,0.0000] t=0.26 AD=0.49 (7s)
08:56:35   invitro_salt_stripped_graph_gnn: MCC=0.0000
08:56:35   [invivo] Pre-computing features...
08:56:35   [invivo] FG features: 618 columns (smi_col=_analysis_smiles)
08:56:36   [invivo] Physchem features: 13 columns
08:56:37   [invivo] Fingerprint: 512 bits (smi_col=_analysis_smiles)
08:56:39   [invivo] Fingerprint: 1024 bits (smi_col=_analysis_smiles)
08:56:41   [invivo] Fingerprint: 2048 bits (smi_col=_analysis_smiles)
08:56:43   [invivo] Fingerprint: 1024 bits (smi_col=_analysis_smiles)
08:56:44   [invivo] MACCS keys: 167 bits
08:56:45   [invivo] AtomPair FP: 512 bits
08:56:45   [invivo] TopTorsion FP: 512 bits
08:56:45   [invivo] Multi-FP union: 2215 total features
08:56:50   [invivo] Ames stacking feature added (mean=0.170)
08:57:08     SHAP failed: could not convert string to float: '[5E-1]'
08:57:08   invivo_raw_all_compact_xgb: MCC=0.0526 [-0.0335,0.2395] t=0.8 AD=0.57 (18s)
08:57:16   invivo_raw_all_compact_lgbm: MCC=0.2272 [-0.0205,0.4883] t=0.9 AD=0.57 (8s)
08:57:22     SHAP failed: Per-column arrays must each be 1-dimensional
08:57:22   invivo_raw_all_compact_rf: MCC=0.0579 [-0.0311,0.2635] t=0.56 AD=0.57 (6s)
08:57:31   invivo_raw_all_compact_svm: MCC=0.0000 [0.0000,0.0000] t=0.14 AD=0.57 (10s)
08:58:20   invivo_raw_all_compact_logistic: MCC=0.0072 [-0.0720,0.1216] t=0.9 AD=0.57 (49s)
08:58:25   invivo_raw_all_compact_ann: MCC=0.0000 [0.0000,0.0000] t=0.32 AD=0.57 (4s)
08:58:30     SHAP failed: could not convert string to float: '[5E-1]'
08:58:30   invivo_raw_all_broad_fp512_xgb: MCC=0.1956 [-0.0187,0.4929] t=0.3 AD=0.57 (5s)
08:58:38   invivo_raw_all_broad_fp512_lgbm: MCC=0.1267 [-0.0292,0.3653] t=0.9 AD=0.57 (8s)
08:58:44     SHAP failed: Per-column arrays must each be 1-dimensional
08:58:44   invivo_raw_all_broad_fp512_rf: MCC=0.0779 [-0.0262,0.3017] t=0.16 AD=0.57 (6s)
08:58:56   invivo_raw_all_broad_fp512_svm: MCC=0.0000 [0.0000,0.0000] t=0.14 AD=0.57 (12s)
08:59:54   invivo_raw_all_broad_fp512_logistic: MCC=0.1279 [-0.0023,0.2525] t=0.76 AD=0.57 (58s)
09:00:00   invivo_raw_all_broad_fp512_ann: MCC=0.0000 [0.0000,0.0000] t=0.18 AD=0.57 (7s)
09:00:06     SHAP failed: could not convert string to float: '[5E-1]'
09:00:06   invivo_raw_all_broad_fp1024_xgb: MCC=0.2499 [-0.0195,0.5461] t=0.76 AD=0.57 (6s)
09:00:13   invivo_raw_all_broad_fp1024_lgbm: MCC=0.2443 [-0.0209,0.4895] t=0.86 AD=0.57 (7s)
09:00:19     SHAP failed: Per-column arrays must each be 1-dimensional
09:00:19   invivo_raw_all_broad_fp1024_rf: MCC=-0.0101 [-0.0192,0.0000] t=0.16 AD=0.57 (6s)
09:00:38   invivo_raw_all_broad_fp1024_svm: MCC=0.0000 [0.0000,0.0000] t=0.1 AD=0.57 (19s)
09:01:49   invivo_raw_all_broad_fp1024_logistic: MCC=0.3141 [0.1324,0.4516] t=0.82 AD=0.57 (71s)
09:01:57   invivo_raw_all_broad_fp1024_ann: MCC=0.0000 [0.0000,0.0000] t=0.5 AD=0.57 (7s)
09:02:02     SHAP failed: could not convert string to float: '[5E-1]'
09:02:02   invivo_raw_all_broad_fp2048_xgb: MCC=0.2515 [-0.0207,0.5440] t=0.76 AD=0.57 (5s)
09:02:10   invivo_raw_all_broad_fp2048_lgbm: MCC=0.3691 [0.0857,0.6320] t=0.86 AD=0.57 (8s)
09:02:17     SHAP failed: Per-column arrays must each be 1-dimensional
09:02:17   invivo_raw_all_broad_fp2048_rf: MCC=0.1616 [-0.0134,0.4781] t=0.16 AD=0.57 (7s)
09:02:30   invivo_raw_all_broad_fp2048_svm: MCC=0.0000 [0.0000,0.0000] t=0.1 AD=0.57 (13s)
09:03:43   invivo_raw_all_broad_fp2048_logistic: MCC=0.2270 [0.0599,0.3648] t=0.12 AD=0.57 (74s)
09:03:52   invivo_raw_all_broad_fp2048_ann: MCC=0.0000 [0.0000,0.0000] t=0.3 AD=0.57 (9s)
09:03:58     SHAP failed: could not convert string to float: '[5E-1]'
09:03:58   invivo_raw_all_multi_fp_xgb: MCC=0.2888 [-0.0163,0.5926] t=0.9 AD=0.57 (6s)
09:04:06   invivo_raw_all_multi_fp_lgbm: MCC=-0.0227 [-0.0335,-0.0131] t=0.9 AD=0.57 (8s)
09:04:13     SHAP failed: Per-column arrays must each be 1-dimensional
09:04:13   invivo_raw_all_multi_fp_rf: MCC=-0.0062 [-0.0153,0.0000] t=0.54 AD=0.57 (6s)
09:04:24   invivo_raw_all_multi_fp_svm: MCC=0.0000 [0.0000,0.0000] t=0.12 AD=0.57 (11s)
09:05:42   invivo_raw_all_multi_fp_logistic: MCC=0.0220 [-0.0639,0.1368] t=0.5 AD=0.57 (78s)
09:05:50   invivo_raw_all_multi_fp_ann: MCC=-0.0134 [-0.0226,0.0000] t=0.2 AD=0.57 (9s)
10:41:20   invivo_raw_all_graph_gnn: MCC=0.0000
10:41:21   [invivo] FG features: 618 columns (smi_col=_analysis_smiles)
10:41:22   [invivo] Physchem features: 13 columns
10:41:23   [invivo] Fingerprint: 512 bits (smi_col=_analysis_smiles)
10:41:25   [invivo] Fingerprint: 1024 bits (smi_col=_analysis_smiles)
10:41:27   [invivo] Fingerprint: 2048 bits (smi_col=_analysis_smiles)
10:41:29   [invivo] Fingerprint: 1024 bits (smi_col=_analysis_smiles)
10:41:30   [invivo] MACCS keys: 167 bits
10:41:31   [invivo] AtomPair FP: 512 bits
10:41:31   [invivo] TopTorsion FP: 512 bits
10:41:31   [invivo] Multi-FP union: 2215 total features
10:41:36   [invivo] Ames stacking feature added (mean=0.169)
10:41:57     SHAP failed: could not convert string to float: '[5E-1]'
10:41:57   invivo_no_metal_compact_xgb: MCC=0.1010 [-0.0291,0.3497] t=0.12 AD=0.54 * (21s)
10:42:06   invivo_no_metal_compact_lgbm: MCC=0.2113 [-0.0239,0.4939] t=0.86 AD=0.54 (8s)
10:42:12     SHAP failed: Per-column arrays must each be 1-dimensional
10:42:12   invivo_no_metal_compact_rf: MCC=-0.0166 [-0.0297,0.0000] t=0.26 AD=0.54 (7s)
10:42:19   invivo_no_metal_compact_svm: MCC=0.0000 [0.0000,0.0000] t=0.1 AD=0.54 (7s)
10:43:18   invivo_no_metal_compact_logistic: MCC=0.0225 [-0.0755,0.1490] t=0.3 AD=0.54 (59s)
10:43:23   invivo_no_metal_compact_ann: MCC=0.0000 [0.0000,0.0000] t=0.38 AD=0.54 (5s)
10:43:29     SHAP failed: could not convert string to float: '[5E-1]'
10:43:29   invivo_no_metal_broad_fp512_xgb: MCC=0.3264 [-0.0077,0.6088] t=0.24 AD=0.54 (6s)
10:43:38   invivo_no_metal_broad_fp512_lgbm: MCC=0.3247 [-0.0039,0.6067] t=0.12 AD=0.54 (9s)
10:43:44     SHAP failed: Per-column arrays must each be 1-dimensional
10:43:44   invivo_no_metal_broad_fp512_rf: MCC=0.2082 [-0.0219,0.4897] t=0.12 AD=0.54 (7s)
10:43:51   invivo_no_metal_broad_fp512_svm: MCC=0.0000 [0.0000,0.0000] t=0.5 AD=0.54 (7s)
10:45:01   invivo_no_metal_broad_fp512_logistic: MCC=0.1729 [0.0121,0.3561] t=0.76 AD=0.54 (70s)
10:45:06   invivo_no_metal_broad_fp512_ann: MCC=0.0000 [0.0000,0.0000] t=0.2 AD=0.54 (5s)
10:45:12     SHAP failed: could not convert string to float: '[5E-1]'
10:45:12   invivo_no_metal_broad_fp1024_xgb: MCC=0.3881 [0.0000,0.6693] t=0.12 AD=0.54 (6s)
10:45:22   invivo_no_metal_broad_fp1024_lgbm: MCC=0.2539 [-0.0202,0.5588] t=0.88 AD=0.54 (10s)
10:45:29     SHAP failed: Per-column arrays must each be 1-dimensional
10:45:29   invivo_no_metal_broad_fp1024_rf: MCC=0.2845 [-0.0157,0.5916] t=0.1 AD=0.54 (7s)
10:45:37   invivo_no_metal_broad_fp1024_svm: MCC=0.0000 [0.0000,0.0000] t=0.1 AD=0.54 (8s)
10:46:44   invivo_no_metal_broad_fp1024_logistic: MCC=0.2408 [0.0464,0.4216] t=0.9 AD=0.54 (68s)
10:46:49   invivo_no_metal_broad_fp1024_ann: MCC=0.0000 [0.0000,0.0000] t=0.18 AD=0.54 (5s)
10:46:55     SHAP failed: could not convert string to float: '[5E-1]'
10:46:55   invivo_no_metal_broad_fp2048_xgb: MCC=0.2660 [-0.0097,0.5171] t=0.38 AD=0.54 (6s)
10:47:03   invivo_no_metal_broad_fp2048_lgbm: MCC=0.2660 [-0.0111,0.5150] t=0.1 AD=0.54 (8s)
10:47:10     SHAP failed: Per-column arrays must each be 1-dimensional
10:47:10   invivo_no_metal_broad_fp2048_rf: MCC=0.2277 [-0.0220,0.5083] t=0.1 AD=0.54 (7s)
10:47:18   invivo_no_metal_broad_fp2048_svm: MCC=0.0000 [0.0000,0.0000] t=0.14 AD=0.54 (7s)
10:48:53   invivo_no_metal_broad_fp2048_logistic: MCC=0.1923 [0.0220,0.3780] t=0.54 AD=0.54 (95s)
10:48:59   invivo_no_metal_broad_fp2048_ann: MCC=0.0000 [0.0000,0.0000] t=0.12 AD=0.54 (6s)
10:49:06     SHAP failed: could not convert string to float: '[5E-1]'
10:49:06   invivo_no_metal_multi_fp_xgb: MCC=0.2100 [-0.0232,0.5204] t=0.28 AD=0.54 (7s)
10:49:15   invivo_no_metal_multi_fp_lgbm: MCC=0.3542 [-0.0039,0.6210] t=0.14 AD=0.54 (9s)
10:49:21     SHAP failed: Per-column arrays must each be 1-dimensional
10:49:21   invivo_no_metal_multi_fp_rf: MCC=0.1898 [-0.0175,0.5214] t=0.26 AD=0.54 (7s)
10:49:27   invivo_no_metal_multi_fp_svm: MCC=0.0000 [0.0000,0.0000] t=0.1 AD=0.54 (6s)
10:50:38   invivo_no_metal_multi_fp_logistic: MCC=0.1235 [-0.0395,0.3243] t=0.26 AD=0.54 (71s)
10:50:44   invivo_no_metal_multi_fp_ann: MCC=0.0000 [0.0000,0.0000] t=0.16 AD=0.54 (5s)
11:41:09   invivo_no_metal_graph_gnn: MCC=0.0000
11:41:09   salt_stripped: 1785/2153 SMILES changed
11:41:10   [invivo] FG features: 618 columns (smi_col=_analysis_smiles)
11:41:12   [invivo] Physchem features: 13 columns
11:41:12   [invivo] Fingerprint: 512 bits (smi_col=_analysis_smiles)
11:41:15   [invivo] Fingerprint: 1024 bits (smi_col=_analysis_smiles)
11:41:17   [invivo] Fingerprint: 2048 bits (smi_col=_analysis_smiles)
11:41:20   [invivo] Fingerprint: 1024 bits (smi_col=_analysis_smiles)
11:41:21   [invivo] MACCS keys: 167 bits
11:41:22   [invivo] AtomPair FP: 512 bits
11:41:22   [invivo] TopTorsion FP: 512 bits
11:41:22   [invivo] Multi-FP union: 2215 total features
11:41:28   [invivo] Ames stacking feature added (mean=0.139)
11:41:50     SHAP failed: could not convert string to float: '[5E-1]'
11:41:50   invivo_salt_stripped_compact_xgb: MCC=0.3701 [-0.0070,0.6343] t=0.9 AD=0.59 (22s)
11:41:59   invivo_salt_stripped_compact_lgbm: MCC=0.2727 [-0.0184,0.5459] t=0.88 AD=0.59 (9s)
11:42:07     SHAP failed: Per-column arrays must each be 1-dimensional
11:42:07   invivo_salt_stripped_compact_rf: MCC=0.2295 [-0.0165,0.5061] t=0.6 AD=0.59 (7s)
11:42:18   invivo_salt_stripped_compact_svm: MCC=0.0000 [0.0000,0.0000] t=0.1 AD=0.59 (12s)
11:43:20   invivo_salt_stripped_compact_logistic: MCC=-0.0088 [-0.0851,0.0994] t=0.88 AD=0.59 (61s)
11:43:25   invivo_salt_stripped_compact_ann: MCC=0.0000 [0.0000,0.0000] t=0.28 AD=0.59 (6s)
11:43:32     SHAP failed: could not convert string to float: '[5E-1]'
11:43:32   invivo_salt_stripped_broad_fp512_xgb: MCC=0.2970 [-0.0129,0.5536] t=0.86 AD=0.59 (7s)
11:43:41   invivo_salt_stripped_broad_fp512_lgbm: MCC=0.3732 [-0.0072,0.6331] t=0.88 AD=0.59 (10s)
11:43:49     SHAP failed: Per-column arrays must each be 1-dimensional
11:43:49   invivo_salt_stripped_broad_fp512_rf: MCC=0.2962 [-0.0145,0.5955] t=0.6 AD=0.59 (7s)
11:44:03   invivo_salt_stripped_broad_fp512_svm: MCC=0.0000 [0.0000,0.0000] t=0.1 AD=0.59 (14s)
11:45:40   invivo_salt_stripped_broad_fp512_logistic: MCC=0.2228 [0.0613,0.3668] t=0.68 AD=0.59 (97s)
11:45:46   invivo_salt_stripped_broad_fp512_ann: MCC=0.0000 [0.0000,0.0000] t=0.26 AD=0.59 (7s)
11:45:53     SHAP failed: could not convert string to float: '[5E-1]'
11:45:53   invivo_salt_stripped_broad_fp1024_xgb: MCC=0.3490 [-0.0094,0.6283] t=0.86 AD=0.59 (7s)
11:46:03   invivo_salt_stripped_broad_fp1024_lgbm: MCC=0.3126 [-0.0127,0.5697] t=0.82 AD=0.59 (10s)
11:46:11     SHAP failed: Per-column arrays must each be 1-dimensional
11:46:11   invivo_salt_stripped_broad_fp1024_rf: MCC=0.2620 [-0.0131,0.5671] t=0.6 AD=0.59 (8s)
11:46:31   invivo_salt_stripped_broad_fp1024_svm: MCC=0.0000 [0.0000,0.0000] t=0.12 AD=0.59 (20s)
11:48:07   invivo_salt_stripped_broad_fp1024_logistic: MCC=0.1451 [-0.0275,0.3103] t=0.16 AD=0.59 (97s)
11:48:14   invivo_salt_stripped_broad_fp1024_ann: MCC=0.0000 [0.0000,0.0000] t=0.2 AD=0.59 (6s)
11:48:21     SHAP failed: could not convert string to float: '[5E-1]'
11:48:21   invivo_salt_stripped_broad_fp2048_xgb: MCC=0.3120 [-0.0112,0.5807] t=0.88 AD=0.59 (8s)
11:48:32   invivo_salt_stripped_broad_fp2048_lgbm: MCC=0.3994 [-0.0062,0.6539] t=0.86 AD=0.59 (11s)
11:48:39     SHAP failed: Per-column arrays must each be 1-dimensional
11:48:39   invivo_salt_stripped_broad_fp2048_rf: MCC=0.2324 [-0.0165,0.5186] t=0.62 AD=0.59 (7s)
11:48:56   invivo_salt_stripped_broad_fp2048_svm: MCC=-0.0063 [-0.0153,0.0000] t=0.1 AD=0.59 (17s)
11:50:58   invivo_salt_stripped_broad_fp2048_logistic: MCC=0.1881 [0.0145,0.3606] t=0.76 AD=0.59 (122s)
11:51:06   invivo_salt_stripped_broad_fp2048_ann: MCC=0.0000 [0.0000,0.0000] t=0.16 AD=0.59 (8s)
11:51:14     SHAP failed: could not convert string to float: '[5E-1]'
11:51:14   invivo_salt_stripped_multi_fp_xgb: MCC=0.3298 [-0.0094,0.6054] t=0.84 AD=0.59 (8s)
11:51:24   invivo_salt_stripped_multi_fp_lgbm: MCC=0.2963 [-0.0139,0.5337] t=0.86 AD=0.59 (11s)
11:51:31     SHAP failed: Per-column arrays must each be 1-dimensional
11:51:31   invivo_salt_stripped_multi_fp_rf: MCC=0.1446 [-0.0155,0.4165] t=0.62 AD=0.59 (7s)
11:51:51   invivo_salt_stripped_multi_fp_svm: MCC=-0.0063 [-0.0153,0.0000] t=0.2 AD=0.59 (20s)
11:53:24   invivo_salt_stripped_multi_fp_logistic: MCC=0.0664 [-0.0457,0.2082] t=0.9 AD=0.59 (93s)
11:53:31   invivo_salt_stripped_multi_fp_ann: MCC=0.0000 [0.0000,0.0000] t=0.26 AD=0.59 (7s)
13:03:42   invivo_salt_stripped_graph_gnn: MCC=0.0000
13:03:42   [invitro_sampling] Pre-computing features...
13:03:43   [invitro_sampling] FG features: 618 columns (smi_col=_analysis_smiles)
13:03:43   [invitro_sampling] Physchem features: 13 columns
13:03:43   [invitro_sampling] Fingerprint: 512 bits (smi_col=_analysis_smiles)
13:03:44   [invitro_sampling] Fingerprint: 1024 bits (smi_col=_analysis_smiles)
13:03:45   [invitro_sampling] Fingerprint: 2048 bits (smi_col=_analysis_smiles)
13:03:46   [invitro_sampling] Fingerprint: 1024 bits (smi_col=_analysis_smiles)
13:03:46   [invitro_sampling] MACCS keys: 167 bits
13:03:46   [invitro_sampling] AtomPair FP: 512 bits
13:03:46   [invitro_sampling] TopTorsion FP: 512 bits
13:03:46   [invitro_sampling] Multi-FP union: 2215 total features
13:03:49   [invitro_sampling] Ames stacking feature added (mean=0.156)
13:04:07   invitro_sampling_raw_all_compact_xgb: MCC=0.6007 [0.3893,0.7769] t=0.3 AD=0.54 (18s)
13:04:12   invitro_sampling_raw_all_compact_lgbm: MCC=0.5632 [0.3693,0.7532] t=0.14 AD=0.54 (5s)
13:04:18   invitro_sampling_raw_all_compact_rf: MCC=0.5647 [0.3335,0.7478] t=0.6 AD=0.54 (6s)
13:04:21   invitro_sampling_raw_all_compact_svm: MCC=0.3225 [0.0740,0.5502] t=0.54 AD=0.54 (3s)
13:04:44   invitro_sampling_raw_all_compact_logistic: MCC=0.3485 [0.1246,0.5766] t=0.62 AD=0.54 (23s)
13:04:47   invitro_sampling_raw_all_compact_ann: MCC=0.3494 [0.1468,0.5573] t=0.6 AD=0.54 (3s)
13:04:50   invitro_sampling_raw_all_broad_fp512_xgb: MCC=0.5727 [0.3588,0.7495] t=0.16 AD=0.54 (3s)
13:04:56   invitro_sampling_raw_all_broad_fp512_lgbm: MCC=0.4995 [0.2775,0.6973] t=0.22 AD=0.54 (5s)
13:05:01   invitro_sampling_raw_all_broad_fp512_rf: MCC=0.5647 [0.3335,0.7478] t=0.46 AD=0.54 (5s)
13:05:04   invitro_sampling_raw_all_broad_fp512_svm: MCC=0.3133 [0.0903,0.5254] t=0.52 AD=0.54 (3s)
13:05:28   invitro_sampling_raw_all_broad_fp512_logistic: MCC=0.2083 [-0.0433,0.4521] t=0.14 AD=0.54 (24s)
13:05:31   invitro_sampling_raw_all_broad_fp512_ann: MCC=0.1608 [-0.0650,0.3940] t=0.36 AD=0.54 (3s)
13:05:34   invitro_sampling_raw_all_broad_fp1024_xgb: MCC=0.5979 [0.4133,0.7827] t=0.32 AD=0.54 (3s)
13:05:39   invitro_sampling_raw_all_broad_fp1024_lgbm: MCC=0.6577 [0.4647,0.8375] t=0.1 AD=0.54 (5s)
13:05:45   invitro_sampling_raw_all_broad_fp1024_rf: MCC=0.6591 [0.4672,0.8392] t=0.38 AD=0.54 (5s)
13:05:48   invitro_sampling_raw_all_broad_fp1024_svm: MCC=0.4448 [0.2142,0.6423] t=0.42 AD=0.54 (3s)
13:06:12   invitro_sampling_raw_all_broad_fp1024_logistic: MCC=0.5069 [0.2799,0.6958] t=0.1 AD=0.54 (24s)
13:06:15   invitro_sampling_raw_all_broad_fp1024_ann: MCC=0.1491 [-0.0614,0.3607] t=0.52 AD=0.54 (2s)
13:06:18   invitro_sampling_raw_all_broad_fp2048_xgb: MCC=0.5049 [0.2617,0.7063] t=0.16 AD=0.54 (4s)
13:06:24   invitro_sampling_raw_all_broad_fp2048_lgbm: MCC=0.6317 [0.4349,0.8065] t=0.2 AD=0.54 (5s)
13:06:29   invitro_sampling_raw_all_broad_fp2048_rf: MCC=0.5974 [0.3837,0.7734] t=0.42 AD=0.54 (5s)
13:06:32   invitro_sampling_raw_all_broad_fp2048_svm: MCC=0.4439 [0.2372,0.6505] t=0.48 AD=0.54 (3s)
13:06:58   invitro_sampling_raw_all_broad_fp2048_logistic: MCC=0.3287 [0.1204,0.5542] t=0.2 AD=0.54 (26s)
13:07:01   invitro_sampling_raw_all_broad_fp2048_ann: MCC=0.3282 [0.1048,0.5483] t=0.54 AD=0.54 (3s)
13:07:05   invitro_sampling_raw_all_multi_fp_xgb: MCC=0.4170 [0.2176,0.6198] t=0.16 AD=0.54 (3s)
13:07:10   invitro_sampling_raw_all_multi_fp_lgbm: MCC=0.5909 [0.3966,0.7708] t=0.12 AD=0.54 (6s)
13:07:16   invitro_sampling_raw_all_multi_fp_rf: MCC=0.6601 [0.4573,0.8299] t=0.34 AD=0.54 (5s)
13:07:19   invitro_sampling_raw_all_multi_fp_svm: MCC=0.5078 [0.3073,0.7054] t=0.46 AD=0.54 (4s)
13:07:45   invitro_sampling_raw_all_multi_fp_logistic: MCC=0.4585 [0.2457,0.6712] t=0.32 AD=0.54 (26s)
13:07:48   invitro_sampling_raw_all_multi_fp_ann: MCC=0.4476 [0.2107,0.6463] t=0.18 AD=0.54 (3s)
13:14:36   invitro_sampling_raw_all_graph_gnn: MCC=0.2078
13:14:36   [invitro_sampling] FG features: 618 columns (smi_col=_analysis_smiles)
13:14:36   [invitro_sampling] Physchem features: 13 columns
13:14:36   [invitro_sampling] Fingerprint: 512 bits (smi_col=_analysis_smiles)
13:14:37   [invitro_sampling] Fingerprint: 1024 bits (smi_col=_analysis_smiles)
13:14:38   [invitro_sampling] Fingerprint: 2048 bits (smi_col=_analysis_smiles)
13:14:38   [invitro_sampling] Fingerprint: 1024 bits (smi_col=_analysis_smiles)
13:14:38   [invitro_sampling] MACCS keys: 167 bits
13:14:39   [invitro_sampling] AtomPair FP: 512 bits
13:14:39   [invitro_sampling] TopTorsion FP: 512 bits
13:14:39   [invitro_sampling] Multi-FP union: 2215 total features
13:14:41   [invitro_sampling] Ames stacking feature added (mean=0.147)
13:14:59   invitro_sampling_no_metal_compact_xgb: MCC=0.6172 [0.3984,0.8285] t=0.18 AD=0.47 * (18s)
13:15:03   invitro_sampling_no_metal_compact_lgbm: MCC=0.4262 [0.1670,0.6724] t=0.1 AD=0.47 (5s)
13:15:09   invitro_sampling_no_metal_compact_rf: MCC=0.6604 [0.4645,0.8484] t=0.38 AD=0.47 (5s)
13:15:12   invitro_sampling_no_metal_compact_svm: MCC=0.3327 [0.0811,0.5597] t=0.38 AD=0.47 (3s)
13:15:33   invitro_sampling_no_metal_compact_logistic: MCC=0.3124 [0.0526,0.5559] t=0.1 AD=0.47 (21s)
13:15:36   invitro_sampling_no_metal_compact_ann: MCC=0.3290 [0.0956,0.5839] t=0.48 AD=0.47 (3s)
13:15:39   invitro_sampling_no_metal_broad_fp512_xgb: MCC=0.6609 [0.4523,0.8528] t=0.12 AD=0.47 (3s)
13:15:44   invitro_sampling_no_metal_broad_fp512_lgbm: MCC=0.6230 [0.4021,0.8076] t=0.22 AD=0.47 (5s)
13:15:49   invitro_sampling_no_metal_broad_fp512_rf: MCC=0.6990 [0.5063,0.8851] t=0.5 AD=0.47 (5s)
13:15:52   invitro_sampling_no_metal_broad_fp512_svm: MCC=0.4449 [0.2196,0.6607] t=0.46 AD=0.47 (3s)
13:16:13   invitro_sampling_no_metal_broad_fp512_logistic: MCC=0.3997 [0.1670,0.6423] t=0.74 AD=0.47 (21s)
13:16:15   invitro_sampling_no_metal_broad_fp512_ann: MCC=-0.0946 [-0.3443,0.1821] t=0.44 AD=0.47 (2s)
13:16:19   invitro_sampling_no_metal_broad_fp1024_xgb: MCC=0.6261 [0.4174,0.8162] t=0.38 AD=0.47 (3s)
13:16:24   invitro_sampling_no_metal_broad_fp1024_lgbm: MCC=0.6217 [0.4040,0.7963] t=0.14 AD=0.47 (5s)
13:16:29   invitro_sampling_no_metal_broad_fp1024_rf: MCC=0.6990 [0.5063,0.8851] t=0.42 AD=0.47 (5s)
13:16:32   invitro_sampling_no_metal_broad_fp1024_svm: MCC=0.3121 [0.0386,0.5510] t=0.38 AD=0.47 (3s)
13:16:54   invitro_sampling_no_metal_broad_fp1024_logistic: MCC=0.2856 [0.0149,0.5337] t=0.1 AD=0.47 (22s)
13:16:57   invitro_sampling_no_metal_broad_fp1024_ann: MCC=0.3148 [0.0432,0.5455] t=0.54 AD=0.47 (2s)
13:17:00   invitro_sampling_no_metal_broad_fp2048_xgb: MCC=0.6609 [0.4523,0.8528] t=0.46 AD=0.47 (3s)
13:17:05   invitro_sampling_no_metal_broad_fp2048_lgbm: MCC=0.5494 [0.3140,0.7423] t=0.16 AD=0.47 (5s)
13:17:10   invitro_sampling_no_metal_broad_fp2048_rf: MCC=0.6612 [0.4663,0.8490] t=0.46 AD=0.47 (5s)
13:17:13   invitro_sampling_no_metal_broad_fp2048_svm: MCC=0.3989 [0.1650,0.6167] t=0.58 AD=0.47 (3s)
13:17:36   invitro_sampling_no_metal_broad_fp2048_logistic: MCC=0.3997 [0.1636,0.6287] t=0.1 AD=0.47 (23s)
13:17:39   invitro_sampling_no_metal_broad_fp2048_ann: MCC=0.5867 [0.3810,0.7819] t=0.38 AD=0.47 (3s)
13:17:42   invitro_sampling_no_metal_multi_fp_xgb: MCC=0.4662 [0.2247,0.6986] t=0.16 AD=0.47 (3s)
13:17:47   invitro_sampling_no_metal_multi_fp_lgbm: MCC=0.3044 [0.0542,0.5515] t=0.18 AD=0.47 (5s)
13:17:53   invitro_sampling_no_metal_multi_fp_rf: MCC=0.5074 [0.2785,0.7130] t=0.32 AD=0.47 (5s)
13:17:56   invitro_sampling_no_metal_multi_fp_svm: MCC=0.4202 [0.1638,0.6417] t=0.54 AD=0.47 (3s)
13:18:23   invitro_sampling_no_metal_multi_fp_logistic: MCC=0.3077 [0.0545,0.5708] t=0.58 AD=0.47 (28s)
13:18:26   invitro_sampling_no_metal_multi_fp_ann: MCC=0.3093 [0.0690,0.5778] t=0.1 AD=0.47 (3s)
13:23:24   invitro_sampling_no_metal_graph_gnn: MCC=0.2258
13:23:24   salt_stripped: 309/345 SMILES changed
13:23:25   [invitro_sampling] FG features: 618 columns (smi_col=_analysis_smiles)
13:23:25   [invitro_sampling] Physchem features: 13 columns
13:23:25   [invitro_sampling] Fingerprint: 512 bits (smi_col=_analysis_smiles)
13:23:26   [invitro_sampling] Fingerprint: 1024 bits (smi_col=_analysis_smiles)
13:23:27   [invitro_sampling] Fingerprint: 2048 bits (smi_col=_analysis_smiles)
13:23:27   [invitro_sampling] Fingerprint: 1024 bits (smi_col=_analysis_smiles)
13:23:28   [invitro_sampling] MACCS keys: 167 bits
13:23:28   [invitro_sampling] AtomPair FP: 512 bits
13:23:28   [invitro_sampling] TopTorsion FP: 512 bits
13:23:28   [invitro_sampling] Multi-FP union: 2215 total features
13:23:30   [invitro_sampling] Ames stacking feature added (mean=0.124)
13:23:46   invitro_sampling_salt_stripped_compact_xgb: MCC=0.2409 [0.0044,0.4693] t=0.64 AD=0.55 (16s)
13:23:59   invitro_sampling_salt_stripped_compact_lgbm: MCC=0.4262 [0.2172,0.6368] t=0.18 AD=0.55 (13s)
13:24:04   invitro_sampling_salt_stripped_compact_rf: MCC=0.4947 [0.2771,0.6956] t=0.6 AD=0.55 (5s)
13:24:08   invitro_sampling_salt_stripped_compact_svm: MCC=0.3078 [0.0876,0.5389] t=0.62 AD=0.55 (3s)
13:24:30   invitro_sampling_salt_stripped_compact_logistic: MCC=0.2585 [0.0260,0.4950] t=0.26 AD=0.55 (22s)
13:24:32   invitro_sampling_salt_stripped_compact_ann: MCC=0.3078 [0.1008,0.5244] t=0.5 AD=0.55 (2s)
13:24:35   invitro_sampling_salt_stripped_broad_fp512_xgb: MCC=0.4113 [0.1774,0.6286] t=0.32 AD=0.55 (3s)
13:24:41   invitro_sampling_salt_stripped_broad_fp512_lgbm: MCC=0.3833 [0.1506,0.6176] t=0.34 AD=0.55 (5s)
13:24:46   invitro_sampling_salt_stripped_broad_fp512_rf: MCC=0.4052 [0.1779,0.6228] t=0.32 AD=0.55 (5s)
13:24:49   invitro_sampling_salt_stripped_broad_fp512_svm: MCC=0.3553 [0.1470,0.5807] t=0.46 AD=0.55 (3s)
13:25:12   invitro_sampling_salt_stripped_broad_fp512_logistic: MCC=0.3320 [0.1158,0.5487] t=0.1 AD=0.55 (23s)
13:25:14   invitro_sampling_salt_stripped_broad_fp512_ann: MCC=-0.0002 [-0.2230,0.2188] t=0.52 AD=0.55 (2s)
13:25:17   invitro_sampling_salt_stripped_broad_fp1024_xgb: MCC=0.3728 [0.1410,0.5789] t=0.18 AD=0.55 (3s)
13:25:22   invitro_sampling_salt_stripped_broad_fp1024_lgbm: MCC=0.3825 [0.1512,0.6204] t=0.24 AD=0.55 (5s)
13:25:27   invitro_sampling_salt_stripped_broad_fp1024_rf: MCC=0.4026 [0.1862,0.6185] t=0.36 AD=0.55 (5s)
13:25:30   invitro_sampling_salt_stripped_broad_fp1024_svm: MCC=0.2428 [0.0090,0.4566] t=0.46 AD=0.55 (3s)
13:25:55   invitro_sampling_salt_stripped_broad_fp1024_logistic: MCC=0.2226 [-0.0413,0.4677] t=0.1 AD=0.55 (25s)
13:25:58   invitro_sampling_salt_stripped_broad_fp1024_ann: MCC=0.1377 [-0.0949,0.3768] t=0.52 AD=0.55 (3s)
13:26:01   invitro_sampling_salt_stripped_broad_fp2048_xgb: MCC=0.4701 [0.2470,0.7139] t=0.26 AD=0.55 (3s)
13:26:07   invitro_sampling_salt_stripped_broad_fp2048_lgbm: MCC=0.3538 [0.1319,0.5608] t=0.16 AD=0.55 (6s)
13:26:12   invitro_sampling_salt_stripped_broad_fp2048_rf: MCC=0.4946 [0.2723,0.6968] t=0.34 AD=0.55 (5s)
13:26:15   invitro_sampling_salt_stripped_broad_fp2048_svm: MCC=0.1001 [-0.1274,0.3292] t=0.38 AD=0.55 (4s)
13:26:42   invitro_sampling_salt_stripped_broad_fp2048_logistic: MCC=0.1955 [-0.0279,0.4118] t=0.18 AD=0.55 (27s)
13:26:45   invitro_sampling_salt_stripped_broad_fp2048_ann: MCC=0.3936 [0.1661,0.5976] t=0.48 AD=0.55 (3s)
13:26:49   invitro_sampling_salt_stripped_multi_fp_xgb: MCC=0.3645 [0.1273,0.5717] t=0.1 AD=0.55 (4s)
13:26:54   invitro_sampling_salt_stripped_multi_fp_lgbm: MCC=0.4182 [0.2298,0.6228] t=0.12 AD=0.55 (6s)
13:26:59   invitro_sampling_salt_stripped_multi_fp_rf: MCC=0.4380 [0.2116,0.6515] t=0.32 AD=0.55 (5s)
13:27:03   invitro_sampling_salt_stripped_multi_fp_svm: MCC=0.3993 [0.1824,0.5902] t=0.32 AD=0.55 (3s)
13:27:29   invitro_sampling_salt_stripped_multi_fp_logistic: MCC=0.3930 [0.1728,0.6153] t=0.46 AD=0.55 (27s)
13:27:32   invitro_sampling_salt_stripped_multi_fp_ann: MCC=0.4175 [0.1867,0.6450] t=0.2 AD=0.55 (3s)
13:34:54   invitro_sampling_salt_stripped_graph_gnn: MCC=0.2351
13:34:54   [invivo_sampling] Pre-computing features...
13:34:54   [invivo_sampling] FG features: 618 columns (smi_col=_analysis_smiles)
13:34:54   [invivo_sampling] Physchem features: 13 columns
13:34:54   [invivo_sampling] Fingerprint: 512 bits (smi_col=_analysis_smiles)
13:34:55   [invivo_sampling] Fingerprint: 1024 bits (smi_col=_analysis_smiles)
13:34:55   [invivo_sampling] Fingerprint: 2048 bits (smi_col=_analysis_smiles)
13:34:56   [invivo_sampling] Fingerprint: 1024 bits (smi_col=_analysis_smiles)
13:34:56   [invivo_sampling] MACCS keys: 167 bits
13:34:57   [invivo_sampling] AtomPair FP: 512 bits
13:34:57   [invivo_sampling] TopTorsion FP: 512 bits
13:34:57   [invivo_sampling] Multi-FP union: 2215 total features
13:34:58   [invivo_sampling] Ames stacking feature added (mean=0.208)
13:35:16   invivo_sampling_raw_all_compact_xgb: MCC=0.5957 [0.3012,0.8428] t=0.1 AD=0.38 * (18s)
13:35:21   invivo_sampling_raw_all_compact_lgbm: MCC=0.5950 [0.3318,0.8300] t=0.44 AD=0.38 (4s)
13:35:26   invivo_sampling_raw_all_compact_rf: MCC=0.5764 [0.2391,0.8446] t=0.34 AD=0.38 (5s)
13:35:28   invivo_sampling_raw_all_compact_svm: MCC=0.3461 [-0.0241,0.6478] t=0.28 AD=0.38 (3s)
13:35:51   invivo_sampling_raw_all_compact_logistic: MCC=0.3441 [0.0093,0.6402] t=0.58 AD=0.38 (23s)
13:35:53   invivo_sampling_raw_all_compact_ann: MCC=0.5212 [0.1779,0.8008] t=0.58 AD=0.38 (2s)
13:35:56   invivo_sampling_raw_all_broad_fp512_xgb: MCC=0.7750 [0.5521,0.9469] t=0.16 AD=0.38 (3s)
13:36:00   invivo_sampling_raw_all_broad_fp512_lgbm: MCC=0.5285 [0.2012,0.7899] t=0.46 AD=0.38 (5s)
13:36:05   invivo_sampling_raw_all_broad_fp512_rf: MCC=0.6460 [0.3595,0.8938] t=0.44 AD=0.38 (5s)
13:36:08   invivo_sampling_raw_all_broad_fp512_svm: MCC=0.3150 [-0.0721,0.6343] t=0.3 AD=0.38 (3s)
13:36:30   invivo_sampling_raw_all_broad_fp512_logistic: MCC=0.3387 [0.0194,0.6494] t=0.12 AD=0.38 (22s)
13:36:32   invivo_sampling_raw_all_broad_fp512_ann: MCC=0.3908 [0.0110,0.6936] t=0.22 AD=0.38 (2s)
13:36:35   invivo_sampling_raw_all_broad_fp1024_xgb: MCC=0.8215 [0.6056,1.0000] t=0.3 AD=0.38 (3s)
13:36:40   invivo_sampling_raw_all_broad_fp1024_lgbm: MCC=0.6612 [0.3828,0.8881] t=0.4 AD=0.38 (4s)
13:36:44   invivo_sampling_raw_all_broad_fp1024_rf: MCC=0.6399 [0.3284,0.8809] t=0.4 AD=0.38 (5s)
13:36:47   invivo_sampling_raw_all_broad_fp1024_svm: MCC=0.4322 [0.0192,0.7081] t=0.3 AD=0.38 (3s)
13:37:10   invivo_sampling_raw_all_broad_fp1024_logistic: MCC=0.2254 [-0.1085,0.5106] t=0.1 AD=0.38 (22s)
13:37:12   invivo_sampling_raw_all_broad_fp1024_ann: MCC=0.4616 [0.1167,0.7484] t=0.44 AD=0.38 (2s)
13:37:15   invivo_sampling_raw_all_broad_fp2048_xgb: MCC=0.7142 [0.4503,0.9440] t=0.24 AD=0.38 (3s)
13:37:19   invivo_sampling_raw_all_broad_fp2048_lgbm: MCC=0.7036 [0.4288,0.9091] t=0.16 AD=0.38 (4s)
13:37:24   invivo_sampling_raw_all_broad_fp2048_rf: MCC=0.6399 [0.3284,0.8809] t=0.48 AD=0.38 (5s)
13:37:27   invivo_sampling_raw_all_broad_fp2048_svm: MCC=0.1743 [-0.1443,0.5181] t=0.3 AD=0.38 (3s)
13:37:50   invivo_sampling_raw_all_broad_fp2048_logistic: MCC=0.1934 [-0.1166,0.5108] t=0.12 AD=0.38 (24s)
13:37:53   invivo_sampling_raw_all_broad_fp2048_ann: MCC=0.5109 [0.2064,0.7762] t=0.26 AD=0.38 (2s)
13:37:56   invivo_sampling_raw_all_multi_fp_xgb: MCC=0.7154 [0.4932,0.9273] t=0.18 AD=0.38 (3s)
13:38:00   invivo_sampling_raw_all_multi_fp_lgbm: MCC=0.6499 [0.4055,0.8804] t=0.18 AD=0.38 (5s)
13:38:05   invivo_sampling_raw_all_multi_fp_rf: MCC=0.5811 [0.3255,0.8193] t=0.38 AD=0.38 (5s)
13:38:08   invivo_sampling_raw_all_multi_fp_svm: MCC=0.3574 [-0.0723,0.6561] t=0.28 AD=0.38 (3s)
13:38:35   invivo_sampling_raw_all_multi_fp_logistic: MCC=0.2964 [-0.0689,0.6083] t=0.4 AD=0.38 (26s)
13:38:37   invivo_sampling_raw_all_multi_fp_ann: MCC=0.4100 [0.1087,0.6758] t=0.32 AD=0.38 (2s)
13:45:13   invivo_sampling_raw_all_graph_gnn: MCC=0.4230
13:45:13   [invivo_sampling] FG features: 618 columns (smi_col=_analysis_smiles)
13:45:13   [invivo_sampling] Physchem features: 13 columns
13:45:13   [invivo_sampling] Fingerprint: 512 bits (smi_col=_analysis_smiles)
13:45:14   [invivo_sampling] Fingerprint: 1024 bits (smi_col=_analysis_smiles)
13:45:15   [invivo_sampling] Fingerprint: 2048 bits (smi_col=_analysis_smiles)
13:45:15   [invivo_sampling] Fingerprint: 1024 bits (smi_col=_analysis_smiles)
13:45:15   [invivo_sampling] MACCS keys: 167 bits
13:45:15   [invivo_sampling] AtomPair FP: 512 bits
13:45:15   [invivo_sampling] TopTorsion FP: 512 bits
13:45:15   [invivo_sampling] Multi-FP union: 2215 total features
13:45:17   [invivo_sampling] Ames stacking feature added (mean=0.222)
13:45:35   invivo_sampling_no_metal_compact_xgb: MCC=0.4550 [0.1019,0.7715] t=0.56 AD=0.26 (18s)
13:45:39   invivo_sampling_no_metal_compact_lgbm: MCC=0.6940 [0.3963,0.9271] t=0.38 AD=0.26 (4s)
13:45:43   invivo_sampling_no_metal_compact_rf: MCC=0.5418 [0.1413,0.8486] t=0.4 AD=0.26 (5s)
13:45:46   invivo_sampling_no_metal_compact_svm: MCC=0.3109 [-0.1071,0.6539] t=0.36 AD=0.26 (3s)
13:46:06   invivo_sampling_no_metal_compact_logistic: MCC=0.2000 [-0.1680,0.5550] t=0.46 AD=0.26 (20s)
13:46:08   invivo_sampling_no_metal_compact_ann: MCC=0.2000 [-0.1680,0.5550] t=0.58 AD=0.26 (2s)
13:46:11   invivo_sampling_no_metal_broad_fp512_xgb: MCC=0.6159 [0.3419,0.8593] t=0.5 AD=0.26 (2s)
13:46:15   invivo_sampling_no_metal_broad_fp512_lgbm: MCC=0.6197 [0.2836,0.9179] t=0.32 AD=0.26 (4s)
13:46:20   invivo_sampling_no_metal_broad_fp512_rf: MCC=0.4448 [0.0094,0.7665] t=0.4 AD=0.26 (5s)
13:46:23   invivo_sampling_no_metal_broad_fp512_svm: MCC=0.0968 [-0.2357,0.4682] t=0.42 AD=0.26 (3s)
13:46:42   invivo_sampling_no_metal_broad_fp512_logistic: MCC=0.1410 [-0.2354,0.5126] t=0.62 AD=0.26 (19s)
13:46:44   invivo_sampling_no_metal_broad_fp512_ann: MCC=0.2050 [-0.1941,0.5842] t=0.3 AD=0.26 (2s)
13:46:47   invivo_sampling_no_metal_broad_fp1024_xgb: MCC=0.6951 [0.4498,0.9091] t=0.12 AD=0.26 (3s)
13:46:51   invivo_sampling_no_metal_broad_fp1024_lgbm: MCC=0.6227 [0.2966,0.8710] t=0.24 AD=0.26 (4s)
13:46:56   invivo_sampling_no_metal_broad_fp1024_rf: MCC=0.6231 [0.2922,0.9034] t=0.4 AD=0.26 (5s)
13:46:59   invivo_sampling_no_metal_broad_fp1024_svm: MCC=0.2473 [-0.1419,0.5776] t=0.38 AD=0.26 (3s)
13:47:21   invivo_sampling_no_metal_broad_fp1024_logistic: MCC=0.2400 [-0.1424,0.5731] t=0.6 AD=0.26 (22s)
13:47:23   invivo_sampling_no_metal_broad_fp1024_ann: MCC=0.4807 [0.1220,0.7954] t=0.24 AD=0.26 (2s)
13:47:26   invivo_sampling_no_metal_broad_fp2048_xgb: MCC=0.7025 [0.4819,0.9245] t=0.32 AD=0.26 (3s)
13:47:30   invivo_sampling_no_metal_broad_fp2048_lgbm: MCC=0.7076 [0.4726,0.9295] t=0.26 AD=0.26 (4s)
13:47:35   invivo_sampling_no_metal_broad_fp2048_rf: MCC=0.6335 [0.2998,0.9245] t=0.38 AD=0.26 (5s)
13:47:38   invivo_sampling_no_metal_broad_fp2048_svm: MCC=0.1019 [-0.1867,0.4676] t=0.24 AD=0.26 (3s)
13:47:58   invivo_sampling_no_metal_broad_fp2048_logistic: MCC=0.4012 [0.0497,0.7464] t=0.54 AD=0.26 (21s)
13:48:01   invivo_sampling_no_metal_broad_fp2048_ann: MCC=0.2683 [-0.1552,0.6350] t=0.34 AD=0.26 (2s)
13:48:03   invivo_sampling_no_metal_multi_fp_xgb: MCC=0.5504 [0.2280,0.8345] t=0.2 AD=0.26 (3s)
13:48:08   invivo_sampling_no_metal_multi_fp_lgbm: MCC=0.4675 [0.1442,0.7832] t=0.12 AD=0.26 (4s)
13:48:12   invivo_sampling_no_metal_multi_fp_rf: MCC=0.6340 [0.3385,0.9034] t=0.42 AD=0.26 (5s)
13:48:15   invivo_sampling_no_metal_multi_fp_svm: MCC=0.4703 [0.0000,0.7427] t=0.2 AD=0.26 (3s)
13:48:36   invivo_sampling_no_metal_multi_fp_logistic: MCC=0.4654 [0.1026,0.7832] t=0.12 AD=0.26 (21s)
13:48:38   invivo_sampling_no_metal_multi_fp_ann: MCC=0.3638 [-0.0239,0.7124] t=0.48 AD=0.26 (2s)
13:52:46   invivo_sampling_no_metal_graph_gnn: MCC=0.2354
13:52:46   salt_stripped: 208/231 SMILES changed
13:52:46   [invivo_sampling] FG features: 618 columns (smi_col=_analysis_smiles)
13:52:46   [invivo_sampling] Physchem features: 13 columns
13:52:46   [invivo_sampling] Fingerprint: 512 bits (smi_col=_analysis_smiles)
13:52:47   [invivo_sampling] Fingerprint: 1024 bits (smi_col=_analysis_smiles)
13:52:47   [invivo_sampling] Fingerprint: 2048 bits (smi_col=_analysis_smiles)
13:52:48   [invivo_sampling] Fingerprint: 1024 bits (smi_col=_analysis_smiles)
13:52:48   [invivo_sampling] MACCS keys: 167 bits
13:52:48   [invivo_sampling] AtomPair FP: 512 bits
13:52:48   [invivo_sampling] TopTorsion FP: 512 bits
13:52:48   [invivo_sampling] Multi-FP union: 2215 total features
13:52:50   [invivo_sampling] Ames stacking feature added (mean=0.172)
13:52:53   invivo_sampling_salt_stripped_compact_xgb: MCC=0.4538 [0.1143,0.7431] t=0.5 AD=0.40 (3s)
13:52:57   invivo_sampling_salt_stripped_compact_lgbm: MCC=0.3340 [-0.0042,0.6653] t=0.5 AD=0.40 (4s)
13:53:02   invivo_sampling_salt_stripped_compact_rf: MCC=0.6424 [0.3563,0.8879] t=0.34 AD=0.40 (5s)
13:53:05   invivo_sampling_salt_stripped_compact_svm: MCC=0.2753 [-0.0951,0.5826] t=0.28 AD=0.40 (3s)
13:53:27   invivo_sampling_salt_stripped_compact_logistic: MCC=0.2682 [-0.0784,0.5761] t=0.58 AD=0.40 (22s)
13:53:29   invivo_sampling_salt_stripped_compact_ann: MCC=0.5763 [0.2391,0.8281] t=0.58 AD=0.40 (2s)
13:53:32   invivo_sampling_salt_stripped_broad_fp512_xgb: MCC=0.4538 [0.1143,0.7431] t=0.42 AD=0.40 (3s)
13:53:36   invivo_sampling_salt_stripped_broad_fp512_lgbm: MCC=0.4140 [0.0738,0.7329] t=0.38 AD=0.40 (4s)
13:53:41   invivo_sampling_salt_stripped_broad_fp512_rf: MCC=0.4270 [0.0476,0.7144] t=0.54 AD=0.40 (5s)
13:53:44   invivo_sampling_salt_stripped_broad_fp512_svm: MCC=0.3338 [0.0000,0.5893] t=0.24 AD=0.40 (3s)
13:54:05   invivo_sampling_salt_stripped_broad_fp512_logistic: MCC=0.1816 [-0.1540,0.4917] t=0.34 AD=0.40 (22s)
13:54:08   invivo_sampling_salt_stripped_broad_fp512_ann: MCC=0.2769 [-0.1113,0.5826] t=0.3 AD=0.40 (2s)
13:54:10   invivo_sampling_salt_stripped_broad_fp1024_xgb: MCC=0.5146 [0.1947,0.7814] t=0.48 AD=0.40 (3s)
13:54:15   invivo_sampling_salt_stripped_broad_fp1024_lgbm: MCC=0.5212 [0.1811,0.7898] t=0.4 AD=0.40 (4s)
13:54:20   invivo_sampling_salt_stripped_broad_fp1024_rf: MCC=0.5127 [0.1827,0.7866] t=0.52 AD=0.40 (5s)
13:54:23   invivo_sampling_salt_stripped_broad_fp1024_svm: MCC=0.0405 [-0.2248,0.3874] t=0.3 AD=0.40 (3s)
13:54:46   invivo_sampling_salt_stripped_broad_fp1024_logistic: MCC=0.0351 [-0.2362,0.3414] t=0.52 AD=0.40 (23s)
13:54:48   invivo_sampling_salt_stripped_broad_fp1024_ann: MCC=0.3028 [-0.0476,0.6113] t=0.4 AD=0.40 (2s)
13:54:51   invivo_sampling_salt_stripped_broad_fp2048_xgb: MCC=0.5777 [0.2922,0.8345] t=0.36 AD=0.40 (3s)
13:54:55   invivo_sampling_salt_stripped_broad_fp2048_lgbm: MCC=0.4651 [0.1427,0.7658] t=0.22 AD=0.40 (4s)
13:55:00   invivo_sampling_salt_stripped_broad_fp2048_rf: MCC=0.5003 [0.1385,0.7814] t=0.38 AD=0.40 (5s)
13:55:03   invivo_sampling_salt_stripped_broad_fp2048_svm: MCC=0.3338 [0.0000,0.5893] t=0.26 AD=0.40 (3s)
13:55:27   invivo_sampling_salt_stripped_broad_fp2048_logistic: MCC=0.1432 [-0.1502,0.4334] t=0.34 AD=0.40 (23s)
13:55:29   invivo_sampling_salt_stripped_broad_fp2048_ann: MCC=0.2971 [-0.0654,0.6215] t=0.48 AD=0.40 (2s)
13:55:32   invivo_sampling_salt_stripped_multi_fp_xgb: MCC=0.6513 [0.3566,0.8910] t=0.12 AD=0.40 (3s)
13:55:37   invivo_sampling_salt_stripped_multi_fp_lgbm: MCC=0.3225 [-0.0447,0.6402] t=0.38 AD=0.40 (5s)
13:55:42   invivo_sampling_salt_stripped_multi_fp_rf: MCC=0.5003 [0.1385,0.7814] t=0.4 AD=0.40 (5s)
13:55:45   invivo_sampling_salt_stripped_multi_fp_svm: MCC=0.2411 [-0.1175,0.5429] t=0.3 AD=0.40 (3s)
13:56:09   invivo_sampling_salt_stripped_multi_fp_logistic: MCC=0.3377 [-0.0748,0.6734] t=0.42 AD=0.40 (24s)
13:56:11   invivo_sampling_salt_stripped_multi_fp_ann: MCC=0.5016 [0.1630,0.7869] t=0.28 AD=0.40 (2s)
14:02:10   invivo_sampling_salt_stripped_graph_gnn: MCC=0.2711
14:02:10 STEP 5b: Statistical Comparisons
14:02:10   [ames] 21 pairwise comparisons saved
14:02:10   [invitro] 21 pairwise comparisons saved
14:02:10   [invivo] 21 pairwise comparisons saved
14:02:10   [invitro_sampling] 21 pairwise comparisons saved
14:02:10   [invivo_sampling] 21 pairwise comparisons saved
14:02:10   [ames] McNemar ames_salt_stripped_broad_fp1024_lgbm vs ames_raw_all_broad_fp2048_lgbm: p=0.3764
14:02:10   [invitro_sampling] McNemar invitro_sampling_no_metal_broad_fp512_rf vs invitro_sampling_no_metal_broad_fp1024_rf: p=1.0000
14:02:10   [invivo_sampling] McNemar invivo_sampling_raw_all_broad_fp1024_xgb vs invivo_sampling_raw_all_broad_fp512_xgb: p=1.0000
14:02:10 STEP 5c: Learning Curves
14:02:17   [ames] FG features: 618 columns (smi_col=_analysis_smiles)
14:02:23   [ames] Physchem features: 13 columns
14:02:32   [ames] Learning curve: 6 points
14:02:32   [invitro] FG features: 618 columns (smi_col=_analysis_smiles)
14:02:33   [invitro] Physchem features: 13 columns
14:02:37   [invitro] Learning curve: 6 points
14:02:38   [invivo] FG features: 618 columns (smi_col=_analysis_smiles)
14:02:38   [invivo] Physchem features: 13 columns
14:02:42   [invivo] Learning curve: 6 points
14:02:43   [invitro_sampling] FG features: 618 columns (smi_col=_analysis_smiles)
14:02:43   [invitro_sampling] Physchem features: 13 columns
14:02:45   [invitro_sampling] Learning curve: 6 points
14:02:45   [invivo_sampling] FG features: 618 columns (smi_col=_analysis_smiles)
14:02:45   [invivo_sampling] Physchem features: 13 columns
14:02:47   [invivo_sampling] Learning curve: 6 points
14:02:47 STEP 5d: Consensus Ensemble
14:02:52   [ames] Ensemble (5 models): SoftVote MCC=0.6018, RankAvg MCC=0.4733
