09:01:01 Pipeline v12 -- Bug-Fixed Single Run
  C:\Users\Administrator\Documents\GitHub\Genotox_model\genotox_pipeline_v3\runs\20260507_090101_v12
09:01:01 STEP 1: Load + Clean
09:01:01   [ames] n=14771 pos=0.2843
09:01:01   [invitro] n=1656 pos=0.1051
09:01:01   [invivo] n=2199 pos=0.0350
09:01:01   [invitro_sampling] n=348 pos=0.5000
09:01:01   [invivo_sampling] n=231 pos=0.3333
09:01:04   ⚠ Domain predictor acc: 0.7611
09:01:10   [ames] 14771 → 13560 (conflicts=169)
09:01:11   [invitro] 1656 → 1619 (conflicts=3)
09:01:12   [invivo] 2199 → 2153 (conflicts=2)
09:01:12   [invitro_sampling] 348 → 345 (conflicts=0)
09:01:12   [invivo_sampling] 231 → 231 (conflicts=0)
09:01:12 STEP 2: Preprocessing Flags
09:01:14     Classified 2000/13560 compounds...
09:01:15     Classified 4000/13560 compounds...
09:01:17     Classified 6000/13560 compounds...
09:01:19     Classified 8000/13560 compounds...
09:01:20     Classified 10000/13560 compounds...
09:01:22     Classified 12000/13560 compounds...
09:01:26     Classified 2000/2153 compounds...
09:01:27 STEP 3: Fixed Split
09:01:33   [ames] train=10848 test=2712 pos_diff=0.0136
09:01:33   [invitro] train=1295 test=324 pos_diff=0.0246
09:01:34   [invivo] train=1722 test=431 pos_diff=0.0087
09:01:34   [invitro_sampling] train=276 test=69 pos_diff=0.1304
09:01:34   [invivo_sampling] train=184 test=47 pos_diff=0.0979
09:01:34 STEP 4: Scenario Selection (Train CV)
09:01:39   [ames] FG features: 618 columns (smi_col=_analysis_smiles)
09:01:43   [ames] Physchem features: 13 columns
09:01:52   [ames/raw_all] CV_MCC=0.6410±0.0512
09:01:56   [ames] FG features: 618 columns (smi_col=_analysis_smiles)
09:02:00   [ames] Physchem features: 13 columns
09:02:08   [ames/no_metal] CV_MCC=0.6288±0.0616
09:02:08   salt_stripped: 6062/13560 SMILES changed
09:02:13   [ames] FG features: 618 columns (smi_col=_analysis_smiles)
09:02:17   [ames] Physchem features: 13 columns
09:02:26   [ames/salt_stripped] CV_MCC=0.6410±0.0526
09:02:26   [ames] * Best: raw_all (CV=0.6410)
09:02:26   [invitro] FG features: 618 columns (smi_col=_analysis_smiles)
09:02:27   [invitro] Physchem features: 13 columns
09:02:31   [invitro/raw_all] CV_MCC=0.1667±0.1034
09:02:32   [invitro] FG features: 618 columns (smi_col=_analysis_smiles)
09:02:32   [invitro] Physchem features: 13 columns
09:02:36   [invitro/no_metal] CV_MCC=0.2032±0.1252
09:02:36   salt_stripped: 1317/1619 SMILES changed
09:02:37   [invitro] FG features: 618 columns (smi_col=_analysis_smiles)
09:02:37   [invitro] Physchem features: 13 columns
09:02:42   [invitro/salt_stripped] CV_MCC=0.0913±0.0894
09:02:42   [invitro] * Best: no_metal (CV=0.2032)
09:02:43   [invivo] FG features: 618 columns (smi_col=_analysis_smiles)
09:02:43   [invivo] Physchem features: 13 columns
09:02:48   [invivo/raw_all] CV_MCC=0.0794±0.1164
09:02:49   [invivo] FG features: 618 columns (smi_col=_analysis_smiles)
09:02:49   [invivo] Physchem features: 13 columns
09:02:54   [invivo/no_metal] CV_MCC=0.0921±0.1570
09:02:54   salt_stripped: 1785/2153 SMILES changed
09:02:55   [invivo] FG features: 618 columns (smi_col=_analysis_smiles)
09:02:55   [invivo] Physchem features: 13 columns
09:03:00   [invivo/salt_stripped] CV_MCC=0.0884±0.1147
09:03:00   [invivo] * Best: no_metal (CV=0.0921)
09:03:00   [invitro_sampling] FG features: 618 columns (smi_col=_analysis_smiles)
09:03:00   [invitro_sampling] Physchem features: 13 columns
09:03:03   [invitro_sampling/raw_all] CV_MCC=0.2991±0.1333
09:03:03   [invitro_sampling] FG features: 618 columns (smi_col=_analysis_smiles)
09:03:03   [invitro_sampling] Physchem features: 13 columns
09:03:05   [invitro_sampling/no_metal] CV_MCC=0.4223±0.1155
09:03:05   salt_stripped: 309/345 SMILES changed
09:03:05   [invitro_sampling] FG features: 618 columns (smi_col=_analysis_smiles)
09:03:06   [invitro_sampling] Physchem features: 13 columns
09:03:08   [invitro_sampling/salt_stripped] CV_MCC=0.2351±0.1524
09:03:08   [invitro_sampling] * Best: no_metal (CV=0.4223)
09:03:08   [invivo_sampling] FG features: 618 columns (smi_col=_analysis_smiles)
09:03:08   [invivo_sampling] Physchem features: 13 columns
09:03:10   [invivo_sampling/raw_all] CV_MCC=0.4017±0.1884
09:03:10   [invivo_sampling] FG features: 618 columns (smi_col=_analysis_smiles)
09:03:10   [invivo_sampling] Physchem features: 13 columns
09:03:12   [invivo_sampling/no_metal] CV_MCC=0.2577±0.1887
