10:02:53 Pipeline v12 — Bug-Fixed Single Run
  C:\Users\Administrator\Documents\GitHub\Genotox_model\genotox_pipeline_v2\runs\20260327_100253_v12
10:02:53 STEP 1: Load + Clean
10:02:53   [ames] n=14771 pos=0.2843
10:02:53   [invitro] n=1656 pos=0.1051
10:02:53   [invivo] n=2199 pos=0.0350
10:02:53   [invitro_sampling] n=348 pos=0.5000
10:02:53   [invivo_sampling] n=231 pos=0.3333
10:02:56   ⚠ Domain predictor acc: 0.7611
10:03:02   [ames] 14771 → 13560 (conflicts=169)
10:03:02   [invitro] 1656 → 1619 (conflicts=3)
10:03:03   [invivo] 2199 → 2153 (conflicts=2)
10:03:03   [invitro_sampling] 348 → 345 (conflicts=0)
10:03:04   [invivo_sampling] 231 → 231 (conflicts=0)
10:03:04 STEP 2: Preprocessing Flags
10:03:05     Classified 2000/13560 compounds...
10:03:07     Classified 4000/13560 compounds...
10:03:08     Classified 6000/13560 compounds...
10:03:10     Classified 8000/13560 compounds...
10:03:11     Classified 10000/13560 compounds...
10:03:13     Classified 12000/13560 compounds...
10:03:17     Classified 2000/2153 compounds...
10:03:18 STEP 3: Fixed Split
10:03:24   [ames] train=10848 test=2712 pos_diff=0.0136
10:03:25   [invitro] train=1295 test=324 pos_diff=0.0246
10:03:25   [invivo] train=1722 test=431 pos_diff=0.0087
10:03:25   [invitro_sampling] train=276 test=69 pos_diff=0.1304
10:03:26   [invivo_sampling] train=184 test=47 pos_diff=0.0979
10:03:26 STEP 4: Scenario Selection (Train CV)
10:03:39   [ames] FG features: 618 columns (smi_col=_analysis_smiles)
10:03:42   [ames] Physchem features: 13 columns
10:03:46   [ames/raw_all] CV_MCC=0.6387±0.0476
10:03:58   [ames] FG features: 618 columns (smi_col=_analysis_smiles)
10:04:01   [ames] Physchem features: 13 columns
10:04:05   [ames/no_metal] CV_MCC=0.6204±0.0630
10:04:05   salt_stripped: 6062/13560 SMILES changed
10:04:18   [ames] FG features: 618 columns (smi_col=_analysis_smiles)
10:04:22   [ames] Physchem features: 13 columns
10:04:25   [ames/salt_stripped] CV_MCC=0.6376±0.0534
10:04:25   [ames] ★ Best: raw_all (CV=0.6387)
10:04:27   [invitro] FG features: 618 columns (smi_col=_analysis_smiles)
10:04:27   [invitro] Physchem features: 13 columns
10:04:30   [invitro/raw_all] CV_MCC=0.1389±0.0992
10:04:31   [invitro] FG features: 618 columns (smi_col=_analysis_smiles)
10:04:31   [invitro] Physchem features: 13 columns
10:04:33   [invitro/no_metal] CV_MCC=0.2058±0.1270
10:04:33   salt_stripped: 1317/1619 SMILES changed
10:04:35   [invitro] FG features: 618 columns (smi_col=_analysis_smiles)
10:04:35   [invitro] Physchem features: 13 columns
10:04:38   [invitro/salt_stripped] CV_MCC=0.0942±0.0971
10:04:38   [invitro] ★ Best: no_metal (CV=0.2058)
10:04:39   [invivo] FG features: 618 columns (smi_col=_analysis_smiles)
10:04:40   [invivo] Physchem features: 13 columns
10:04:42   [invivo/raw_all] CV_MCC=0.0677±0.1013
10:04:44   [invivo] FG features: 618 columns (smi_col=_analysis_smiles)
10:04:44   [invivo] Physchem features: 13 columns
10:04:46   [invivo/no_metal] CV_MCC=0.0588±0.1214
10:04:46   salt_stripped: 1785/2153 SMILES changed
10:04:48   [invivo] FG features: 618 columns (smi_col=_analysis_smiles)
10:04:49   [invivo] Physchem features: 13 columns
10:04:51   [invivo/salt_stripped] CV_MCC=0.0984±0.1418
10:04:51   [invivo] ★ Best: salt_stripped (CV=0.0984)
10:04:51   [invitro_sampling] FG features: 618 columns (smi_col=_analysis_smiles)
10:04:52   [invitro_sampling] Physchem features: 13 columns
10:04:53   [invitro_sampling/raw_all] CV_MCC=0.3020±0.1330
10:04:53   [invitro_sampling] FG features: 618 columns (smi_col=_analysis_smiles)
10:04:54   [invitro_sampling] Physchem features: 13 columns
10:04:55   [invitro_sampling/no_metal] CV_MCC=0.4203±0.1203
10:04:55   salt_stripped: 309/345 SMILES changed
10:04:55   [invitro_sampling] FG features: 618 columns (smi_col=_analysis_smiles)
10:04:55   [invitro_sampling] Physchem features: 13 columns
10:04:57   [invitro_sampling/salt_stripped] CV_MCC=0.2370±0.1290
10:04:57   [invitro_sampling] ★ Best: no_metal (CV=0.4203)
10:04:57   [invivo_sampling] FG features: 618 columns (smi_col=_analysis_smiles)
10:04:57   [invivo_sampling] Physchem features: 13 columns
10:04:58   [invivo_sampling/raw_all] CV_MCC=0.4019±0.1729
10:04:59   [invivo_sampling] FG features: 618 columns (smi_col=_analysis_smiles)
10:04:59   [invivo_sampling] Physchem features: 13 columns
10:05:00   [invivo_sampling/no_metal] CV_MCC=0.2594±0.1921
10:05:00   salt_stripped: 208/231 SMILES changed
10:05:00   [invivo_sampling] FG features: 618 columns (smi_col=_analysis_smiles)
10:05:00   [invivo_sampling] Physchem features: 13 columns
10:05:01   [invivo_sampling/salt_stripped] CV_MCC=0.3415±0.1776
10:05:01   [invivo_sampling] ★ Best: raw_all (CV=0.4019)
10:05:01 STEP 5: Locked Test (all combos)
10:05:01   [ames] Pre-computing features...
10:05:19   [ames] FG features: 618 columns (smi_col=_analysis_smiles)
10:05:24   [ames] Physchem features: 13 columns
10:05:26   [ames] Fingerprint: 512 bits (smi_col=_analysis_smiles)
10:05:38   [ames] Fingerprint: 1024 bits (smi_col=_analysis_smiles)
10:05:51   [ames] Fingerprint: 2048 bits (smi_col=_analysis_smiles)
10:06:19     SHAP failed: could not convert string to float: '[5E-1]'
10:06:19   ames_raw_all_compact_xgb: MCC=0.4699 [0.4342,0.5021] t=0.62 AD=0.57 ★
10:06:33   ames_raw_all_compact_lgbm: MCC=0.4791 [0.4431,0.5111] t=0.56 AD=0.57
10:06:40   ames_raw_all_compact_rf: MCC=0.4920 [0.4522,0.5268] t=0.54 AD=0.57
10:09:22   ames_raw_all_compact_svm: MCC=0.4702 [0.4287,0.5058] t=0.34 AD=0.57
10:09:47   ames_raw_all_compact_logistic: MCC=0.4295 [0.3941,0.4599] t=0.6 AD=0.57
10:10:04   ames_raw_all_compact_ann: MCC=0.4885 [0.4485,0.5246] t=0.4 AD=0.57
10:10:13   ames_raw_all_broad_fp512_xgb: MCC=0.5641 [0.5302,0.5974] t=0.46 AD=0.57
10:10:29   ames_raw_all_broad_fp512_lgbm: MCC=0.5514 [0.5155,0.5851] t=0.52 AD=0.57
10:10:41   ames_raw_all_broad_fp512_rf: MCC=0.5300 [0.4925,0.5627] t=0.54 AD=0.57
10:22:50   ames_raw_all_broad_fp512_svm: MCC=0.5237 [0.4865,0.5610] t=0.24 AD=0.57
10:25:07   ames_raw_all_broad_fp512_logistic: MCC=0.4932 [0.4589,0.5245] t=0.52 AD=0.57
10:25:30   ames_raw_all_broad_fp512_ann: MCC=0.5262 [0.4934,0.5617] t=0.4 AD=0.57
10:25:39   ames_raw_all_broad_fp1024_xgb: MCC=0.5238 [0.4869,0.5575] t=0.54 AD=0.57
10:25:55   ames_raw_all_broad_fp1024_lgbm: MCC=0.5509 [0.5140,0.5825] t=0.5 AD=0.57
10:26:07   ames_raw_all_broad_fp1024_rf: MCC=0.5360 [0.4979,0.5699] t=0.54 AD=0.57
10:37:13   ames_raw_all_broad_fp1024_svm: MCC=0.5096 [0.4707,0.5468] t=0.3 AD=0.57
10:38:46   ames_raw_all_broad_fp1024_logistic: MCC=0.4706 [0.4369,0.5066] t=0.6 AD=0.57
10:39:09   ames_raw_all_broad_fp1024_ann: MCC=0.5190 [0.4820,0.5541] t=0.38 AD=0.57
10:39:17   ames_raw_all_broad_fp2048_xgb: MCC=0.5612 [0.5241,0.5965] t=0.54 AD=0.57
10:39:32   ames_raw_all_broad_fp2048_lgbm: MCC=0.5364 [0.5009,0.5680] t=0.52 AD=0.57
10:39:44   ames_raw_all_broad_fp2048_rf: MCC=0.5103 [0.4730,0.5410] t=0.54 AD=0.57
10:50:28   ames_raw_all_broad_fp2048_svm: MCC=0.5558 [0.5183,0.5947] t=0.3 AD=0.57
10:51:57   ames_raw_all_broad_fp2048_logistic: MCC=0.5088 [0.4734,0.5433] t=0.64 AD=0.57
10:52:16   ames_raw_all_broad_fp2048_ann: MCC=0.5508 [0.5152,0.5893] t=0.46 AD=0.57
15:21:20   ames_raw_all_graph_gnn: MCC=0.4450
15:21:35   [ames] FG features: 618 columns (smi_col=_analysis_smiles)
15:21:40   [ames] Physchem features: 13 columns
15:21:43   [ames] Fingerprint: 512 bits (smi_col=_analysis_smiles)
15:21:56   [ames] Fingerprint: 1024 bits (smi_col=_analysis_smiles)
15:22:11   [ames] Fingerprint: 2048 bits (smi_col=_analysis_smiles)
15:22:41   ames_no_metal_compact_xgb: MCC=0.4105 [0.3779,0.4446] t=0.54 AD=0.56
15:22:55   ames_no_metal_compact_lgbm: MCC=0.4018 [0.3696,0.4369] t=0.5 AD=0.56
15:23:03   ames_no_metal_compact_rf: MCC=0.4591 [0.4211,0.4977] t=0.54 AD=0.56
15:25:28   ames_no_metal_compact_svm: MCC=0.4341 [0.3975,0.4695] t=0.34 AD=0.56
15:26:25   ames_no_metal_compact_logistic: MCC=0.3971 [0.3624,0.4286] t=0.5 AD=0.56
15:26:43   ames_no_metal_compact_ann: MCC=0.4389 [0.3993,0.4729] t=0.44 AD=0.56
15:26:50   ames_no_metal_broad_fp512_xgb: MCC=0.5156 [0.4826,0.5504] t=0.5 AD=0.56
15:27:05   ames_no_metal_broad_fp512_lgbm: MCC=0.5115 [0.4798,0.5467] t=0.48 AD=0.56
15:27:16   ames_no_metal_broad_fp512_rf: MCC=0.4955 [0.4574,0.5339] t=0.46 AD=0.56
15:36:14   ames_no_metal_broad_fp512_svm: MCC=0.5181 [0.4801,0.5565] t=0.28 AD=0.56
15:37:56   ames_no_metal_broad_fp512_logistic: MCC=0.4444 [0.4097,0.4807] t=0.44 AD=0.56
15:38:18   ames_no_metal_broad_fp512_ann: MCC=0.4919 [0.4555,0.5276] t=0.24 AD=0.56
15:38:26   ames_no_metal_broad_fp1024_xgb: MCC=0.5205 [0.4865,0.5557] t=0.56 AD=0.56
15:38:41   ames_no_metal_broad_fp1024_lgbm: MCC=0.5473 [0.5115,0.5815] t=0.54 AD=0.56
15:38:52   ames_no_metal_broad_fp1024_rf: MCC=0.4887 [0.4544,0.5250] t=0.5 AD=0.56
15:47:43   ames_no_metal_broad_fp1024_svm: MCC=0.5137 [0.4783,0.5493] t=0.28 AD=0.56
15:49:33   ames_no_metal_broad_fp1024_logistic: MCC=0.4916 [0.4545,0.5240] t=0.52 AD=0.56
15:49:52   ames_no_metal_broad_fp1024_ann: MCC=0.5101 [0.4727,0.5459] t=0.28 AD=0.56
15:50:00   ames_no_metal_broad_fp2048_xgb: MCC=0.5362 [0.5032,0.5728] t=0.48 AD=0.56
15:50:16   ames_no_metal_broad_fp2048_lgbm: MCC=0.5281 [0.4922,0.5643] t=0.5 AD=0.56
15:50:28   ames_no_metal_broad_fp2048_rf: MCC=0.4956 [0.4595,0.5341] t=0.5 AD=0.56
15:58:59   ames_no_metal_broad_fp2048_svm: MCC=0.5305 [0.4943,0.5669] t=0.32 AD=0.56
16:00:48   ames_no_metal_broad_fp2048_logistic: MCC=0.5063 [0.4725,0.5369] t=0.5 AD=0.56
16:01:12   ames_no_metal_broad_fp2048_ann: MCC=0.5279 [0.4962,0.5607] t=0.42 AD=0.56
20:02:28   ames_no_metal_graph_gnn: MCC=0.3828
20:02:28   salt_stripped: 6062/13560 SMILES changed
20:02:45   [ames] FG features: 618 columns (smi_col=_analysis_smiles)
20:02:50   [ames] Physchem features: 13 columns
20:02:54   [ames] Fingerprint: 512 bits (smi_col=_analysis_smiles)
20:03:08   [ames] Fingerprint: 1024 bits (smi_col=_analysis_smiles)
20:03:23   [ames] Fingerprint: 2048 bits (smi_col=_analysis_smiles)
20:04:00   ames_salt_stripped_compact_xgb: MCC=0.4546 [0.4191,0.4870] t=0.54 AD=0.57
20:04:14   ames_salt_stripped_compact_lgbm: MCC=0.4391 [0.4074,0.4716] t=0.6 AD=0.57
20:04:24   ames_salt_stripped_compact_rf: MCC=0.4799 [0.4420,0.5128] t=0.54 AD=0.57
20:07:07   ames_salt_stripped_compact_svm: MCC=0.4637 [0.4204,0.5009] t=0.36 AD=0.57
20:07:41   ames_salt_stripped_compact_logistic: MCC=0.3811 [0.3476,0.4126] t=0.54 AD=0.57
20:08:00   ames_salt_stripped_compact_ann: MCC=0.4775 [0.4391,0.5130] t=0.4 AD=0.57
20:08:08   ames_salt_stripped_broad_fp512_xgb: MCC=0.5318 [0.4975,0.5647] t=0.44 AD=0.57
20:08:23   ames_salt_stripped_broad_fp512_lgbm: MCC=0.5267 [0.4949,0.5595] t=0.54 AD=0.57
20:08:36   ames_salt_stripped_broad_fp512_rf: MCC=0.5091 [0.4741,0.5414] t=0.52 AD=0.57
20:19:33   ames_salt_stripped_broad_fp512_svm: MCC=0.5396 [0.5011,0.5742] t=0.32 AD=0.57
20:21:15   ames_salt_stripped_broad_fp512_logistic: MCC=0.4588 [0.4246,0.4915] t=0.62 AD=0.57
20:21:34   ames_salt_stripped_broad_fp512_ann: MCC=0.5067 [0.4716,0.5447] t=0.32 AD=0.57
20:21:42   ames_salt_stripped_broad_fp1024_xgb: MCC=0.5449 [0.5105,0.5775] t=0.46 AD=0.57
20:21:57   ames_salt_stripped_broad_fp1024_lgbm: MCC=0.5469 [0.5134,0.5788] t=0.58 AD=0.57
20:22:09   ames_salt_stripped_broad_fp1024_rf: MCC=0.5190 [0.4804,0.5529] t=0.52 AD=0.57
20:32:58   ames_salt_stripped_broad_fp1024_svm: MCC=0.5344 [0.4980,0.5703] t=0.3 AD=0.57
20:34:35   ames_salt_stripped_broad_fp1024_logistic: MCC=0.4785 [0.4435,0.5132] t=0.6 AD=0.57
20:35:01   ames_salt_stripped_broad_fp1024_ann: MCC=0.5335 [0.4977,0.5698] t=0.38 AD=0.57
20:35:09   ames_salt_stripped_broad_fp2048_xgb: MCC=0.5347 [0.4967,0.5697] t=0.52 AD=0.57
20:35:23   ames_salt_stripped_broad_fp2048_lgbm: MCC=0.5138 [0.4762,0.5473] t=0.54 AD=0.57
20:35:36   ames_salt_stripped_broad_fp2048_rf: MCC=0.4921 [0.4571,0.5247] t=0.5 AD=0.57
20:46:03   ames_salt_stripped_broad_fp2048_svm: MCC=0.5519 [0.5144,0.5892] t=0.28 AD=0.57
20:47:50   ames_salt_stripped_broad_fp2048_logistic: MCC=0.4624 [0.4274,0.4996] t=0.66 AD=0.57
20:48:14   ames_salt_stripped_broad_fp2048_ann: MCC=0.5323 [0.4983,0.5697] t=0.32 AD=0.57
00:55:41   ames_salt_stripped_graph_gnn: MCC=0.3769
00:55:41   [invitro] Pre-computing features...
00:55:43   [invitro] FG features: 618 columns (smi_col=_analysis_smiles)
00:55:44   [invitro] Physchem features: 13 columns
00:55:44   [invitro] Fingerprint: 512 bits (smi_col=_analysis_smiles)
00:55:46   [invitro] Fingerprint: 1024 bits (smi_col=_analysis_smiles)
00:55:47   [invitro] Fingerprint: 2048 bits (smi_col=_analysis_smiles)
00:56:03   invitro_raw_all_compact_xgb: MCC=0.1140 [-0.0228,0.2700] t=0.3 AD=0.48
00:56:10   invitro_raw_all_compact_lgbm: MCC=0.1217 [-0.0250,0.2721] t=0.22 AD=0.48
00:56:15   invitro_raw_all_compact_rf: MCC=-0.0101 [-0.0810,0.0948] t=0.42 AD=0.48
00:56:18   invitro_raw_all_compact_svm: MCC=0.0000 [0.0000,0.0000] t=0.16 AD=0.48
00:56:24   invitro_raw_all_compact_logistic: MCC=0.1221 [0.0140,0.2409] t=0.82 AD=0.48
00:56:27   invitro_raw_all_compact_ann: MCC=0.0000 [0.0000,0.0000] t=0.38 AD=0.48
00:56:30   invitro_raw_all_broad_fp512_xgb: MCC=0.1125 [-0.0166,0.2585] t=0.14 AD=0.48
00:56:36   invitro_raw_all_broad_fp512_lgbm: MCC=0.1125 [-0.0265,0.2660] t=0.42 AD=0.48
00:56:41   invitro_raw_all_broad_fp512_rf: MCC=0.1103 [-0.0368,0.2722] t=0.36 AD=0.48
00:56:47   invitro_raw_all_broad_fp512_svm: MCC=0.0000 [0.0000,0.0000] t=0.14 AD=0.48
00:57:10   invitro_raw_all_broad_fp512_logistic: MCC=0.0846 [-0.0322,0.2023] t=0.26 AD=0.48
00:57:13   invitro_raw_all_broad_fp512_ann: MCC=-0.0153 [-0.0358,0.0000] t=0.22 AD=0.48
00:57:16   invitro_raw_all_broad_fp1024_xgb: MCC=0.1962 [0.0438,0.3550] t=0.16 AD=0.48
00:57:22   invitro_raw_all_broad_fp1024_lgbm: MCC=0.2269 [0.0691,0.4035] t=0.38 AD=0.48
00:57:27   invitro_raw_all_broad_fp1024_rf: MCC=0.1279 [-0.0127,0.2866] t=0.4 AD=0.48
00:57:33   invitro_raw_all_broad_fp1024_svm: MCC=-0.0164 [-0.0376,0.0000] t=0.1 AD=0.48
00:57:54   invitro_raw_all_broad_fp1024_logistic: MCC=0.0564 [-0.0645,0.1864] t=0.68 AD=0.48
00:57:57   invitro_raw_all_broad_fp1024_ann: MCC=0.1893 [0.0000,0.3328] t=0.28 AD=0.48
00:58:00   invitro_raw_all_broad_fp2048_xgb: MCC=0.1511 [0.0134,0.3157] t=0.42 AD=0.48
00:58:07   invitro_raw_all_broad_fp2048_lgbm: MCC=0.1660 [0.0126,0.3218] t=0.56 AD=0.48
00:58:11   invitro_raw_all_broad_fp2048_rf: MCC=0.0342 [-0.0836,0.1776] t=0.38 AD=0.48
00:58:17   invitro_raw_all_broad_fp2048_svm: MCC=0.0000 [0.0000,0.0000] t=0.1 AD=0.48
00:58:39   invitro_raw_all_broad_fp2048_logistic: MCC=0.0595 [-0.0551,0.1802] t=0.12 AD=0.48
00:58:42   invitro_raw_all_broad_fp2048_ann: MCC=0.0000 [0.0000,0.0000] t=0.38 AD=0.48
01:39:52   invitro_raw_all_graph_gnn: MCC=0.0000
01:39:53   [invitro] FG features: 618 columns (smi_col=_analysis_smiles)
01:39:54   [invitro] Physchem features: 13 columns
01:39:54   [invitro] Fingerprint: 512 bits (smi_col=_analysis_smiles)
01:39:55   [invitro] Fingerprint: 1024 bits (smi_col=_analysis_smiles)
01:39:57   [invitro] Fingerprint: 2048 bits (smi_col=_analysis_smiles)
01:40:12     SHAP failed: could not convert string to float: '[5E-1]'
01:40:12   invitro_no_metal_compact_xgb: MCC=0.1078 [-0.0366,0.2744] t=0.36 AD=0.51 ★
01:40:19   invitro_no_metal_compact_lgbm: MCC=0.0716 [-0.0602,0.2334] t=0.1 AD=0.51
01:40:23   invitro_no_metal_compact_rf: MCC=-0.0105 [-0.0823,0.1231] t=0.3 AD=0.51
01:40:26   invitro_no_metal_compact_svm: MCC=0.0000 [0.0000,0.0000] t=0.1 AD=0.51
01:40:31   invitro_no_metal_compact_logistic: MCC=0.2161 [0.1118,0.3279] t=0.5 AD=0.51
01:40:33   invitro_no_metal_compact_ann: MCC=0.0000 [0.0000,0.0000] t=0.1 AD=0.51
01:40:36   invitro_no_metal_broad_fp512_xgb: MCC=0.1771 [0.0134,0.3527] t=0.4 AD=0.51
01:40:41   invitro_no_metal_broad_fp512_lgbm: MCC=0.2480 [0.0861,0.4242] t=0.54 AD=0.51
01:40:46   invitro_no_metal_broad_fp512_rf: MCC=0.0428 [-0.0773,0.2103] t=0.44 AD=0.51
01:40:50   invitro_no_metal_broad_fp512_svm: MCC=0.0000 [0.0000,0.0000] t=0.14 AD=0.51
01:41:08   invitro_no_metal_broad_fp512_logistic: MCC=0.0302 [-0.0873,0.1536] t=0.2 AD=0.51
01:41:11   invitro_no_metal_broad_fp512_ann: MCC=0.0000 [0.0000,0.0000] t=0.22 AD=0.51
01:41:14   invitro_no_metal_broad_fp1024_xgb: MCC=0.1213 [-0.0245,0.2878] t=0.22 AD=0.51
01:41:20   invitro_no_metal_broad_fp1024_lgbm: MCC=0.1055 [-0.0450,0.2830] t=0.1 AD=0.51
01:41:24   invitro_no_metal_broad_fp1024_rf: MCC=0.0894 [-0.0542,0.2457] t=0.36 AD=0.51
01:41:29   invitro_no_metal_broad_fp1024_svm: MCC=0.0000 [0.0000,0.0000] t=0.1 AD=0.51
01:41:47   invitro_no_metal_broad_fp1024_logistic: MCC=0.0858 [-0.0318,0.2186] t=0.12 AD=0.51
01:41:50   invitro_no_metal_broad_fp1024_ann: MCC=0.0223 [-0.0640,0.1895] t=0.52 AD=0.51
01:41:53   invitro_no_metal_broad_fp2048_xgb: MCC=0.1537 [0.0024,0.3163] t=0.32 AD=0.51
01:41:59   invitro_no_metal_broad_fp2048_lgbm: MCC=0.1389 [-0.0138,0.2941] t=0.18 AD=0.51
01:42:03   invitro_no_metal_broad_fp2048_rf: MCC=0.1075 [-0.0512,0.2763] t=0.36 AD=0.51
01:42:07   invitro_no_metal_broad_fp2048_svm: MCC=0.0000 [0.0000,0.0000] t=0.1 AD=0.51
01:42:26   invitro_no_metal_broad_fp2048_logistic: MCC=0.1748 [0.0576,0.3039] t=0.52 AD=0.51
01:42:28   invitro_no_metal_broad_fp2048_ann: MCC=0.0743 [-0.0631,0.2358] t=0.1 AD=0.51
02:14:55   invitro_no_metal_graph_gnn: MCC=0.0000
02:14:55   salt_stripped: 1317/1619 SMILES changed
02:14:57   [invitro] FG features: 618 columns (smi_col=_analysis_smiles)
02:14:57   [invitro] Physchem features: 13 columns
02:14:58   [invitro] Fingerprint: 512 bits (smi_col=_analysis_smiles)
02:14:59   [invitro] Fingerprint: 1024 bits (smi_col=_analysis_smiles)
02:15:01   [invitro] Fingerprint: 2048 bits (smi_col=_analysis_smiles)
02:15:17   invitro_salt_stripped_compact_xgb: MCC=0.1143 [-0.0155,0.2567] t=0.8 AD=0.49
02:15:24   invitro_salt_stripped_compact_lgbm: MCC=0.1643 [0.0171,0.3199] t=0.56 AD=0.49
02:15:29   invitro_salt_stripped_compact_rf: MCC=-0.0095 [-0.0791,0.0955] t=0.34 AD=0.49
02:15:32   invitro_salt_stripped_compact_svm: MCC=0.0000 [0.0000,0.0000] t=0.12 AD=0.49
02:15:40   invitro_salt_stripped_compact_logistic: MCC=0.1104 [0.0064,0.2226] t=0.68 AD=0.49
02:15:42   invitro_salt_stripped_compact_ann: MCC=0.0000 [0.0000,0.0000] t=0.66 AD=0.49
02:15:45   invitro_salt_stripped_broad_fp512_xgb: MCC=0.0909 [-0.0385,0.2376] t=0.12 AD=0.49
02:15:52   invitro_salt_stripped_broad_fp512_lgbm: MCC=0.0674 [-0.0535,0.1937] t=0.36 AD=0.49
02:15:57   invitro_salt_stripped_broad_fp512_rf: MCC=0.0045 [-0.0884,0.1358] t=0.3 AD=0.49
02:16:03   invitro_salt_stripped_broad_fp512_svm: MCC=0.0000 [0.0000,0.0000] t=0.1 AD=0.49
02:16:25   invitro_salt_stripped_broad_fp512_logistic: MCC=-0.0157 [-0.1130,0.0917] t=0.18 AD=0.49
02:16:27   invitro_salt_stripped_broad_fp512_ann: MCC=0.0000 [0.0000,0.0000] t=0.24 AD=0.49
02:16:30   invitro_salt_stripped_broad_fp1024_xgb: MCC=0.1383 [-0.0026,0.2893] t=0.32 AD=0.49
02:16:38   invitro_salt_stripped_broad_fp1024_lgbm: MCC=0.2966 [0.1310,0.4504] t=0.72 AD=0.49
02:16:42   invitro_salt_stripped_broad_fp1024_rf: MCC=0.0228 [-0.0850,0.1548] t=0.38 AD=0.49
02:16:49   invitro_salt_stripped_broad_fp1024_svm: MCC=0.0000 [0.0000,0.0000] t=0.12 AD=0.49
02:17:11   invitro_salt_stripped_broad_fp1024_logistic: MCC=0.0433 [-0.0725,0.1633] t=0.12 AD=0.49
02:17:14   invitro_salt_stripped_broad_fp1024_ann: MCC=0.0000 [0.0000,0.0000] t=0.16 AD=0.49
02:17:17   invitro_salt_stripped_broad_fp2048_xgb: MCC=0.1466 [-0.0060,0.3030] t=0.2 AD=0.49
02:17:24   invitro_salt_stripped_broad_fp2048_lgbm: MCC=0.0941 [-0.0358,0.2453] t=0.1 AD=0.49
02:17:28   invitro_salt_stripped_broad_fp2048_rf: MCC=0.0673 [-0.0524,0.2028] t=0.32 AD=0.49
02:17:35   invitro_salt_stripped_broad_fp2048_svm: MCC=0.0000 [0.0000,0.0000] t=0.1 AD=0.49
02:17:56   invitro_salt_stripped_broad_fp2048_logistic: MCC=0.1367 [0.0100,0.2685] t=0.74 AD=0.49
02:17:59   invitro_salt_stripped_broad_fp2048_ann: MCC=0.0000 [0.0000,0.0000] t=0.14 AD=0.49
02:56:42   invitro_salt_stripped_graph_gnn: MCC=0.0000
02:56:42   [invivo] Pre-computing features...
02:56:45   [invivo] FG features: 618 columns (smi_col=_analysis_smiles)
02:56:46   [invivo] Physchem features: 13 columns
02:56:46   [invivo] Fingerprint: 512 bits (smi_col=_analysis_smiles)
02:56:48   [invivo] Fingerprint: 1024 bits (smi_col=_analysis_smiles)
02:56:50   [invivo] Fingerprint: 2048 bits (smi_col=_analysis_smiles)
02:57:06   invivo_raw_all_compact_xgb: MCC=0.0706 [-0.0285,0.2851] t=0.72 AD=0.57
02:57:13   invivo_raw_all_compact_lgbm: MCC=-0.0194 [-0.0294,-0.0105] t=0.88 AD=0.57
02:57:18   invivo_raw_all_compact_rf: MCC=0.0000 [0.0000,0.0000] t=0.5 AD=0.57
02:57:22   invivo_raw_all_compact_svm: MCC=0.0000 [0.0000,0.0000] t=0.1 AD=0.57
02:57:33   invivo_raw_all_compact_logistic: MCC=0.1877 [0.0695,0.3028] t=0.72 AD=0.57
02:57:35   invivo_raw_all_compact_ann: MCC=0.0000 [0.0000,0.0000] t=0.34 AD=0.57
02:57:39   invivo_raw_all_broad_fp512_xgb: MCC=0.3141 [-0.0145,0.6115] t=0.76 AD=0.57
02:57:46   invivo_raw_all_broad_fp512_lgbm: MCC=-0.0155 [-0.0252,-0.0068] t=0.72 AD=0.57
02:57:51   invivo_raw_all_broad_fp512_rf: MCC=-0.0061 [-0.0149,0.0000] t=0.48 AD=0.57
02:57:59   invivo_raw_all_broad_fp512_svm: MCC=0.0000 [0.0000,0.0000] t=0.16 AD=0.57
02:58:33   invivo_raw_all_broad_fp512_logistic: MCC=0.0770 [-0.0400,0.2105] t=0.26 AD=0.57
02:58:36   invivo_raw_all_broad_fp512_ann: MCC=0.0000 [0.0000,0.0000] t=0.1 AD=0.57
02:58:40   invivo_raw_all_broad_fp1024_xgb: MCC=0.1811 [-0.0211,0.4653] t=0.84 AD=0.57
02:58:46   invivo_raw_all_broad_fp1024_lgbm: MCC=-0.0102 [-0.0191,0.0000] t=0.7 AD=0.57
02:58:51   invivo_raw_all_broad_fp1024_rf: MCC=-0.0061 [-0.0149,0.0000] t=0.1 AD=0.57
02:59:00   invivo_raw_all_broad_fp1024_svm: MCC=0.0000 [0.0000,0.0000] t=0.38 AD=0.57
02:59:31   invivo_raw_all_broad_fp1024_logistic: MCC=0.1888 [0.0143,0.3528] t=0.88 AD=0.57
02:59:34   invivo_raw_all_broad_fp1024_ann: MCC=-0.0132 [-0.0234,0.0000] t=0.12 AD=0.57
02:59:37   invivo_raw_all_broad_fp2048_xgb: MCC=0.2895 [-0.0172,0.5669] t=0.86 AD=0.57
02:59:44   invivo_raw_all_broad_fp2048_lgbm: MCC=0.0988 [-0.0218,0.3591] t=0.74 AD=0.57
02:59:49   invivo_raw_all_broad_fp2048_rf: MCC=0.0000 [0.0000,0.0000] t=0.12 AD=0.57
02:59:56   invivo_raw_all_broad_fp2048_svm: MCC=0.0000 [0.0000,0.0000] t=0.26 AD=0.57
03:00:30   invivo_raw_all_broad_fp2048_logistic: MCC=0.1725 [0.0077,0.3295] t=0.84 AD=0.57
03:00:33   invivo_raw_all_broad_fp2048_ann: MCC=0.0000 [0.0000,0.0000] t=0.2 AD=0.57
03:55:53   invivo_raw_all_graph_gnn: MCC=0.0000
03:55:55   [invivo] FG features: 618 columns (smi_col=_analysis_smiles)
03:55:56   [invivo] Physchem features: 13 columns
03:55:56   [invivo] Fingerprint: 512 bits (smi_col=_analysis_smiles)
03:55:58   [invivo] Fingerprint: 1024 bits (smi_col=_analysis_smiles)
03:55:59   [invivo] Fingerprint: 2048 bits (smi_col=_analysis_smiles)
03:56:15   invivo_no_metal_compact_xgb: MCC=0.1536 [-0.0208,0.4405] t=0.32 AD=0.54
03:56:21   invivo_no_metal_compact_lgbm: MCC=-0.0128 [-0.0253,0.0000] t=0.14 AD=0.54
03:56:26   invivo_no_metal_compact_rf: MCC=0.0000 [0.0000,0.0000] t=0.14 AD=0.54
03:56:29   invivo_no_metal_compact_svm: MCC=0.0000 [0.0000,0.0000] t=0.1 AD=0.54
03:56:38   invivo_no_metal_compact_logistic: MCC=0.1786 [0.0504,0.3128] t=0.62 AD=0.54
03:56:40   invivo_no_metal_compact_ann: MCC=0.0000 [0.0000,0.0000] t=0.14 AD=0.54
03:56:44   invivo_no_metal_broad_fp512_xgb: MCC=0.1296 [-0.0247,0.4206] t=0.6 AD=0.54
03:56:49   invivo_no_metal_broad_fp512_lgbm: MCC=-0.0165 [-0.0284,0.0000] t=0.16 AD=0.54
03:56:54   invivo_no_metal_broad_fp512_rf: MCC=0.1540 [-0.0196,0.4793] t=0.1 AD=0.54
03:57:00   invivo_no_metal_broad_fp512_svm: MCC=0.0000 [0.0000,0.0000] t=0.22 AD=0.54
03:57:23   invivo_no_metal_broad_fp512_logistic: MCC=0.1979 [-0.0153,0.4325] t=0.14 AD=0.54
03:57:26   invivo_no_metal_broad_fp512_ann: MCC=0.0000 [0.0000,0.0000] t=0.12 AD=0.54
03:57:29   invivo_no_metal_broad_fp1024_xgb: MCC=0.2865 [-0.0159,0.5932] t=0.2 AD=0.54
03:57:35   invivo_no_metal_broad_fp1024_lgbm: MCC=-0.0128 [-0.0253,0.0000] t=0.12 AD=0.54
03:57:40   invivo_no_metal_broad_fp1024_rf: MCC=0.1153 [-0.0259,0.3817] t=0.1 AD=0.54
03:57:45   invivo_no_metal_broad_fp1024_svm: MCC=0.0000 [0.0000,0.0000] t=0.12 AD=0.54
03:58:09   invivo_no_metal_broad_fp1024_logistic: MCC=0.0865 [-0.0478,0.2461] t=0.86 AD=0.54
03:58:12   invivo_no_metal_broad_fp1024_ann: MCC=0.0000 [0.0000,0.0000] t=0.32 AD=0.54
03:58:15   invivo_no_metal_broad_fp2048_xgb: MCC=0.1494 [-0.0206,0.4418] t=0.24 AD=0.54
03:58:21   invivo_no_metal_broad_fp2048_lgbm: MCC=-0.0163 [-0.0284,0.0000] t=0.12 AD=0.54
03:58:26   invivo_no_metal_broad_fp2048_rf: MCC=0.1552 [-0.0200,0.4664] t=0.1 AD=0.54
03:58:32   invivo_no_metal_broad_fp2048_svm: MCC=0.0000 [0.0000,0.0000] t=0.28 AD=0.54
03:58:55   invivo_no_metal_broad_fp2048_logistic: MCC=0.1503 [-0.0216,0.3354] t=0.86 AD=0.54
03:58:59   invivo_no_metal_broad_fp2048_ann: MCC=0.0000 [0.0000,0.0000] t=0.14 AD=0.54
04:41:51   invivo_no_metal_graph_gnn: MCC=0.0000
04:41:51   salt_stripped: 1785/2153 SMILES changed
04:41:53   [invivo] FG features: 618 columns (smi_col=_analysis_smiles)
04:41:54   [invivo] Physchem features: 13 columns
04:41:54   [invivo] Fingerprint: 512 bits (smi_col=_analysis_smiles)
04:41:56   [invivo] Fingerprint: 1024 bits (smi_col=_analysis_smiles)
04:41:58   [invivo] Fingerprint: 2048 bits (smi_col=_analysis_smiles)
04:42:15     SHAP failed: could not convert string to float: '[5E-1]'
04:42:15   invivo_salt_stripped_compact_xgb: MCC=0.1614 [-0.0261,0.3953] t=0.86 AD=0.59 ★
04:42:22   invivo_salt_stripped_compact_lgbm: MCC=0.1446 [-0.0166,0.4435] t=0.88 AD=0.59
04:42:27   invivo_salt_stripped_compact_rf: MCC=0.1446 [-0.0155,0.4165] t=0.62 AD=0.59
04:42:32   invivo_salt_stripped_compact_svm: MCC=0.0000 [0.0000,0.0000] t=0.1 AD=0.59
04:42:41   invivo_salt_stripped_compact_logistic: MCC=0.1460 [0.0406,0.2465] t=0.72 AD=0.59
04:42:43   invivo_salt_stripped_compact_ann: MCC=0.0000 [0.0000,0.0000] t=0.32 AD=0.59
04:42:47   invivo_salt_stripped_broad_fp512_xgb: MCC=0.3292 [-0.0092,0.5818] t=0.88 AD=0.59
04:42:53   invivo_salt_stripped_broad_fp512_lgbm: MCC=0.1760 [-0.0218,0.4406] t=0.82 AD=0.59
04:42:58   invivo_salt_stripped_broad_fp512_rf: MCC=0.1110 [-0.0211,0.3775] t=0.58 AD=0.59
04:43:07   invivo_salt_stripped_broad_fp512_svm: MCC=0.0000 [0.0000,0.0000] t=0.22 AD=0.59
04:43:38   invivo_salt_stripped_broad_fp512_logistic: MCC=0.2131 [0.0253,0.3859] t=0.88 AD=0.59
04:43:42   invivo_salt_stripped_broad_fp512_ann: MCC=-0.0068 [-0.0164,0.0000] t=0.12 AD=0.59
04:43:46   invivo_salt_stripped_broad_fp1024_xgb: MCC=0.2287 [-0.0224,0.5057] t=0.82 AD=0.59
04:43:52   invivo_salt_stripped_broad_fp1024_lgbm: MCC=0.0886 [-0.0248,0.3130] t=0.86 AD=0.59
04:43:57   invivo_salt_stripped_broad_fp1024_rf: MCC=0.1247 [-0.0191,0.3780] t=0.6 AD=0.59
04:44:05   invivo_salt_stripped_broad_fp1024_svm: MCC=0.0000 [0.0000,0.0000] t=0.12 AD=0.59
04:44:31   invivo_salt_stripped_broad_fp1024_logistic: MCC=0.2032 [0.0198,0.3762] t=0.16 AD=0.59
04:44:34   invivo_salt_stripped_broad_fp1024_ann: MCC=0.0000 [0.0000,0.0000] t=0.1 AD=0.59
04:44:38   invivo_salt_stripped_broad_fp2048_xgb: MCC=0.2601 [-0.0169,0.4889] t=0.86 AD=0.59
04:44:44   invivo_salt_stripped_broad_fp2048_lgbm: MCC=0.1635 [-0.0237,0.4194] t=0.86 AD=0.59
04:44:49   invivo_salt_stripped_broad_fp2048_rf: MCC=0.1463 [-0.0164,0.4422] t=0.58 AD=0.59
04:44:57   invivo_salt_stripped_broad_fp2048_svm: MCC=0.0000 [0.0000,0.0000] t=0.2 AD=0.59
04:45:31   invivo_salt_stripped_broad_fp2048_logistic: MCC=0.1095 [-0.0348,0.2608] t=0.88 AD=0.59
04:45:35   invivo_salt_stripped_broad_fp2048_ann: MCC=0.0000 [0.0000,0.0000] t=0.52 AD=0.59
05:48:49   invivo_salt_stripped_graph_gnn: MCC=0.0000
05:48:49   [invitro_sampling] Pre-computing features...
05:48:50   [invitro_sampling] FG features: 618 columns (smi_col=_analysis_smiles)
05:48:50   [invitro_sampling] Physchem features: 13 columns
05:48:50   [invitro_sampling] Fingerprint: 512 bits (smi_col=_analysis_smiles)
05:48:51   [invitro_sampling] Fingerprint: 1024 bits (smi_col=_analysis_smiles)
05:48:51   [invitro_sampling] Fingerprint: 2048 bits (smi_col=_analysis_smiles)
05:49:13   invitro_sampling_raw_all_compact_xgb: MCC=0.4659 [0.2154,0.6710] t=0.34 AD=0.54
05:49:18   invitro_sampling_raw_all_compact_lgbm: MCC=0.5349 [0.3524,0.7448] t=0.12 AD=0.54
05:49:23   invitro_sampling_raw_all_compact_rf: MCC=0.5974 [0.3793,0.7964] t=0.36 AD=0.54
05:49:24   invitro_sampling_raw_all_compact_svm: MCC=0.4000 [0.1443,0.6134] t=0.5 AD=0.54
05:49:27   invitro_sampling_raw_all_compact_logistic: MCC=0.5648 [0.3627,0.7330] t=0.66 AD=0.54
05:49:28   invitro_sampling_raw_all_compact_ann: MCC=0.1590 [-0.0883,0.3962] t=0.6 AD=0.54
05:49:30   invitro_sampling_raw_all_broad_fp512_xgb: MCC=0.4711 [0.2488,0.6659] t=0.24 AD=0.54
05:49:34   invitro_sampling_raw_all_broad_fp512_lgbm: MCC=0.4780 [0.2716,0.6839] t=0.1 AD=0.54
05:49:38   invitro_sampling_raw_all_broad_fp512_rf: MCC=0.6601 [0.4573,0.8299] t=0.46 AD=0.54
05:49:40   invitro_sampling_raw_all_broad_fp512_svm: MCC=0.4110 [0.1792,0.6157] t=0.5 AD=0.54
05:49:44   invitro_sampling_raw_all_broad_fp512_logistic: MCC=0.1065 [-0.1309,0.3418] t=0.12 AD=0.54
05:49:45   invitro_sampling_raw_all_broad_fp512_ann: MCC=0.2822 [0.0455,0.5273] t=0.2 AD=0.54
05:49:47   invitro_sampling_raw_all_broad_fp1024_xgb: MCC=0.6298 [0.4340,0.7967] t=0.32 AD=0.54
05:49:51   invitro_sampling_raw_all_broad_fp1024_lgbm: MCC=0.4772 [0.2622,0.6883] t=0.14 AD=0.54
05:49:55   invitro_sampling_raw_all_broad_fp1024_rf: MCC=0.6601 [0.4573,0.8299] t=0.48 AD=0.54
05:49:56   invitro_sampling_raw_all_broad_fp1024_svm: MCC=0.4683 [0.2672,0.6688] t=0.56 AD=0.54
05:50:00   invitro_sampling_raw_all_broad_fp1024_logistic: MCC=0.3902 [0.1592,0.5965] t=0.1 AD=0.54
05:50:02   invitro_sampling_raw_all_broad_fp1024_ann: MCC=0.3588 [0.1439,0.5728] t=0.52 AD=0.54
05:50:04   invitro_sampling_raw_all_broad_fp2048_xgb: MCC=0.5634 [0.3563,0.7427] t=0.34 AD=0.54
05:50:08   invitro_sampling_raw_all_broad_fp2048_lgbm: MCC=0.5083 [0.3179,0.7056] t=0.12 AD=0.54
05:50:12   invitro_sampling_raw_all_broad_fp2048_rf: MCC=0.6277 [0.4111,0.8178] t=0.46 AD=0.54
05:50:13   invitro_sampling_raw_all_broad_fp2048_svm: MCC=0.4835 [0.2752,0.6895] t=0.4 AD=0.54
05:50:18   invitro_sampling_raw_all_broad_fp2048_logistic: MCC=0.3381 [0.1022,0.5597] t=0.1 AD=0.54
05:50:19   invitro_sampling_raw_all_broad_fp2048_ann: MCC=0.3609 [0.1397,0.5687] t=0.46 AD=0.54
05:56:37   invitro_sampling_raw_all_graph_gnn: MCC=0.2078
05:56:37   [invitro_sampling] FG features: 618 columns (smi_col=_analysis_smiles)
05:56:37   [invitro_sampling] Physchem features: 13 columns
05:56:37   [invitro_sampling] Fingerprint: 512 bits (smi_col=_analysis_smiles)
05:56:38   [invitro_sampling] Fingerprint: 1024 bits (smi_col=_analysis_smiles)
05:56:38   [invitro_sampling] Fingerprint: 2048 bits (smi_col=_analysis_smiles)
05:56:47     SHAP failed: could not convert string to float: '[5E-1]'
05:56:47   invitro_sampling_no_metal_compact_xgb: MCC=0.5819 [0.3242,0.8120] t=0.56 AD=0.47 ★
05:57:02   invitro_sampling_no_metal_compact_lgbm: MCC=0.4251 [0.1657,0.6747] t=0.52 AD=0.47
05:57:06   invitro_sampling_no_metal_compact_rf: MCC=0.5805 [0.3574,0.7953] t=0.48 AD=0.47
05:57:07   invitro_sampling_no_metal_compact_svm: MCC=0.4323 [0.1671,0.6646] t=0.62 AD=0.47
05:57:09   invitro_sampling_no_metal_compact_logistic: MCC=0.4280 [0.1586,0.6676] t=0.34 AD=0.47
05:57:11   invitro_sampling_no_metal_compact_ann: MCC=0.5785 [0.3598,0.7791] t=0.24 AD=0.47
05:57:12   invitro_sampling_no_metal_broad_fp512_xgb: MCC=0.5823 [0.3642,0.7909] t=0.26 AD=0.47
05:57:16   invitro_sampling_no_metal_broad_fp512_lgbm: MCC=0.5812 [0.3486,0.8016] t=0.26 AD=0.47
05:57:20   invitro_sampling_no_metal_broad_fp512_rf: MCC=0.6232 [0.4136,0.8163] t=0.36 AD=0.47
05:57:21   invitro_sampling_no_metal_broad_fp512_svm: MCC=0.4351 [0.2006,0.6586] t=0.34 AD=0.47
05:57:24   invitro_sampling_no_metal_broad_fp512_logistic: MCC=0.2902 [0.0244,0.5180] t=0.12 AD=0.47
05:57:26   invitro_sampling_no_metal_broad_fp512_ann: MCC=0.4154 [0.2051,0.6308] t=0.14 AD=0.47
05:57:28   invitro_sampling_no_metal_broad_fp1024_xgb: MCC=0.6202 [0.3836,0.8196] t=0.52 AD=0.47
05:57:31   invitro_sampling_no_metal_broad_fp1024_lgbm: MCC=0.5814 [0.3511,0.7854] t=0.32 AD=0.47
05:57:35   invitro_sampling_no_metal_broad_fp1024_rf: MCC=0.6612 [0.4663,0.8490] t=0.32 AD=0.47
05:57:36   invitro_sampling_no_metal_broad_fp1024_svm: MCC=0.4788 [0.2517,0.7056] t=0.4 AD=0.47
05:57:40   invitro_sampling_no_metal_broad_fp1024_logistic: MCC=0.3177 [0.0682,0.5559] t=0.2 AD=0.47
05:57:41   invitro_sampling_no_metal_broad_fp1024_ann: MCC=0.3305 [0.0779,0.5492] t=0.44 AD=0.47
05:57:43   invitro_sampling_no_metal_broad_fp2048_xgb: MCC=0.6982 [0.5072,0.8867] t=0.46 AD=0.47
05:57:47   invitro_sampling_no_metal_broad_fp2048_lgbm: MCC=0.5058 [0.2594,0.7209] t=0.46 AD=0.47
05:57:51   invitro_sampling_no_metal_broad_fp2048_rf: MCC=0.6210 [0.4060,0.8120] t=0.48 AD=0.47
05:57:52   invitro_sampling_no_metal_broad_fp2048_svm: MCC=0.4336 [0.1857,0.6791] t=0.38 AD=0.47
05:57:55   invitro_sampling_no_metal_broad_fp2048_logistic: MCC=0.4116 [0.1645,0.6486] t=0.2 AD=0.47
05:57:57   invitro_sampling_no_metal_broad_fp2048_ann: MCC=0.4611 [0.2492,0.6883] t=0.24 AD=0.47
06:02:30   invitro_sampling_no_metal_graph_gnn: MCC=0.2258
06:02:30   salt_stripped: 309/345 SMILES changed
06:02:31   [invitro_sampling] FG features: 618 columns (smi_col=_analysis_smiles)
06:02:31   [invitro_sampling] Physchem features: 13 columns
06:02:31   [invitro_sampling] Fingerprint: 512 bits (smi_col=_analysis_smiles)
06:02:32   [invitro_sampling] Fingerprint: 1024 bits (smi_col=_analysis_smiles)
06:02:32   [invitro_sampling] Fingerprint: 2048 bits (smi_col=_analysis_smiles)
06:02:35   invitro_sampling_salt_stripped_compact_xgb: MCC=0.1318 [-0.0935,0.3727] t=0.38 AD=0.55
06:02:38   invitro_sampling_salt_stripped_compact_lgbm: MCC=0.3421 [0.1134,0.5682] t=0.2 AD=0.55
06:02:42   invitro_sampling_salt_stripped_compact_rf: MCC=0.3915 [0.1869,0.6011] t=0.58 AD=0.55
06:02:44   invitro_sampling_salt_stripped_compact_svm: MCC=0.3146 [0.0408,0.5367] t=0.48 AD=0.55
06:02:46   invitro_sampling_salt_stripped_compact_logistic: MCC=0.4614 [0.2228,0.6553] t=0.7 AD=0.55
06:02:47   invitro_sampling_salt_stripped_compact_ann: MCC=0.2907 [0.0562,0.5142] t=0.56 AD=0.55
06:02:49   invitro_sampling_salt_stripped_broad_fp512_xgb: MCC=0.3485 [0.1227,0.5856] t=0.1 AD=0.55
06:02:53   invitro_sampling_salt_stripped_broad_fp512_lgbm: MCC=0.3392 [0.0994,0.5757] t=0.2 AD=0.55
06:02:57   invitro_sampling_salt_stripped_broad_fp512_rf: MCC=0.3945 [0.1809,0.6197] t=0.3 AD=0.55
06:02:58   invitro_sampling_salt_stripped_broad_fp512_svm: MCC=0.3074 [0.0612,0.5563] t=0.34 AD=0.55
06:03:02   invitro_sampling_salt_stripped_broad_fp512_logistic: MCC=0.0564 [-0.1743,0.2717] t=0.1 AD=0.55
06:03:04   invitro_sampling_salt_stripped_broad_fp512_ann: MCC=0.2354 [-0.0061,0.4497] t=0.28 AD=0.55
06:03:06   invitro_sampling_salt_stripped_broad_fp1024_xgb: MCC=0.4061 [0.1796,0.6184] t=0.14 AD=0.55
06:03:10   invitro_sampling_salt_stripped_broad_fp1024_lgbm: MCC=0.3158 [0.1028,0.5429] t=0.16 AD=0.55
06:03:14   invitro_sampling_salt_stripped_broad_fp1024_rf: MCC=0.4026 [0.1862,0.6185] t=0.32 AD=0.55
06:03:15   invitro_sampling_salt_stripped_broad_fp1024_svm: MCC=0.3109 [0.0639,0.5244] t=0.42 AD=0.55
06:03:19   invitro_sampling_salt_stripped_broad_fp1024_logistic: MCC=0.1359 [-0.0902,0.3712] t=0.1 AD=0.55
06:03:21   invitro_sampling_salt_stripped_broad_fp1024_ann: MCC=0.3185 [0.0711,0.5126] t=0.4 AD=0.55
06:03:23   invitro_sampling_salt_stripped_broad_fp2048_xgb: MCC=0.2803 [0.0618,0.5104] t=0.16 AD=0.55
06:03:27   invitro_sampling_salt_stripped_broad_fp2048_lgbm: MCC=0.1874 [-0.0323,0.4187] t=0.12 AD=0.55
06:03:31   invitro_sampling_salt_stripped_broad_fp2048_rf: MCC=0.4692 [0.2671,0.6614] t=0.3 AD=0.55
06:03:32   invitro_sampling_salt_stripped_broad_fp2048_svm: MCC=0.3598 [0.1171,0.5778] t=0.42 AD=0.55
06:03:36   invitro_sampling_salt_stripped_broad_fp2048_logistic: MCC=0.1769 [-0.0633,0.3984] t=0.44 AD=0.55
06:03:38   invitro_sampling_salt_stripped_broad_fp2048_ann: MCC=0.3063 [0.0835,0.5208] t=0.14 AD=0.55
06:10:18   invitro_sampling_salt_stripped_graph_gnn: MCC=0.2351
06:10:18   [invivo_sampling] Pre-computing features...
06:10:19   [invivo_sampling] FG features: 618 columns (smi_col=_analysis_smiles)
06:10:19   [invivo_sampling] Physchem features: 13 columns
06:10:19   [invivo_sampling] Fingerprint: 512 bits (smi_col=_analysis_smiles)
06:10:19   [invivo_sampling] Fingerprint: 1024 bits (smi_col=_analysis_smiles)
06:10:20   [invivo_sampling] Fingerprint: 2048 bits (smi_col=_analysis_smiles)
06:10:35     SHAP failed: could not convert string to float: '[5E-1]'
06:10:35   invivo_sampling_raw_all_compact_xgb: MCC=0.8278 [0.6400,1.0000] t=0.26 AD=0.38 ★
06:10:38   invivo_sampling_raw_all_compact_lgbm: MCC=0.7288 [0.4945,0.9149] t=0.2 AD=0.38
06:10:43   invivo_sampling_raw_all_compact_rf: MCC=0.5764 [0.2391,0.8446] t=0.38 AD=0.38
06:10:44   invivo_sampling_raw_all_compact_svm: MCC=0.5052 [0.1736,0.7962] t=0.24 AD=0.38
06:10:46   invivo_sampling_raw_all_compact_logistic: MCC=0.4248 [0.0881,0.7215] t=0.6 AD=0.38
06:10:48   invivo_sampling_raw_all_compact_ann: MCC=0.3822 [0.0277,0.6753] t=0.22 AD=0.38
06:10:50   invivo_sampling_raw_all_broad_fp512_xgb: MCC=0.8287 [0.6341,1.0000] t=0.1 AD=0.38
06:10:53   invivo_sampling_raw_all_broad_fp512_lgbm: MCC=0.7711 [0.5088,0.9777] t=0.14 AD=0.38
06:10:57   invivo_sampling_raw_all_broad_fp512_rf: MCC=0.6344 [0.3406,0.8660] t=0.34 AD=0.38
06:10:58   invivo_sampling_raw_all_broad_fp512_svm: MCC=0.5780 [0.2928,0.8428] t=0.26 AD=0.38
06:11:01   invivo_sampling_raw_all_broad_fp512_logistic: MCC=0.4076 [0.1021,0.6884] t=0.14 AD=0.38
06:11:03   invivo_sampling_raw_all_broad_fp512_ann: MCC=0.2644 [-0.1066,0.5808] t=0.2 AD=0.38
06:11:05   invivo_sampling_raw_all_broad_fp1024_xgb: MCC=0.8321 [0.6443,1.0000] t=0.14 AD=0.38
06:11:08   invivo_sampling_raw_all_broad_fp1024_lgbm: MCC=0.7711 [0.5088,0.9777] t=0.1 AD=0.38
06:11:12   invivo_sampling_raw_all_broad_fp1024_rf: MCC=0.7590 [0.4787,0.9424] t=0.34 AD=0.38
06:11:13   invivo_sampling_raw_all_broad_fp1024_svm: MCC=0.4316 [0.0792,0.7329] t=0.12 AD=0.38
06:11:16   invivo_sampling_raw_all_broad_fp1024_logistic: MCC=0.2924 [-0.0497,0.6212] t=0.64 AD=0.38
06:11:18   invivo_sampling_raw_all_broad_fp1024_ann: MCC=0.4446 [0.0908,0.7329] t=0.2 AD=0.38
06:11:20   invivo_sampling_raw_all_broad_fp2048_xgb: MCC=0.8287 [0.6341,1.0000] t=0.26 AD=0.38
06:11:23   invivo_sampling_raw_all_broad_fp2048_lgbm: MCC=0.7142 [0.4512,0.9384] t=0.2 AD=0.38
06:11:27   invivo_sampling_raw_all_broad_fp2048_rf: MCC=0.6400 [0.3697,0.8602] t=0.36 AD=0.38
06:11:28   invivo_sampling_raw_all_broad_fp2048_svm: MCC=0.4943 [0.1524,0.7805] t=0.18 AD=0.38
06:11:31   invivo_sampling_raw_all_broad_fp2048_logistic: MCC=0.1102 [-0.1932,0.4216] t=0.34 AD=0.38
06:11:33   invivo_sampling_raw_all_broad_fp2048_ann: MCC=0.3540 [0.0673,0.6529] t=0.26 AD=0.38
06:17:33   invivo_sampling_raw_all_graph_gnn: MCC=0.4230
06:17:33   [invivo_sampling] FG features: 618 columns (smi_col=_analysis_smiles)
06:17:33   [invivo_sampling] Physchem features: 13 columns
06:17:33   [invivo_sampling] Fingerprint: 512 bits (smi_col=_analysis_smiles)
06:17:34   [invivo_sampling] Fingerprint: 1024 bits (smi_col=_analysis_smiles)
06:17:34   [invivo_sampling] Fingerprint: 2048 bits (smi_col=_analysis_smiles)
06:17:42   invivo_sampling_no_metal_compact_xgb: MCC=0.5295 [0.1969,0.8345] t=0.4 AD=0.26
06:18:00   invivo_sampling_no_metal_compact_lgbm: MCC=0.7012 [0.4031,0.9350] t=0.22 AD=0.26
06:18:04   invivo_sampling_no_metal_compact_rf: MCC=0.5418 [0.1413,0.8486] t=0.36 AD=0.26
06:18:05   invivo_sampling_no_metal_compact_svm: MCC=0.3771 [-0.0111,0.7072] t=0.46 AD=0.26
06:18:06   invivo_sampling_no_metal_compact_logistic: MCC=0.1979 [-0.1698,0.5538] t=0.3 AD=0.26
06:18:08   invivo_sampling_no_metal_compact_ann: MCC=0.0000 [0.0000,0.0000] t=0.24 AD=0.26
06:18:10   invivo_sampling_no_metal_broad_fp512_xgb: MCC=0.5366 [0.2209,0.8419] t=0.26 AD=0.26
06:18:13   invivo_sampling_no_metal_broad_fp512_lgbm: MCC=0.5554 [0.2279,0.8486] t=0.34 AD=0.26
06:18:16   invivo_sampling_no_metal_broad_fp512_rf: MCC=0.6951 [0.4498,0.9091] t=0.44 AD=0.26
06:18:18   invivo_sampling_no_metal_broad_fp512_svm: MCC=0.5258 [0.1860,0.8043] t=0.44 AD=0.26
06:18:20   invivo_sampling_no_metal_broad_fp512_logistic: MCC=0.2672 [-0.1095,0.6229] t=0.3 AD=0.26
06:18:22   invivo_sampling_no_metal_broad_fp512_ann: MCC=0.2000 [-0.1863,0.5641] t=0.32 AD=0.26
06:18:23   invivo_sampling_no_metal_broad_fp1024_xgb: MCC=0.6935 [0.4701,0.9295] t=0.26 AD=0.26
06:18:26   invivo_sampling_no_metal_broad_fp1024_lgbm: MCC=0.7076 [0.4726,0.9295] t=0.12 AD=0.26
06:18:30   invivo_sampling_no_metal_broad_fp1024_rf: MCC=0.7102 [0.4502,0.9295] t=0.38 AD=0.26
06:18:31   invivo_sampling_no_metal_broad_fp1024_svm: MCC=0.4483 [0.0711,0.7861] t=0.24 AD=0.26
06:18:34   invivo_sampling_no_metal_broad_fp1024_logistic: MCC=0.2060 [-0.1302,0.5623] t=0.36 AD=0.26
06:18:35   invivo_sampling_no_metal_broad_fp1024_ann: MCC=0.1879 [-0.1701,0.4868] t=0.18 AD=0.26
06:18:37   invivo_sampling_no_metal_broad_fp2048_xgb: MCC=0.7753 [0.5608,1.0000] t=0.14 AD=0.26
06:18:40   invivo_sampling_no_metal_broad_fp2048_lgbm: MCC=0.6293 [0.3025,0.8727] t=0.32 AD=0.26
06:18:43   invivo_sampling_no_metal_broad_fp2048_rf: MCC=0.7123 [0.4212,0.9295] t=0.26 AD=0.26
06:18:45   invivo_sampling_no_metal_broad_fp2048_svm: MCC=0.3902 [0.0330,0.7072] t=0.16 AD=0.26
06:18:47   invivo_sampling_no_metal_broad_fp2048_logistic: MCC=0.0959 [-0.2114,0.4327] t=0.32 AD=0.26
06:18:49   invivo_sampling_no_metal_broad_fp2048_ann: MCC=0.2342 [-0.1284,0.5530] t=0.16 AD=0.26
06:22:35   invivo_sampling_no_metal_graph_gnn: MCC=0.2354
06:22:35   salt_stripped: 208/231 SMILES changed
06:22:35   [invivo_sampling] FG features: 618 columns (smi_col=_analysis_smiles)
06:22:36   [invivo_sampling] Physchem features: 13 columns
06:22:36   [invivo_sampling] Fingerprint: 512 bits (smi_col=_analysis_smiles)
06:22:36   [invivo_sampling] Fingerprint: 1024 bits (smi_col=_analysis_smiles)
06:22:37   [invivo_sampling] Fingerprint: 2048 bits (smi_col=_analysis_smiles)
06:22:39   invivo_sampling_salt_stripped_compact_xgb: MCC=0.5258 [0.2182,0.7864] t=0.18 AD=0.40
06:22:42   invivo_sampling_salt_stripped_compact_lgbm: MCC=0.6496 [0.3672,0.8582] t=0.44 AD=0.40
06:22:46   invivo_sampling_salt_stripped_compact_rf: MCC=0.5055 [0.1449,0.7923] t=0.24 AD=0.40
06:22:47   invivo_sampling_salt_stripped_compact_svm: MCC=0.4277 [0.0000,0.6964] t=0.34 AD=0.40
06:22:49   invivo_sampling_salt_stripped_compact_logistic: MCC=0.2690 [-0.0857,0.5747] t=0.6 AD=0.40
06:22:51   invivo_sampling_salt_stripped_compact_ann: MCC=0.3012 [-0.0542,0.5947] t=0.22 AD=0.40
06:22:52   invivo_sampling_salt_stripped_broad_fp512_xgb: MCC=0.7120 [0.4368,0.9273] t=0.18 AD=0.40
06:22:56   invivo_sampling_salt_stripped_broad_fp512_lgbm: MCC=0.5185 [0.2039,0.7839] t=0.6 AD=0.40
06:22:59   invivo_sampling_salt_stripped_broad_fp512_rf: MCC=0.6452 [0.4055,0.8804] t=0.38 AD=0.40
06:23:01   invivo_sampling_salt_stripped_broad_fp512_svm: MCC=0.3234 [0.0000,0.6242] t=0.2 AD=0.40
06:23:04   invivo_sampling_salt_stripped_broad_fp512_logistic: MCC=0.3104 [-0.0556,0.6333] t=0.1 AD=0.40
06:23:05   invivo_sampling_salt_stripped_broad_fp512_ann: MCC=0.0726 [-0.2020,0.4061] t=0.2 AD=0.40
06:23:07   invivo_sampling_salt_stripped_broad_fp1024_xgb: MCC=0.7738 [0.5793,0.9456] t=0.16 AD=0.40
06:23:10   invivo_sampling_salt_stripped_broad_fp1024_lgbm: MCC=0.6496 [0.3672,0.8582] t=0.46 AD=0.40
06:23:14   invivo_sampling_salt_stripped_broad_fp1024_rf: MCC=0.5003 [0.1385,0.7814] t=0.4 AD=0.40
06:23:16   invivo_sampling_salt_stripped_broad_fp1024_svm: MCC=0.3475 [-0.0748,0.6267] t=0.22 AD=0.40
06:23:20   invivo_sampling_salt_stripped_broad_fp1024_logistic: MCC=0.0007 [-0.2577,0.3303] t=0.18 AD=0.40
06:23:21   invivo_sampling_salt_stripped_broad_fp1024_ann: MCC=0.2143 [-0.1297,0.5368] t=0.38 AD=0.40
06:23:23   invivo_sampling_salt_stripped_broad_fp2048_xgb: MCC=0.7738 [0.5793,0.9456] t=0.16 AD=0.40
06:23:26   invivo_sampling_salt_stripped_broad_fp2048_lgbm: MCC=0.7066 [0.4553,0.9193] t=0.36 AD=0.40
06:23:30   invivo_sampling_salt_stripped_broad_fp2048_rf: MCC=0.5003 [0.1385,0.7814] t=0.3 AD=0.40
06:23:32   invivo_sampling_salt_stripped_broad_fp2048_svm: MCC=0.1581 [-0.1481,0.5180] t=0.24 AD=0.40
06:23:35   invivo_sampling_salt_stripped_broad_fp2048_logistic: MCC=0.2181 [-0.1271,0.5774] t=0.28 AD=0.40
06:23:36   invivo_sampling_salt_stripped_broad_fp2048_ann: MCC=0.1748 [-0.1271,0.5281] t=0.2 AD=0.40
06:29:01   invivo_sampling_salt_stripped_graph_gnn: MCC=0.2711
06:29:01 STEP 5b: Statistical Comparisons
06:29:01   [ames] 21 pairwise comparisons saved
06:29:01   [invitro] 21 pairwise comparisons saved
06:29:01   [invivo] 21 pairwise comparisons saved
06:29:01   [invitro_sampling] 21 pairwise comparisons saved
06:29:01   [invivo_sampling] 21 pairwise comparisons saved
06:29:01   [ames] McNemar ames_raw_all_broad_fp512_xgb vs ames_raw_all_broad_fp2048_xgb: p=0.6323
06:29:01   [invivo] McNemar invivo_salt_stripped_broad_fp512_xgb vs invivo_raw_all_broad_fp512_xgb: p=0.6171
06:29:01   [invitro_sampling] McNemar invitro_sampling_no_metal_broad_fp2048_xgb vs invitro_sampling_no_metal_broad_fp1024_rf: p=1.0000
06:29:01   [invivo_sampling] McNemar invivo_sampling_raw_all_broad_fp1024_xgb vs invivo_sampling_raw_all_broad_fp512_xgb: p=0.4795
06:29:01 STEP 5c: Learning Curves
06:29:14   [ames] FG features: 618 columns (smi_col=_analysis_smiles)
06:29:18   [ames] Physchem features: 13 columns
06:29:22   [ames] Learning curve: 6 points
06:29:23   [invitro] FG features: 618 columns (smi_col=_analysis_smiles)
06:29:23   [invitro] Physchem features: 13 columns
06:29:25   [invitro] Learning curve: 6 points
06:29:25   salt_stripped: 1785/2153 SMILES changed
06:29:27   [invivo] FG features: 618 columns (smi_col=_analysis_smiles)
06:29:28   [invivo] Physchem features: 13 columns
06:29:30   [invivo] Learning curve: 6 points
06:29:30   [invitro_sampling] FG features: 618 columns (smi_col=_analysis_smiles)
06:29:30   [invitro_sampling] Physchem features: 13 columns
06:29:31   [invitro_sampling] Learning curve: 6 points
06:29:32   [invivo_sampling] FG features: 618 columns (smi_col=_analysis_smiles)
06:29:32   [invivo_sampling] Physchem features: 13 columns
06:29:33   [invivo_sampling] Learning curve: 6 points
06:29:33 STEP 6: LDO + Domain Analysis
06:29:41   [ames] FG features: 618 columns (smi_col=SMILES)
06:29:43   [ames] Physchem features: 13 columns
06:29:52   [ames] FG features: 618 columns (smi_col=SMILES)
06:29:56   [ames] Physchem features: 13 columns
06:30:07   [ames] FG features: 618 columns (smi_col=SMILES)
06:30:10   [ames] Physchem features: 13 columns
06:30:18   [ames] FG features: 618 columns (smi_col=SMILES)
06:30:21   [ames] Physchem features: 13 columns
06:30:23   LDO [xgb] drug→industrial: MCC=0.2341
06:30:23   LDO [xgb] industrial→drug: MCC=0.1222
06:30:31   [ames] FG features: 618 columns (smi_col=SMILES)
06:30:34   [ames] Physchem features: 13 columns
06:30:43   [ames] FG features: 618 columns (smi_col=SMILES)
06:30:46   [ames] Physchem features: 13 columns
06:30:58   [ames] FG features: 618 columns (smi_col=SMILES)
06:31:01   [ames] Physchem features: 13 columns
06:31:09   [ames] FG features: 618 columns (smi_col=SMILES)
06:31:12   [ames] Physchem features: 13 columns
06:31:14   LDO [lgbm] drug→industrial: MCC=0.2321
06:31:14   LDO [lgbm] industrial→drug: MCC=0.1340
06:31:22   [ames] FG features: 618 columns (smi_col=SMILES)
06:31:25   [ames] Physchem features: 13 columns
06:31:33   [ames] FG features: 618 columns (smi_col=SMILES)
06:31:36   [ames] Physchem features: 13 columns
06:31:48   [ames] FG features: 618 columns (smi_col=SMILES)
06:31:51   [ames] Physchem features: 13 columns
06:31:59   [ames] FG features: 618 columns (smi_col=SMILES)
06:32:02   [ames] Physchem features: 13 columns
06:32:05   LDO [rf] drug→industrial: MCC=0.2355
06:32:05   LDO [rf] industrial→drug: MCC=0.3251
06:32:05 
Checklist (12/12):
06:32:05   [✓] fixed_split
06:32:05   [✓] conflicts
06:32:05   [✓] domain_diagnosed
06:32:05   [✓] domain_ldo
06:32:05   [✓] cross_ep
06:32:05   [✓] cv_selection
06:32:05   [✓] salt_stripped_verified
06:32:05   [✓] statistical_tests
06:32:05   [✓] learning_curves
06:32:05   [✓] bootstrap_ci
06:32:05   [✓] ad_computed
06:32:05   [✓] calibration
06:32:05 
DONE in 73752s: C:\Users\Administrator\Documents\GitHub\Genotox_model\genotox_pipeline_v2\runs\20260327_100253_v12
